Archive member included to satisfy reference by file (symbol)

c:/program files (x86)/atmel/studio/7.0/toolchain/avr8/avr8-gnu-toolchain/bin/../lib/gcc/avr/5.4.0/../../../../avr/lib/avrxmega7\libm.a(addsf3.o)
                              RealMain.o (__subsf3)
c:/program files (x86)/atmel/studio/7.0/toolchain/avr8/avr8-gnu-toolchain/bin/../lib/gcc/avr/5.4.0/../../../../avr/lib/avrxmega7\libm.a(addsf3x.o)
                              c:/program files (x86)/atmel/studio/7.0/toolchain/avr8/avr8-gnu-toolchain/bin/../lib/gcc/avr/5.4.0/../../../../avr/lib/avrxmega7\libm.a(addsf3.o) (__addsf3x)
c:/program files (x86)/atmel/studio/7.0/toolchain/avr8/avr8-gnu-toolchain/bin/../lib/gcc/avr/5.4.0/../../../../avr/lib/avrxmega7\libm.a(cmpsf2.o)
                              RealMain.o (__eqsf2)
c:/program files (x86)/atmel/studio/7.0/toolchain/avr8/avr8-gnu-toolchain/bin/../lib/gcc/avr/5.4.0/../../../../avr/lib/avrxmega7\libm.a(divsf3.o)
                              RealMain.o (__divsf3)
c:/program files (x86)/atmel/studio/7.0/toolchain/avr8/avr8-gnu-toolchain/bin/../lib/gcc/avr/5.4.0/../../../../avr/lib/avrxmega7\libm.a(divsf3x.o)
                              c:/program files (x86)/atmel/studio/7.0/toolchain/avr8/avr8-gnu-toolchain/bin/../lib/gcc/avr/5.4.0/../../../../avr/lib/avrxmega7\libm.a(divsf3.o) (__divsf3x)
c:/program files (x86)/atmel/studio/7.0/toolchain/avr8/avr8-gnu-toolchain/bin/../lib/gcc/avr/5.4.0/../../../../avr/lib/avrxmega7\libm.a(fixsfdi.o)
                              TEC_Controller.o (__fixunssfdi)
c:/program files (x86)/atmel/studio/7.0/toolchain/avr8/avr8-gnu-toolchain/bin/../lib/gcc/avr/5.4.0/../../../../avr/lib/avrxmega7\libm.a(fixsfsi.o)
                              RealMain.o (__fixsfsi)
c:/program files (x86)/atmel/studio/7.0/toolchain/avr8/avr8-gnu-toolchain/bin/../lib/gcc/avr/5.4.0/../../../../avr/lib/avrxmega7\libm.a(fixunssfsi.o)
                              RealMain.o (__fixunssfsi)
c:/program files (x86)/atmel/studio/7.0/toolchain/avr8/avr8-gnu-toolchain/bin/../lib/gcc/avr/5.4.0/../../../../avr/lib/avrxmega7\libm.a(floatsisf.o)
                              RealMain.o (__floatunsisf)
c:/program files (x86)/atmel/studio/7.0/toolchain/avr8/avr8-gnu-toolchain/bin/../lib/gcc/avr/5.4.0/../../../../avr/lib/avrxmega7\libm.a(floatundisf.o)
                              TEC_Controller.o (__floatundisf)
c:/program files (x86)/atmel/studio/7.0/toolchain/avr8/avr8-gnu-toolchain/bin/../lib/gcc/avr/5.4.0/../../../../avr/lib/avrxmega7\libm.a(fp_cmp.o)
                              c:/program files (x86)/atmel/studio/7.0/toolchain/avr8/avr8-gnu-toolchain/bin/../lib/gcc/avr/5.4.0/../../../../avr/lib/avrxmega7\libm.a(cmpsf2.o) (__fp_cmp)
c:/program files (x86)/atmel/studio/7.0/toolchain/avr8/avr8-gnu-toolchain/bin/../lib/gcc/avr/5.4.0/../../../../avr/lib/avrxmega7\libm.a(fp_inf.o)
                              c:/program files (x86)/atmel/studio/7.0/toolchain/avr8/avr8-gnu-toolchain/bin/../lib/gcc/avr/5.4.0/../../../../avr/lib/avrxmega7\libm.a(addsf3x.o) (__fp_inf)
c:/program files (x86)/atmel/studio/7.0/toolchain/avr8/avr8-gnu-toolchain/bin/../lib/gcc/avr/5.4.0/../../../../avr/lib/avrxmega7\libm.a(fp_nan.o)
                              c:/program files (x86)/atmel/studio/7.0/toolchain/avr8/avr8-gnu-toolchain/bin/../lib/gcc/avr/5.4.0/../../../../avr/lib/avrxmega7\libm.a(addsf3x.o) (__fp_nan)
c:/program files (x86)/atmel/studio/7.0/toolchain/avr8/avr8-gnu-toolchain/bin/../lib/gcc/avr/5.4.0/../../../../avr/lib/avrxmega7\libm.a(fp_negdi.o)
                              c:/program files (x86)/atmel/studio/7.0/toolchain/avr8/avr8-gnu-toolchain/bin/../lib/gcc/avr/5.4.0/../../../../avr/lib/avrxmega7\libm.a(fixsfdi.o) (__fp_negdi)
c:/program files (x86)/atmel/studio/7.0/toolchain/avr8/avr8-gnu-toolchain/bin/../lib/gcc/avr/5.4.0/../../../../avr/lib/avrxmega7\libm.a(fp_pscA.o)
                              c:/program files (x86)/atmel/studio/7.0/toolchain/avr8/avr8-gnu-toolchain/bin/../lib/gcc/avr/5.4.0/../../../../avr/lib/avrxmega7\libm.a(addsf3x.o) (__fp_pscA)
c:/program files (x86)/atmel/studio/7.0/toolchain/avr8/avr8-gnu-toolchain/bin/../lib/gcc/avr/5.4.0/../../../../avr/lib/avrxmega7\libm.a(fp_pscB.o)
                              c:/program files (x86)/atmel/studio/7.0/toolchain/avr8/avr8-gnu-toolchain/bin/../lib/gcc/avr/5.4.0/../../../../avr/lib/avrxmega7\libm.a(addsf3x.o) (__fp_pscB)
c:/program files (x86)/atmel/studio/7.0/toolchain/avr8/avr8-gnu-toolchain/bin/../lib/gcc/avr/5.4.0/../../../../avr/lib/avrxmega7\libm.a(fp_round.o)
                              c:/program files (x86)/atmel/studio/7.0/toolchain/avr8/avr8-gnu-toolchain/bin/../lib/gcc/avr/5.4.0/../../../../avr/lib/avrxmega7\libm.a(addsf3.o) (__fp_round)
c:/program files (x86)/atmel/studio/7.0/toolchain/avr8/avr8-gnu-toolchain/bin/../lib/gcc/avr/5.4.0/../../../../avr/lib/avrxmega7\libm.a(fp_split3.o)
[...]
Memory Configuration

Name             Origin             Length             Attributes
text             0x00000000         0x00100000         xr
data             0x00802000         0x0000ffa0         rw !x
eeprom           0x00810000         0x00010000         rw !x
fuse             0x00820000         0x00000006         rw !x
lock             0x00830000         0x00000400         rw !x
signature        0x00840000         0x00000400         rw !x
user_signatures  0x00850000         0x00000400         rw !x
*default*        0x00000000         0xffffffff

Linker script and memory map

LOAD C:/Program Files (x86)/Atmel/Studio/7.0/Packs/atmel/XMEGAA_DFP/1.1.68/gcc/dev/atxmega128a1u/avrxmega7/crtatxmega128a1u.o
LOAD ADC_Wrapper.o
LOAD NVM_wrapper.o
LOAD RealMain.o
LOAD RTC_Wrapper.o
LOAD RTD_Wrapper.o
LOAD SPI_Wrapper.o
LOAD WDT_wrapper.o
LOAD src/ASF/common/drivers/nvm/xmega/xmega_nvm.o
LOAD src/ASF/common/services/hugemem/avr8/avr8_hugemem.o
LOAD src/ASF/common/services/usb/class/cdc/device/udi_cdc.o
LOAD src/ASF/common/services/usb/class/cdc/device/udi_cdc_desc.o
LOAD src/ASF/common/services/usb/udc/udc.o
LOAD src/ASF/xmega/drivers/dma/dma.o
LOAD src/ASF/xmega/drivers/rtc/rtc.o
LOAD src/ASF/xmega/drivers/usb/usb_device.o
LOAD TEC_Controller.o
LOAD TempPIDControl.o
LOAD USB_Wrapper.o
LOAD src/ASF/common/services/spi/xmega_spi/spi_master.o
LOAD src/ASF/xmega/drivers/spi/spi.o
LOAD src/ASF/xmega/drivers/adc/adc.o
LOAD StepperMotor.o
LOAD src/ASF/xmega/drivers/adc/xmega_aau/adc_aau.o
LOAD src/ASF/common/services/sleepmgr/xmega/sleepmgr.o
LOAD src/ASF/common/services/ioport/xmega/ioport_compat.o
LOAD src/ASF/common/services/clock/xmega/sysclk.o
LOAD src/ASF/xmega/drivers/nvm/nvm.o
LOAD src/ASF/xmega/drivers/tc/tc.o
LOAD src/ASF/xmega/drivers/wdt/wdt.o
LOAD src/ASF/xmega/services/pwm/pwm.o
LOAD src/ASF/xmega/drivers/nvm/nvm_asm.o
LOAD src/ASF/xmega/drivers/cpu/ccp.o
LOAD src/ASF/common/boards/user_board/init.o
LOAD src/main.o
START GROUP
LOAD c:/program files (x86)/atmel/studio/7.0/toolchain/avr8/avr8-gnu-toolchain/bin/../lib/gcc/avr/5.4.0/../../../../avr/lib/avrxmega7\libm.a
END GROUP
START GROUP
LOAD c:/program files (x86)/atmel/studio/7.0/toolchain/avr8/avr8-gnu-toolchain/bin/../lib/gcc/avr/5.4.0/avrxmega7\libgcc.a
LOAD c:/program files (x86)/atmel/studio/7.0/toolchain/avr8/avr8-gnu-toolchain/bin/../lib/gcc/avr/5.4.0/../../../../avr/lib/avrxmega7\libm.a
LOAD c:/program files (x86)/atmel/studio/7.0/toolchain/avr8/avr8-gnu-toolchain/bin/../lib/gcc/avr/5.4.0/../../../../avr/lib/avrxmega7\libc.a
LOAD C:/Program Files (x86)/Atmel/Studio/7.0/Packs/atmel/XMEGAA_DFP/1.1.68/gcc/dev/atxmega128a1u/avrxmega7\libatxmega128a1u.a
END GROUP
                0x00100000                __TEXT_REGION_LENGTH__ = DEFINED (__TEXT_REGION_LENGTH__)?__TEXT_REGION_LENGTH__:0x100000
                0x0000ffa0                __DATA_REGION_LENGTH__ = DEFINED (__DATA_REGION_LENGTH__)?__DATA_REGION_LENGTH__:0xffa0
                0x00010000                __EEPROM_REGION_LENGTH__ = DEFINED (__EEPROM_REGION_LENGTH__)?__EEPROM_REGION_LENGTH__:0x10000
                [0x00000006]                __FUSE_REGION_LENGTH__ = DEFINED (__FUSE_REGION_LENGTH__)?__FUSE_REGION_LENGTH__:0x400
                0x00000400                __LOCK_REGION_LENGTH__ = DEFINED (__LOCK_REGION_LENGTH__)?__LOCK_REGION_LENGTH__:0x400
                0x00000400                __SIGNATURE_REGION_LENGTH__ = DEFINED (__SIGNATURE_REGION_LENGTH__)?__SIGNATURE_REGION_LENGTH__:0x400
                0x00000400                __USER_SIGNATURE_REGION_LENGTH__ = DEFINED (__USER_SIGNATURE_REGION_LENGTH__)?__USER_SIGNATURE_REGION_LENGTH__:0x400

.hash
 *(.hash)

.dynsym
 *(.dynsym)

.dynstr
 *(.dynstr)

.gnu.version
 *(.gnu.version)

.gnu.version_d
 *(.gnu.version_d)

.gnu.version_r
 *(.gnu.version_r)

.rel.init
 *(.rel.init)

.rela.init
 *(.rela.init)

.rel.text
 *(.rel.text)
 *(.rel.text.*)
 *(.rel.gnu.linkonce.t*)

.rela.text
 *(.rela.text)
 *(.rela.text.*)
 *(.rela.gnu.linkonce.t*)

.rel.fini
 *(.rel.fini)

.rela.fini
 *(.rela.fini)

.rel.rodata
 *(.rel.rodata)
 *(.rel.rodata.*)
 *(.rel.gnu.linkonce.r*)

.rela.rodata
 *(.rela.rodata)
 *(.rela.rodata.*)
 *(.rela.gnu.linkonce.r*)

.rel.data
 *(.rel.data)
 *(.rel.data.*)
 *(.rel.gnu.linkonce.d*)

.rela.data
 *(.rela.data)
 *(.rela.data.*)
 *(.rela.gnu.linkonce.d*)

.rel.ctors
 *(.rel.ctors)

.rela.ctors
 *(.rela.ctors)

.rel.dtors
 *(.rel.dtors)

.rela.dtors
 *(.rela.dtors)

.rel.got
 *(.rel.got)

.rela.got
 *(.rela.got)

.rel.bss
 *(.rel.bss)

.rela.bss
 *(.rela.bss)

.rel.plt
 *(.rel.plt)

.rela.plt
 *(.rela.plt)

.text           0x00000000    0x17470
 *(.vectors)
 .vectors       0x00000000      0x1fc C:/Program Files (x86)/Atmel/Studio/7.0/Packs/atmel/XMEGAA_DFP/1.1.68/gcc/dev/atxmega128a1u/avrxmega7/crtatxmega128a1u.o
                0x00000000                __vector_default
                0x00000000                __vectors
 *(.vectors)
 *(.progmem.gcc*)
 .progmem.gcc_sw_table.handle_received_USB_cmd
                0x000001fc       0x2e RealMain.o
 .progmem.gcc_sw_table.handle_LEDs
                0x0000022a        0xe RealMain.o
 .progmem.gcc_sw_table.udd_ep_get_size
                0x00000238        0xe src/ASF/xmega/drivers/usb/usb_device.o
 .progmem.gcc_sw_table.pwm_init
                0x00000246       0x10 src/ASF/xmega/services/pwm/pwm.o
                0x00000256                . = ALIGN (0x2)
                0x00000256                __trampolines_start = .
 *(.trampolines)
 .trampolines   0x00000256        0x0 linker stubs
 *(.trampolines*)
                0x00000256                __trampolines_end = .
 *libprintf_flt.a:*(.progmem.data)
 *libc.a:*(.progmem.data)
 .progmem.data  0x00000256       0x3b c:/program files (x86)/atmel/studio/7.0/toolchain/avr8/avr8-gnu-toolchain/bin/../lib/gcc/avr/5.4.0/../../../../avr/lib/avrxmega7\libc.a(strtod.o)
 *(.progmem*)
 .progmem.data.thermSensorLUT
                0x00000291     0x1e48 RealMain.o
 .progmem.data.RTDSensorLUT
                0x000020d9     0x31bc RealMain.o
 .progmem.data.PIDLUT
                0x00005295       0xa0 RealMain.o
                0x00005336                . = ALIGN (0x2)
 *fill*         0x00005335        0x1 
 *(.jumptables)
 *(.jumptables*)
 *(.lowtext)
 *(.lowtext*)
                0x00005336                __ctors_start = .
 *(.ctors)
                0x00005336                __ctors_end = .
                0x00005336                __dtors_start = .
 *(.dtors)
                0x00005336                __dtors_end = .
 SORT(*)(.ctors)
 SORT(*)(.dtors)
 *(.init0)
 .init0         0x00005336        0x0 C:/Program Files (x86)/Atmel/Studio/7.0/Packs/atmel/XMEGAA_DFP/1.1.68/gcc/dev/atxmega128a1u/avrxmega7/crtatxmega128a1u.o
                0x00005336                __init
 *(.init0)
 *(.init1)
 *(.init1)
 *(.init2)
 .init2         0x00005336       0x18 C:/Program Files (x86)/Atmel/Studio/7.0/Packs/atmel/XMEGAA_DFP/1.1.68/gcc/dev/atxmega128a1u/avrxmega7/crtatxmega128a1u.o
 *(.init2)
 *(.init3)
 *(.init3)
 *(.init4)
 .init4         0x0000534e       0x1c c:/program files (x86)/atmel/studio/7.0/toolchain/avr8/avr8-gnu-toolchain/bin/../lib/gcc/avr/5.4.0/avrxmega7\libgcc.a(_copy_data.o)
                0x0000534e                __do_copy_data
 .init4         0x0000536a       0x10 c:/program files (x86)/atmel/studio/7.0/toolchain/avr8/avr8-gnu-toolchain/bin/../lib/gcc/avr/5.4.0/avrxmega7\libgcc.a(_clear_bss.o)
                0x0000536a                __do_clear_bss
 *(.init4)
 *(.init5)
 *(.init5)
 *(.init6)
 *(.init6)
 *(.init7)
 *(.init7)
 *(.init8)
 *(.init8)
 *(.init9)
 .init9         0x0000537a        0x8 C:/Program Files (x86)/Atmel/Studio/7.0/Packs/atmel/XMEGAA_DFP/1.1.68/gcc/dev/atxmega128a1u/avrxmega7/crtatxmega128a1u.o
 *(.init9)
 *(.text)
 .text          0x00005382        0x4 C:/Program Files (x86)/Atmel/Studio/7.0/Packs/atmel/XMEGAA_DFP/1.1.68/gcc/dev/atxmega128a1u/avrxmega7/crtatxmega128a1u.o
                0x00005382                __vector_38
                0x00005382                __vector_104
                0x00005382                __vector_63
                0x00005382                __vector_28
                0x00005382                __vector_67
                0x00005382                __vector_1
                0x00005382                __vector_119
                0x00005382                __vector_32
                0x00005382                __vector_75
                0x00005382                __vector_91
                0x00005382                __vector_62
                0x00005382                __vector_102
                0x00005382                __vector_24
                0x00005382                __vector_12
                0x00005382                __vector_69
                0x00005382                __vector_90
                0x00005382                __vector_46
                0x00005382                __bad_interrupt
                0x00005382                __vector_122
                0x00005382                __vector_31
                0x00005382                __vector_92
                0x00005382                __vector_35
                0x00005382                __vector_107
                0x00005382                __vector_3
                0x00005382                __vector_105
                0x00005382                __vector_98
                0x00005382                __vector_68
                0x00005382                __vector_30
                0x00005382                __vector_45
                0x00005382                __vector_25
                0x00005382                __vector_93
                0x00005382                __vector_61
                0x00005382                __vector_99
                0x00005382                __vector_13
                0x00005382                __vector_123
                0x00005382                __vector_100
                0x00005382                __vector_101
                0x00005382                __vector_64
                0x00005382                __vector_88
                0x00005382                __vector_43
                0x00005382                __vector_27
                0x00005382                __vector_5
                0x00005382                __vector_33
                0x00005382                __vector_76
                0x00005382                __vector_37
                0x00005382                __vector_95
                0x00005382                __vector_103
                0x00005382                __vector_96
                0x00005382                __vector_89
                0x00005382                __vector_4
                0x00005382                __vector_44
                0x00005382                __vector_106
                0x00005382                __vector_118
                0x00005382                __vector_66
                0x00005382                __vector_36
                0x00005382                __vector_58
                0x00005382                __vector_70
                0x00005382                __vector_29
                0x00005382                __vector_60
                0x00005382                __vector_121
                0x00005382                __vector_94
                0x00005382                __vector_26
                0x00005382                __vector_124
                0x00005382                __vector_57
                0x00005382                __vector_59
                0x00005382                __vector_97
                0x00005382                __vector_87
                0x00005382                __vector_65
                0x00005382                __vector_120
                0x00005386                . = ALIGN (0x2)
 *(.text.*)
 .text.osc_get_rate
                0x00005386       0x6a ADC_Wrapper.o
 .text.pll_get_default_rate_priv
                0x000053f0       0xa4 ADC_Wrapper.o
 .text.sysclk_get_main_hz
                0x00005494       0x22 ADC_Wrapper.o
 .text.sysclk_get_per4_hz
                0x000054b6       0x32 ADC_Wrapper.o
 .text.sysclk_get_per2_hz
                0x000054e8       0x18 ADC_Wrapper.o
 .text.sysclk_get_per_hz
                0x00005500       0x18 ADC_Wrapper.o
 .text.adc_set_clock_rate
                0x00005518       0xca ADC_Wrapper.o
 .text.adc_set_conversion_parameters
                0x000055e2       0x7e ADC_Wrapper.o
 .text.adc_set_conversion_trigger
                0x00005660      0x194 ADC_Wrapper.o
 .text.adcch_get_gain_setting
                0x000057f4       0x8a ADC_Wrapper.o
 .text.adcch_set_input
                0x0000587e      0x158 ADC_Wrapper.o
 .text.init_ADC
                0x000059d6       0xe6 ADC_Wrapper.o
                0x000059d6                init_ADC
 .text.init_NVM
                0x00005abc       0x16 NVM_wrapper.o
                0x00005abc                init_NVM
 .text.write_to_NVM
                0x00005ad2       0x64 NVM_wrapper.o
                0x00005ad2                write_to_NVM
 .text.read_from_NVM
                0x00005b36       0x64 NVM_wrapper.o
                0x00005b36                read_from_NVM
 .text.cpu_irq_save
                0x00005b9a       0x20 RealMain.o
 .text.cpu_irq_restore
                0x00005bba       0x20 RealMain.o
 .text.pmic_init
                0x00005bda       0x1a RealMain.o
 .text.dma_channel_enable
                0x00005bf4       0x50 RealMain.o
 .text.dma_channel_set_burst_length
                0x00005c44       0x48 RealMain.o
 .text.dma_channel_set_src_reload_mode
                0x00005c8c       0x48 RealMain.o
 .text.dma_channel_set_dest_reload_mode
                0x00005cd4       0x48 RealMain.o
 .text.dma_channel_set_src_dir_mode
                0x00005d1c       0x48 RealMain.o
 .text.dma_channel_set_dest_dir_mode
                0x00005d64       0x48 RealMain.o
 .text.dma_channel_set_trigger_source
                0x00005dac       0x28 RealMain.o
 .text.dma_channel_set_transfer_count
                0x00005dd4       0x30 RealMain.o
 .text.dma_channel_set_repeats
                0x00005e04       0x3c RealMain.o
 .text.dma_channel_set_destination_address
                0x00005e40       0x30 RealMain.o
 .text.dma_channel_set_source_address
                0x00005e70       0x30 RealMain.o
 .text.ioport_configure_pin
                0x00005ea0       0x7a RealMain.o
 .text.ioport_set_pin_low
                0x00005f1a       0xaa RealMain.o
 .text.ioport_set_pin_high
                0x00005fc4       0xac RealMain.o
 .text.ioport_init
                0x00006070       0x10 RealMain.o
 .text.ioport_set_pin_dir
                0x00006080       0xb4 RealMain.o
 .text.ioport_get_pin_level
                0x00006134       0x80 RealMain.o
 .text.tc_set_overflow_interrupt_level
                0x000061b4       0x48 RealMain.o
 .text.tc_set_cca_interrupt_level
                0x000061fc       0x48 RealMain.o
 .text.tc_set_ccb_interrupt_level
                0x00006244       0x56 RealMain.o
 .text.tc_write_clock_source
                0x0000629a       0x38 RealMain.o
 .text.tc_write_period
                0x000062d2       0x30 RealMain.o
 .text.tc_clear_overflow
                0x00006302       0x30 RealMain.o
 .text.tc_enable_cc_channels
                0x00006332       0x68 RealMain.o
 .text.tc_write_cc
                0x0000639a       0xd4 RealMain.o
 .text.tc_set_wgm
                0x0000646e       0x38 RealMain.o
 .text.__vector_34
                0x000064a6       0xbe RealMain.o
                0x000064a6                __vector_34
 .text.__vector_2
                0x00006564       0x50 RealMain.o
                0x00006564                __vector_2
 .text.sys_clk_overflow_callback
                0x000065b4      0x1ec RealMain.o
 .text.heater_cc_overflow_callback
                0x000067a0       0x1c RealMain.o
 .text.fan_cc_overflow_callback
                0x000067bc       0x1c RealMain.o
 .text.heater_timer_overflow_callback
                0x000067d8       0x28 RealMain.o
 .text.rod_position_timer_overflow_callback
                0x00006800       0xa6 RealMain.o
 .text.mixer_timer_overflow_callback
                0x000068a6       0xa6 RealMain.o
 .text.lower_mixer_timer_overflow_callback
                0x0000694c       0xa6 RealMain.o
 .text.pump_timer_overflow_callback
                0x000069f2       0xa6 RealMain.o
 .text.real_main
                0x00006a98      0x310 RealMain.o
                0x00006a98                real_main
 .text.init_IO  0x00006da8      0x128 RealMain.o
                0x00006da8                init_IO
 .text.init_motor_structs
                0x00006ed0      0x1de RealMain.o
                0x00006ed0                init_motor_structs
 .text.init_steppers_SPI_control
                0x000070ae      0x4d0 RealMain.o
                0x000070ae                init_steppers_SPI_control
 .text.init_sys_timer
                0x0000757e       0x4e RealMain.o
                0x0000757e                init_sys_timer
 .text.init_heater_timer
                0x000075cc       0x7c RealMain.o
                0x000075cc                init_heater_timer
 .text.init_fan_timer
                0x00007648       0x3e RealMain.o
                0x00007648                init_fan_timer
 .text.parse_received_USB_msg
                0x00007686      0x508 RealMain.o
                0x00007686                parse_received_USB_msg
 .text.check_cmd_type
                0x00007b8e       0xdc RealMain.o
                0x00007b8e                check_cmd_type
 .text.convert_cmd_str_to_char
                0x00007c6a      0x158 RealMain.o
                0x00007c6a                convert_cmd_str_to_char
 .text.convert_msg_data_to_num
                0x00007dc2       0x2a RealMain.o
                0x00007dc2                convert_msg_data_to_num
 .text.convert_int_to_string
                0x00007dec       0x38 RealMain.o
                0x00007dec                convert_int_to_string
 .text.convert_float_to_string
                0x00007e24      0x24a RealMain.o
                0x00007e24                convert_float_to_string
 .text.convert_received_motor_to_index
                0x0000806e       0x4e RealMain.o
                0x0000806e                convert_received_motor_to_index
 .text.check_motor_index
                0x000080bc       0x20 RealMain.o
                0x000080bc                check_motor_index
 .text.handle_received_USB_cmd
                0x000080dc     0x27a2 RealMain.o
                0x000080dc                handle_received_USB_cmd
 .text.check_received_data_limits
                0x0000a87e       0x78 RealMain.o
                0x0000a87e                check_received_data_limits
 .text.calc_temp_from_ADC_reading
                0x0000a8f6       0xd6 RealMain.o
                0x0000a8f6                calc_temp_from_ADC_reading
 .text.calc_temp_from_RTD_reading
                0x0000a9cc       0xb2 RealMain.o
                0x0000a9cc                calc_temp_from_RTD_reading
 .text.clear_receivedUSBMsg
                0x0000aa7e       0xb2 RealMain.o
                0x0000aa7e                clear_receivedUSBMsg
 .text.flush_USB_rx_buffer
                0x0000ab30       0x32 RealMain.o
                0x0000ab30                flush_USB_rx_buffer
 .text.flush_USB_tx_buffer
                0x0000ab62       0x32 RealMain.o
                0x0000ab62                flush_USB_tx_buffer
 .text.handle_LEDs
                0x0000ab94      0x2c0 RealMain.o
                0x0000ab94                handle_LEDs
 .text.handle_temp_PID
                0x0000ae54      0x2e4 RealMain.o
                0x0000ae54                handle_temp_PID
 .text.handle_pump
                0x0000b138       0x60 RealMain.o
                0x0000b138                handle_pump
 .text.handle_fan
                0x0000b198       0x3c RealMain.o
                0x0000b198                handle_fan
 .text.get_closest_LUT_index
                0x0000b1d4       0x6a RealMain.o
                0x0000b1d4                get_closest_LUT_index
 .text.handle_heater_adj
                0x0000b23e      0x18e RealMain.o
                0x0000b23e                handle_heater_adj
 .text.calc_heater_adj
                0x0000b3cc       0xcc RealMain.o
                0x0000b3cc                calc_heater_adj
 .text.handle_TEC
                0x0000b498      0x180 RealMain.o
                0x0000b498                handle_TEC
 .text.reset_blink_time_LED
                0x0000b618       0x20 RealMain.o
                0x0000b618                reset_blink_time_LED
 .text.calc_buff_average
                0x0000b638       0xc8 RealMain.o
                0x0000b638                calc_buff_average
 .text.init_DMA
                0x0000b700      0x1d2 RealMain.o
                0x0000b700                init_DMA
 .text.init_RTD_sensor
                0x0000b8d2       0x2a RTD_Wrapper.o
                0x0000b8d2                init_RTD_sensor
 .text.get_RTD_sensor_reading
                0x0000b8fc       0xa6 RTD_Wrapper.o
                0x0000b8fc                get_RTD_sensor_reading
 .text.ioport_configure_pin
                0x0000b9a2       0x7a SPI_Wrapper.o
 .text.spi_enable
                0x0000ba1c       0x30 SPI_Wrapper.o
 .text.spi_get  0x0000ba4c       0x22 SPI_Wrapper.o
 .text.spi_read_single
                0x0000ba6e       0x32 SPI_Wrapper.o
 .text.init_SPI_IO
                0x0000baa0       0x70 SPI_Wrapper.o
                0x0000baa0                init_SPI_IO
 .text.init_SPI
                0x0000bb10       0x8a SPI_Wrapper.o
                0x0000bb10                init_SPI
 .text.select_SPI_device
                0x0000bb9a       0x52 SPI_Wrapper.o
                0x0000bb9a                select_SPI_device
 .text.deselect_SPI_device
                0x0000bbec       0x4a SPI_Wrapper.o
                0x0000bbec                deselect_SPI_device
 .text.send_msg
                0x0000bc36       0x48 SPI_Wrapper.o
                0x0000bc36                send_msg
 .text.read_msg
                0x0000bc7e       0x66 SPI_Wrapper.o
                0x0000bc7e                read_msg
 .text.enable_WDT
                0x0000bce4       0x14 WDT_wrapper.o
                0x0000bce4                enable_WDT
 .text.disable_WDT
                0x0000bcf8       0x14 WDT_wrapper.o
                0x0000bcf8                disable_WDT
 .text.set_WDT_timeout
                0x0000bd0c       0x1c WDT_wrapper.o
                0x0000bd0c                set_WDT_timeout
 .text.reset_WDT
                0x0000bd28       0x12 WDT_wrapper.o
                0x0000bd28                reset_WDT
 .text.nvm_init
                0x0000bd3a       0x26 src/ASF/common/drivers/nvm/xmega/xmega_nvm.o
                0x0000bd3a                nvm_init
 .text.nvm_read
                0x0000bd60       0xa4 src/ASF/common/drivers/nvm/xmega/xmega_nvm.o
                0x0000bd60                nvm_read
 .text.nvm_write
                0x0000be04       0xa8 src/ASF/common/drivers/nvm/xmega/xmega_nvm.o
                0x0000be04                nvm_write
 .text.cpu_irq_save
                0x0000beac       0x20 src/ASF/common/services/usb/class/cdc/device/udi_cdc.o
 .text.cpu_irq_restore
                0x0000becc       0x20 src/ASF/common/services/usb/class/cdc/device/udi_cdc.o
 .text.udi_cdc_comm_enable
                0x0000beec      0x1c8 src/ASF/common/services/usb/class/cdc/device/udi_cdc.o
                0x0000beec                udi_cdc_comm_enable
 .text.udi_cdc_data_enable
                0x0000c0b4      0x116 src/ASF/common/services/usb/class/cdc/device/udi_cdc.o
                0x0000c0b4                udi_cdc_data_enable
 .text.udi_cdc_comm_disable
                0x0000c1ca       0x1a src/ASF/common/services/usb/class/cdc/device/udi_cdc.o
                0x0000c1ca                udi_cdc_comm_disable
 .text.udi_cdc_data_disable
                0x0000c1e4       0x2c src/ASF/common/services/usb/class/cdc/device/udi_cdc.o
                0x0000c1e4                udi_cdc_data_disable
 .text.udi_cdc_comm_setup
                0x0000c210      0x100 src/ASF/common/services/usb/class/cdc/device/udi_cdc.o
                0x0000c210                udi_cdc_comm_setup
 .text.udi_cdc_data_setup
                0x0000c310       0x10 src/ASF/common/services/usb/class/cdc/device/udi_cdc.o
                0x0000c310                udi_cdc_data_setup
 .text.udi_cdc_getsetting
                0x0000c320       0x10 src/ASF/common/services/usb/class/cdc/device/udi_cdc.o
                0x0000c320                udi_cdc_getsetting
 .text.udi_cdc_data_sof_notify
                0x0000c330       0x16 src/ASF/common/services/usb/class/cdc/device/udi_cdc.o
                0x0000c330                udi_cdc_data_sof_notify
 .text.udi_cdc_setup_to_port
                0x0000c346       0x2a src/ASF/common/services/usb/class/cdc/device/udi_cdc.o
 .text.udi_cdc_line_coding_received
                0x0000c370       0x18 src/ASF/common/services/usb/class/cdc/device/udi_cdc.o
 .text.udi_cdc_rx_start
                0x0000c388      0x12c src/ASF/common/services/usb/class/cdc/device/udi_cdc.o
 .text.udi_cdc_data_received
                0x0000c4b4       0xdc src/ASF/common/services/usb/class/cdc/device/udi_cdc.o
 .text.udi_cdc_data_sent
                0x0000c590       0x96 src/ASF/common/services/usb/class/cdc/device/udi_cdc.o
 .text.udi_cdc_tx_send
                0x0000c626      0x264 src/ASF/common/services/usb/class/cdc/device/udi_cdc.o
 .text.udi_cdc_multi_get_nb_received_data
                0x0000c88a       0x7e src/ASF/common/services/usb/class/cdc/device/udi_cdc.o
                0x0000c88a                udi_cdc_multi_get_nb_received_data
 .text.udi_cdc_get_nb_received_data
                0x0000c908       0x12 src/ASF/common/services/usb/class/cdc/device/udi_cdc.o
                0x0000c908                udi_cdc_get_nb_received_data
 .text.udi_cdc_multi_is_rx_ready
                0x0000c91a       0x22 src/ASF/common/services/usb/class/cdc/device/udi_cdc.o
                0x0000c91a                udi_cdc_multi_is_rx_ready
 .text.udi_cdc_is_rx_ready
                0x0000c93c       0x12 src/ASF/common/services/usb/class/cdc/device/udi_cdc.o
                0x0000c93c                udi_cdc_is_rx_ready
 .text.udi_cdc_multi_getc
                0x0000c94e      0x148 src/ASF/common/services/usb/class/cdc/device/udi_cdc.o
                0x0000c94e                udi_cdc_multi_getc
 .text.udi_cdc_getc
                0x0000ca96       0x12 src/ASF/common/services/usb/class/cdc/device/udi_cdc.o
                0x0000ca96                udi_cdc_getc
 .text.udi_cdc_multi_get_free_tx_buffer
                0x0000caa8       0xd6 src/ASF/common/services/usb/class/cdc/device/udi_cdc.o
                0x0000caa8                udi_cdc_multi_get_free_tx_buffer
 .text.udi_cdc_multi_is_tx_ready
                0x0000cb7e       0x22 src/ASF/common/services/usb/class/cdc/device/udi_cdc.o
                0x0000cb7e                udi_cdc_multi_is_tx_ready
 .text.udi_cdc_multi_putc
                0x0000cba0      0x11a src/ASF/common/services/usb/class/cdc/device/udi_cdc.o
                0x0000cba0                udi_cdc_multi_putc
 .text.udi_cdc_putc
                0x0000ccba       0x24 src/ASF/common/services/usb/class/cdc/device/udi_cdc.o
                0x0000ccba                udi_cdc_putc
 .text.udc_get_string_serial_name
                0x0000ccde       0x12 src/ASF/common/services/usb/udc/udc.o
 .text.udc_get_eof_conf
                0x0000ccf0       0x34 src/ASF/common/services/usb/udc/udc.o
 .text.udc_next_desc_in_iface
                0x0000cd24       0x8e src/ASF/common/services/usb/udc/udc.o
 .text.udc_update_iface_desc
                0x0000cdb2       0xd2 src/ASF/common/services/usb/udc/udc.o
 .text.udc_iface_disable
                0x0000ce84       0xb8 src/ASF/common/services/usb/udc/udc.o
 .text.udc_iface_enable
                0x0000cf3c       0xac src/ASF/common/services/usb/udc/udc.o
 .text.udc_start
                0x0000cfe8       0x14 src/ASF/common/services/usb/udc/udc.o
                0x0000cfe8                udc_start
 .text.udc_reset
                0x0000cffc       0x4e src/ASF/common/services/usb/udc/udc.o
                0x0000cffc                udc_reset
 .text.udc_sof_notify
                0x0000d04a       0x96 src/ASF/common/services/usb/udc/udc.o
                0x0000d04a                udc_sof_notify
 .text.udc_req_std_dev_get_status
                0x0000d0e0       0x2c src/ASF/common/services/usb/udc/udc.o
 .text.udc_req_std_ep_get_status
                0x0000d10c       0x44 src/ASF/common/services/usb/udc/udc.o
 .text.udc_req_std_dev_clear_feature
                0x0000d150       0x42 src/ASF/common/services/usb/udc/udc.o
 .text.udc_req_std_ep_clear_feature
                0x0000d192       0x3a src/ASF/common/services/usb/udc/udc.o
 .text.udc_req_std_dev_set_feature
                0x0000d1cc       0x32 src/ASF/common/services/usb/udc/udc.o
 .text.udc_req_std_ep_set_feature
                0x0000d1fe       0x46 src/ASF/common/services/usb/udc/udc.o
 .text.udc_valid_address
                0x0000d244       0x1e src/ASF/common/services/usb/udc/udc.o
 .text.udc_req_std_dev_set_address
                0x0000d262       0x2c src/ASF/common/services/usb/udc/udc.o
 .text.udc_req_std_dev_get_str_desc
                0x0000d28e       0xb2 src/ASF/common/services/usb/udc/udc.o
 .text.udc_req_std_dev_get_descriptor
                0x0000d340      0x148 src/ASF/common/services/usb/udc/udc.o
 .text.udc_req_std_dev_get_configuration
                0x0000d488       0x2c src/ASF/common/services/usb/udc/udc.o
 .text.udc_req_std_dev_set_configuration
                0x0000d4b4       0xce src/ASF/common/services/usb/udc/udc.o
 .text.udc_req_std_iface_get_setting
                0x0000d582       0xb0 src/ASF/common/services/usb/udc/udc.o
 .text.udc_req_std_iface_set_setting
                0x0000d632       0x5e src/ASF/common/services/usb/udc/udc.o
 .text.udc_reqstd
                0x0000d690      0x142 src/ASF/common/services/usb/udc/udc.o
 .text.udc_req_iface
                0x0000d7d2       0xb2 src/ASF/common/services/usb/udc/udc.o
 .text.udc_req_ep
                0x0000d884       0xae src/ASF/common/services/usb/udc/udc.o
 .text.udc_process_setup
                0x0000d932       0x8e src/ASF/common/services/usb/udc/udc.o
                0x0000d932                udc_process_setup
 .text.cpu_irq_save
                0x0000d9c0       0x20 src/ASF/xmega/drivers/dma/dma.o
 .text.cpu_irq_restore
                0x0000d9e0       0x20 src/ASF/xmega/drivers/dma/dma.o
 .text.sleepmgr_lock_mode
                0x0000da00       0x50 src/ASF/xmega/drivers/dma/dma.o
 .text.dma_get_channel_status
                0x0000da50      0x132 src/ASF/xmega/drivers/dma/dma.o
 .text.dma_enable
                0x0000db82       0x30 src/ASF/xmega/drivers/dma/dma.o
                0x0000db82                dma_enable
 .text.dma_interrupt
                0x0000dbb2       0x80 src/ASF/xmega/drivers/dma/dma.o
 .text.__vector_6
                0x0000dc32       0x9a src/ASF/xmega/drivers/dma/dma.o
                0x0000dc32                __vector_6
 .text.__vector_7
                0x0000dccc       0x9a src/ASF/xmega/drivers/dma/dma.o
                0x0000dccc                __vector_7
 .text.__vector_8
                0x0000dd66       0x9a src/ASF/xmega/drivers/dma/dma.o
                0x0000dd66                __vector_8
 .text.__vector_9
                0x0000de00       0x9a src/ASF/xmega/drivers/dma/dma.o
                0x0000de00                __vector_9
 .text.dma_channel_write_config
                0x0000de9a      0x110 src/ASF/xmega/drivers/dma/dma.o
                0x0000de9a                dma_channel_write_config
 .text.__vector_10
                0x0000dfaa       0x60 src/ASF/xmega/drivers/rtc/rtc.o
                0x0000dfaa                __vector_10
 .text.__vector_11
                0x0000e00a      0x180 src/ASF/xmega/drivers/rtc/rtc.o
                0x0000e00a                __vector_11
 .text.cpu_irq_save
                0x0000e18a       0x20 src/ASF/xmega/drivers/usb/usb_device.o
 .text.cpu_irq_restore
                0x0000e1aa       0x20 src/ASF/xmega/drivers/usb/usb_device.o
 .text.nvm_read_production_signature_row
                0x0000e1ca       0x22 src/ASF/xmega/drivers/usb/usb_device.o
 .text.usb_pad_init
                0x0000e1ec       0x58 src/ASF/xmega/drivers/usb/usb_device.o
 .text.sleepmgr_lock_mode
                0x0000e244       0x50 src/ASF/xmega/drivers/usb/usb_device.o
 .text.sleepmgr_unlock_mode
                0x0000e294       0x50 src/ASF/xmega/drivers/usb/usb_device.o
 .text.udd_sleep_mode
                0x0000e2e4       0x48 src/ASF/xmega/drivers/usb/usb_device.o
 .text.udd_enable
                0x0000e32c      0x128 src/ASF/xmega/drivers/usb/usb_device.o
                0x0000e32c                udd_enable
 .text.udd_attach
                0x0000e454       0x8e src/ASF/xmega/drivers/usb/usb_device.o
                0x0000e454                udd_attach
 .text.udd_is_high_speed
                0x0000e4e2       0x10 src/ASF/xmega/drivers/usb/usb_device.o
                0x0000e4e2                udd_is_high_speed
 .text.udd_set_address
                0x0000e4f2       0x20 src/ASF/xmega/drivers/usb/usb_device.o
                0x0000e4f2                udd_set_address
 .text.udd_getaddress
                0x0000e512       0x16 src/ASF/xmega/drivers/usb/usb_device.o
                0x0000e512                udd_getaddress
 .text.udd_get_frame_number
                0x0000e528       0x16 src/ASF/xmega/drivers/usb/usb_device.o
                0x0000e528                udd_get_frame_number
 .text.udd_get_micro_frame_number
                0x0000e53e       0x12 src/ASF/xmega/drivers/usb/usb_device.o
                0x0000e53e                udd_get_micro_frame_number
 .text.udd_set_setup_payload
                0x0000e550       0x3a src/ASF/xmega/drivers/usb/usb_device.o
                0x0000e550                udd_set_setup_payload
 .text.udd_ep_alloc
                0x0000e58a       0x90 src/ASF/xmega/drivers/usb/usb_device.o
                0x0000e58a                udd_ep_alloc
 .text.udd_ep_free
                0x0000e61a       0x2e src/ASF/xmega/drivers/usb/usb_device.o
                0x0000e61a                udd_ep_free
 .text.udd_ep_is_halted
                0x0000e648       0x3a src/ASF/xmega/drivers/usb/usb_device.o
                0x0000e648                udd_ep_is_halted
 .text.udd_ep_set_halt
                0x0000e682       0x48 src/ASF/xmega/drivers/usb/usb_device.o
                0x0000e682                udd_ep_set_halt
 .text.udd_ep_clear_halt
                0x0000e6ca       0x84 src/ASF/xmega/drivers/usb/usb_device.o
                0x0000e6ca                udd_ep_clear_halt
 .text.udd_ep_run
                0x0000e74e      0x190 src/ASF/xmega/drivers/usb/usb_device.o
                0x0000e74e                udd_ep_run
 .text.udd_ep_abort
                0x0000e8de       0x98 src/ASF/xmega/drivers/usb/usb_device.o
                0x0000e8de                udd_ep_abort
 .text.__vector_125
                0x0000e976      0x174 src/ASF/xmega/drivers/usb/usb_device.o
                0x0000e976                __vector_125
 .text.__vector_126
                0x0000eaea      0x186 src/ASF/xmega/drivers/usb/usb_device.o
                0x0000eaea                __vector_126
 .text.udd_ep_init
                0x0000ec70       0xec src/ASF/xmega/drivers/usb/usb_device.o
 .text.udd_ep_get_ctrl
                0x0000ed5c       0x46 src/ASF/xmega/drivers/usb/usb_device.o
 .text.udd_ctrl_init
                0x0000eda2       0x8e src/ASF/xmega/drivers/usb/usb_device.o
 .text.udd_ctrl_setup_received
                0x0000ee30       0xda src/ASF/xmega/drivers/usb/usb_device.o
 .text.udd_ctrl_in_sent
                0x0000ef0a      0x12a src/ASF/xmega/drivers/usb/usb_device.o
 .text.udd_ctrl_out_received
                0x0000f034      0x17c src/ASF/xmega/drivers/usb/usb_device.o
 .text.udd_ctrl_underflow
                0x0000f1b0       0x58 src/ASF/xmega/drivers/usb/usb_device.o
 .text.udd_ctrl_overflow
                0x0000f208       0x58 src/ASF/xmega/drivers/usb/usb_device.o
 .text.udd_ctrl_stall_data
                0x0000f260       0x2e src/ASF/xmega/drivers/usb/usb_device.o
 .text.udd_ctrl_send_zlp_in
                0x0000f28e       0x2c src/ASF/xmega/drivers/usb/usb_device.o
 .text.udd_ctrl_send_zlp_out
                0x0000f2ba       0x24 src/ASF/xmega/drivers/usb/usb_device.o
 .text.udd_ctrl_endofrequest
                0x0000f2de       0x28 src/ASF/xmega/drivers/usb/usb_device.o
 .text.udd_ctrl_interrupt_error
                0x0000f306       0x78 src/ASF/xmega/drivers/usb/usb_device.o
 .text.udd_ctrl_interrupt_tc_setup
                0x0000f37e       0x60 src/ASF/xmega/drivers/usb/usb_device.o
 .text.udd_ep_get_size
                0x0000f3de       0x80 src/ASF/xmega/drivers/usb/usb_device.o
 .text.udd_ep_get_job
                0x0000f45e       0x50 src/ASF/xmega/drivers/usb/usb_device.o
 .text.udd_ep_trans_complet
                0x0000f4ae      0x3ce src/ASF/xmega/drivers/usb/usb_device.o
 .text.osc_get_rate
                0x0000f87c       0x6a TEC_Controller.o
 .text.pll_get_default_rate_priv
                0x0000f8e6       0xa4 TEC_Controller.o
 .text.sysclk_get_main_hz
                0x0000f98a       0x22 TEC_Controller.o
 .text.sysclk_get_per4_hz
                0x0000f9ac       0x32 TEC_Controller.o
 .text.sysclk_get_per2_hz
                0x0000f9de       0x18 TEC_Controller.o
 .text.sysclk_get_per_hz
                0x0000f9f6       0x18 TEC_Controller.o
 .text.sysclk_get_cpu_hz
                0x0000fa0e       0x18 TEC_Controller.o
 .text.__portable_avr_delay_cycles
                0x0000fa26       0x16 TEC_Controller.o
 .text.ioport_configure_pin
                0x0000fa3c       0x7a TEC_Controller.o
 .text.ioport_set_pin_low
                0x0000fab6       0xaa TEC_Controller.o
 .text.ioport_set_pin_high
                0x0000fb60       0xac TEC_Controller.o
 .text.init_TEC_controller
                0x0000fc0c       0x70 TEC_Controller.o
                0x0000fc0c                init_TEC_controller
 .text.set_TEC_pwm_A_duty
                0x0000fc7c       0x20 TEC_Controller.o
                0x0000fc7c                set_TEC_pwm_A_duty
 .text.set_TEC_pwm_A_freq
                0x0000fc9c       0x34 TEC_Controller.o
                0x0000fc9c                set_TEC_pwm_A_freq
 .text.set_TEC_pwm_B_duty
                0x0000fcd0       0x20 TEC_Controller.o
                0x0000fcd0                set_TEC_pwm_B_duty
 .text.set_TEC_pwm_B_freq
                0x0000fcf0       0x34 TEC_Controller.o
                0x0000fcf0                set_TEC_pwm_B_freq
 .text.reset_TEC_A
                0x0000fd24      0x236 TEC_Controller.o
                0x0000fd24                reset_TEC_A
 .text.reset_TEC_B
                0x0000ff5a      0x236 TEC_Controller.o
                0x0000ff5a                reset_TEC_B
 .text.recover_from_OTSD
                0x00010190       0x14 TEC_Controller.o
                0x00010190                recover_from_OTSD
 .text.pwm_set_TEC_frequency_32bit
                0x000101a4      0x18a TEC_Controller.o
                0x000101a4                pwm_set_TEC_frequency_32bit
 .text.compute_temp_PID_duty
                0x0001032e      0x2d8 TempPIDControl.o
                0x0001032e                compute_temp_PID_duty
 .text.my_callback_cdc_enable
                0x00010606       0x16 USB_Wrapper.o
                0x00010606                my_callback_cdc_enable
 .text.my_callback_cdc_disable
                0x0001061c       0x14 USB_Wrapper.o
                0x0001061c                my_callback_cdc_disable
 .text.my_callback_rx_notify
                0x00010630       0xb4 USB_Wrapper.o
                0x00010630                my_callback_rx_notify
 .text.get_last_msg_length
                0x000106e4       0x16 USB_Wrapper.o
                0x000106e4                get_last_msg_length
 .text.send_cmd_response
                0x000106fa       0x4c USB_Wrapper.o
                0x000106fa                send_cmd_response
 .text.init_USB
                0x00010746       0x3e USB_Wrapper.o
                0x00010746                init_USB
 .text.check_USB_ready
                0x00010784       0x12 USB_Wrapper.o
                0x00010784                check_USB_ready
 .text.ioport_set_pin_low
                0x00010796       0xaa src/ASF/common/services/spi/xmega_spi/spi_master.o
 .text.ioport_set_pin_high
                0x00010840       0xac src/ASF/common/services/spi/xmega_spi/spi_master.o
 .text.spi_put  0x000108ec       0x28 src/ASF/common/services/spi/xmega_spi/spi_master.o
 .text.spi_is_tx_ok
                0x00010914       0x28 src/ASF/common/services/spi/xmega_spi/spi_master.o
 .text.spi_enable_master_mode
                0x0001093c       0x30 src/ASF/common/services/spi/xmega_spi/spi_master.o
 .text.spi_is_rx_full
                0x0001096c       0x20 src/ASF/common/services/spi/xmega_spi/spi_master.o
 .text.osc_get_rate
                0x0001098c       0x6a src/ASF/common/services/spi/xmega_spi/spi_master.o
 .text.pll_get_default_rate_priv
                0x000109f6       0xa4 src/ASF/common/services/spi/xmega_spi/spi_master.o
 .text.sysclk_get_main_hz
                0x00010a9a       0x22 src/ASF/common/services/spi/xmega_spi/spi_master.o
 .text.sysclk_get_per4_hz
                0x00010abc       0x32 src/ASF/common/services/spi/xmega_spi/spi_master.o
 .text.sysclk_get_per2_hz
                0x00010aee       0x18 src/ASF/common/services/spi/xmega_spi/spi_master.o
 .text.sysclk_get_per_hz
                0x00010b06       0x18 src/ASF/common/services/spi/xmega_spi/spi_master.o
 .text.sysclk_get_cpu_hz
                0x00010b1e       0x18 src/ASF/common/services/spi/xmega_spi/spi_master.o
 .text.spi_master_init
                0x00010b36       0x6a src/ASF/common/services/spi/xmega_spi/spi_master.o
                0x00010b36                spi_master_init
 .text.spi_master_setup_device
                0x00010ba0       0x9a src/ASF/common/services/spi/xmega_spi/spi_master.o
                0x00010ba0                spi_master_setup_device
 .text.spi_write_packet
                0x00010c3a       0x72 src/ASF/common/services/spi/xmega_spi/spi_master.o
                0x00010c3a                spi_write_packet
 .text.spi_select_device
                0x00010cac       0x2c src/ASF/common/services/spi/xmega_spi/spi_master.o
                0x00010cac                spi_select_device
 .text.spi_deselect_device
                0x00010cd8       0x2c src/ASF/common/services/spi/xmega_spi/spi_master.o
                0x00010cd8                spi_deselect_device
 .text.spi_xmega_set_baud_div
                0x00010d04       0xf0 src/ASF/xmega/drivers/spi/spi.o
                0x00010d04                spi_xmega_set_baud_div
 .text.cpu_irq_save
                0x00010df4       0x20 src/ASF/xmega/drivers/adc/adc.o
 .text.cpu_irq_restore
                0x00010e14       0x20 src/ASF/xmega/drivers/adc/adc.o
 .text.sleepmgr_lock_mode
                0x00010e34       0x50 src/ASF/xmega/drivers/adc/adc.o
 .text.adc_enable_clock
                0x00010e84       0x62 src/ASF/xmega/drivers/adc/adc.o
                0x00010e84                adc_enable_clock
 .text.adc_disable_clock
                0x00010ee6       0x66 src/ASF/xmega/drivers/adc/adc.o
                0x00010ee6                adc_disable_clock
 .text.adc_enable
                0x00010f4c       0x42 src/ASF/xmega/drivers/adc/adc.o
                0x00010f4c                adc_enable
 .text.ioport_configure_pin
                0x00010f8e       0x7a StepperMotor.o
 .text.ioport_set_pin_low
                0x00011008       0xaa StepperMotor.o
 .text.ioport_set_pin_high
                0x000110b2       0xac StepperMotor.o
 .text.ioport_get_pin_level
                0x0001115e       0x80 StepperMotor.o
 .text.osc_get_rate
                0x000111de       0x6a StepperMotor.o
 .text.pll_get_default_rate_priv
                0x00011248       0xa4 StepperMotor.o
 .text.sysclk_get_main_hz
                0x000112ec       0x22 StepperMotor.o
 .text.sysclk_get_per4_hz
                0x0001130e       0x32 StepperMotor.o
 .text.sysclk_get_per2_hz
                0x00011340       0x18 StepperMotor.o
 .text.sysclk_get_per_hz
                0x00011358       0x18 StepperMotor.o
 .text.sysclk_get_cpu_hz
                0x00011370       0x18 StepperMotor.o
 .text.tc_write_cc_buffer
                0x00011388       0xd4 StepperMotor.o
 .text.pwm_set_duty_cycle_percent
                0x0001145c       0x70 StepperMotor.o
 .text.set_motor_step_resolution
                0x000114cc       0xbc StepperMotor.o
                0x000114cc                set_motor_step_resolution
 .text.set_motor_speed
                0x00011588      0x132 StepperMotor.o
                0x00011588                set_motor_speed
 .text.set_motor_steps
                0x000116ba       0x34 StepperMotor.o
                0x000116ba                set_motor_steps
 .text.set_motor_direction
                0x000116ee       0x4a StepperMotor.o
                0x000116ee                set_motor_direction
 .text.set_motor_accel_time
                0x00011738       0x76 StepperMotor.o
                0x00011738                set_motor_accel_time
 .text.set_motor_decel_time
                0x000117ae       0x52 StepperMotor.o
                0x000117ae                set_motor_decel_time
 .text.handle_accel
                0x00011800      0x1f6 StepperMotor.o
                0x00011800                handle_accel
 .text.handle_decel
                0x000119f6      0x18a StepperMotor.o
                0x000119f6                handle_decel
 .text.init_motor_timers
                0x00011b80       0x3c StepperMotor.o
                0x00011b80                init_motor_timers
 .text.init_stepper_motor_pins
                0x00011bbc       0xe8 StepperMotor.o
                0x00011bbc                init_stepper_motor_pins
 .text.get_motor_hold_current_percent
                0x00011ca4       0x86 StepperMotor.o
                0x00011ca4                get_motor_hold_current_percent
 .text.set_motor_hold_current
                0x00011d2a      0x172 StepperMotor.o
                0x00011d2a                set_motor_hold_current
 .text.start_motor
                0x00011e9c       0xd4 StepperMotor.o
                0x00011e9c                start_motor
 .text.stop_motor
                0x00011f70       0xb2 StepperMotor.o
                0x00011f70                stop_motor
 .text.enable_motor
                0x00012022       0x34 StepperMotor.o
                0x00012022                enable_motor
 .text.disable_motor
                0x00012056       0x34 StepperMotor.o
                0x00012056                disable_motor
 .text.reset_motor_config
                0x0001208a       0xa2 StepperMotor.o
                0x0001208a                reset_motor_config
 .text.pwm_set_frequency_32bit
                0x0001212c      0x18a StepperMotor.o
                0x0001212c                pwm_set_frequency_32bit
 .text.cpu_irq_save
                0x000122b6       0x20 src/ASF/xmega/drivers/adc/xmega_aau/adc_aau.o
 .text.cpu_irq_restore
                0x000122d6       0x20 src/ASF/xmega/drivers/adc/xmega_aau/adc_aau.o
 .text.nvm_read_production_signature_row
                0x000122f6       0x22 src/ASF/xmega/drivers/adc/xmega_aau/adc_aau.o
 .text.adc_get_calibration_data
                0x00012318       0xc2 src/ASF/xmega/drivers/adc/xmega_aau/adc_aau.o
 .text.__vector_71
                0x000123da      0x118 src/ASF/xmega/drivers/adc/xmega_aau/adc_aau.o
                0x000123da                __vector_71
 .text.__vector_72
                0x000124f2      0x118 src/ASF/xmega/drivers/adc/xmega_aau/adc_aau.o
                0x000124f2                __vector_72
 .text.__vector_73
                0x0001260a      0x118 src/ASF/xmega/drivers/adc/xmega_aau/adc_aau.o
                0x0001260a                __vector_73
 .text.__vector_74
                0x00012722      0x118 src/ASF/xmega/drivers/adc/xmega_aau/adc_aau.o
                0x00012722                __vector_74
 .text.__vector_39
                0x0001283a      0x118 src/ASF/xmega/drivers/adc/xmega_aau/adc_aau.o
                0x0001283a                __vector_39
 .text.__vector_40
                0x00012952      0x118 src/ASF/xmega/drivers/adc/xmega_aau/adc_aau.o
                0x00012952                __vector_40
 .text.__vector_41
                0x00012a6a      0x118 src/ASF/xmega/drivers/adc/xmega_aau/adc_aau.o
                0x00012a6a                __vector_41
 .text.__vector_42
                0x00012b82      0x118 src/ASF/xmega/drivers/adc/xmega_aau/adc_aau.o
                0x00012b82                __vector_42
 .text.adc_write_configuration
                0x00012c9a       0xf4 src/ASF/xmega/drivers/adc/xmega_aau/adc_aau.o
                0x00012c9a                adc_write_configuration
 .text.adc_read_configuration
                0x00012d8e       0xa4 src/ASF/xmega/drivers/adc/xmega_aau/adc_aau.o
                0x00012d8e                adc_read_configuration
 .text.adcch_write_configuration
                0x00012e32       0xee src/ASF/xmega/drivers/adc/xmega_aau/adc_aau.o
                0x00012e32                adcch_write_configuration
 .text.adcch_read_configuration
                0x00012f20       0xee src/ASF/xmega/drivers/adc/xmega_aau/adc_aau.o
                0x00012f20                adcch_read_configuration
 .text.ioport_configure_port_pin
                0x0001300e       0xba src/ASF/common/services/ioport/xmega/ioport_compat.o
                0x0001300e                ioport_configure_port_pin
 .text.cpu_irq_save
                0x000130c8       0x20 src/ASF/common/services/clock/xmega/sysclk.o
 .text.cpu_irq_restore
                0x000130e8       0x20 src/ASF/common/services/clock/xmega/sysclk.o
 .text.osc_enable_internal
                0x00013108       0x36 src/ASF/common/services/clock/xmega/sysclk.o
 .text.osc_enable_external
                0x0001313e       0x40 src/ASF/common/services/clock/xmega/sysclk.o
 .text.osc_disable
                0x0001317e       0x3a src/ASF/common/services/clock/xmega/sysclk.o
 .text.osc_enable
                0x000131b8       0x26 src/ASF/common/services/clock/xmega/sysclk.o
 .text.osc_is_ready
                0x000131de       0x28 src/ASF/common/services/clock/xmega/sysclk.o
 .text.osc_enable_autocalibration
                0x00013206      0x102 src/ASF/common/services/clock/xmega/sysclk.o
 .text.osc_user_calibration
                0x00013308       0x6c src/ASF/common/services/clock/xmega/sysclk.o
 .text.osc_wait_ready
                0x00013374       0x26 src/ASF/common/services/clock/xmega/sysclk.o
 .text.pll_config_init
                0x0001339a       0x3a src/ASF/common/services/clock/xmega/sysclk.o
 .text.pll_config_write
                0x000133d4       0x32 src/ASF/common/services/clock/xmega/sysclk.o
 .text.pll_enable
                0x00013406       0x4a src/ASF/common/services/clock/xmega/sysclk.o
 .text.pll_is_locked
                0x00013450       0x34 src/ASF/common/services/clock/xmega/sysclk.o
 .text.pll_enable_source
                0x00013484       0x6e src/ASF/common/services/clock/xmega/sysclk.o
 .text.pll_enable_config_defaults
                0x000134f2       0x66 src/ASF/common/services/clock/xmega/sysclk.o
 .text.nvm_read_production_signature_row
                0x00013558       0x22 src/ASF/common/services/clock/xmega/sysclk.o
 .text.sysclk_init
                0x0001357a       0xa4 src/ASF/common/services/clock/xmega/sysclk.o
                0x0001357a                sysclk_init
 .text.sysclk_enable_module
                0x0001361e       0x48 src/ASF/common/services/clock/xmega/sysclk.o
                0x0001361e                sysclk_enable_module
 .text.sysclk_disable_module
                0x00013666       0x44 src/ASF/common/services/clock/xmega/sysclk.o
                0x00013666                sysclk_disable_module
 .text.sysclk_enable_usb
                0x000136aa       0x5a src/ASF/common/services/clock/xmega/sysclk.o
                0x000136aa                sysclk_enable_usb
 .text.nvm_wait_until_ready
                0x00013704       0x1c src/ASF/xmega/drivers/nvm/nvm.o
 .text.nvm_exec
                0x00013720       0x1a src/ASF/xmega/drivers/nvm/nvm.o
 .text.nvm_issue_command
                0x0001373a       0x42 src/ASF/xmega/drivers/nvm/nvm.o
 .text.nvm_read_user_signature_row
                0x0001377c       0x26 src/ASF/xmega/drivers/nvm/nvm.o
 .text.eeprom_enable_mapping
                0x000137a2       0x22 src/ASF/xmega/drivers/nvm/nvm.o
 .text.eeprom_disable_mapping
                0x000137c4       0x22 src/ASF/xmega/drivers/nvm/nvm.o
 .text.nvm_flash_read_byte
                0x000137e6       0x48 src/ASF/xmega/drivers/nvm/nvm.o
 .text.nvm_flash_read_word
                0x0001382e       0x4e src/ASF/xmega/drivers/nvm/nvm.o
 .text.nvm_flash_split_write_app_page
                0x0001387c       0x36 src/ASF/xmega/drivers/nvm/nvm.o
 .text.nvm_flash_atomic_write_app_page
                0x000138b2       0x36 src/ASF/xmega/drivers/nvm/nvm.o
 .text.nvm_flash_erase_user_section
                0x000138e8       0x1e src/ASF/xmega/drivers/nvm/nvm.o
 .text.nvm_flash_write_user_page
                0x00013906       0x1e src/ASF/xmega/drivers/nvm/nvm.o
 .text.nvm_eeprom_read_buffer
                0x00013924       0x42 src/ASF/xmega/drivers/nvm/nvm.o
                0x00013924                nvm_eeprom_read_buffer
 .text.nvm_eeprom_write_byte
                0x00013966       0x6c src/ASF/xmega/drivers/nvm/nvm.o
                0x00013966                nvm_eeprom_write_byte
 .text.nvm_eeprom_erase_and_write_buffer
                0x000139d2       0xb0 src/ASF/xmega/drivers/nvm/nvm.o
                0x000139d2                nvm_eeprom_erase_and_write_buffer
 .text.nvm_eeprom_flush_buffer
                0x00013a82       0x32 src/ASF/xmega/drivers/nvm/nvm.o
                0x00013a82                nvm_eeprom_flush_buffer
 .text.nvm_eeprom_load_byte_to_buffer
                0x00013ab4       0x30 src/ASF/xmega/drivers/nvm/nvm.o
                0x00013ab4                nvm_eeprom_load_byte_to_buffer
 .text.nvm_eeprom_load_page_to_buffer
                0x00013ae4       0x46 src/ASF/xmega/drivers/nvm/nvm.o
                0x00013ae4                nvm_eeprom_load_page_to_buffer
 .text.nvm_eeprom_atomic_write_page
                0x00013b2a       0x5c src/ASF/xmega/drivers/nvm/nvm.o
                0x00013b2a                nvm_eeprom_atomic_write_page
 .text.nvm_flash_read_buffer
                0x00013b86       0x8a src/ASF/xmega/drivers/nvm/nvm.o
                0x00013b86                nvm_flash_read_buffer
 .text.nvm_user_sig_read_buffer
                0x00013c10       0x6e src/ASF/xmega/drivers/nvm/nvm.o
                0x00013c10                nvm_user_sig_read_buffer
 .text.nvm_user_sig_write_buffer
                0x00013c7e      0x15c src/ASF/xmega/drivers/nvm/nvm.o
                0x00013c7e                nvm_user_sig_write_buffer
 .text.nvm_flash_erase_and_write_buffer
                0x00013dda      0x1d2 src/ASF/xmega/drivers/nvm/nvm.o
                0x00013dda                nvm_flash_erase_and_write_buffer
 .text.cpu_irq_save
                0x00013fac       0x20 src/ASF/xmega/drivers/tc/tc.o
 .text.cpu_irq_restore
                0x00013fcc       0x20 src/ASF/xmega/drivers/tc/tc.o
 .text.sleepmgr_lock_mode
                0x00013fec       0x50 src/ASF/xmega/drivers/tc/tc.o
 .text.__vector_14
                0x0001403c       0xae src/ASF/xmega/drivers/tc/tc.o
                0x0001403c                __vector_14
 .text.__vector_15
                0x000140ea       0xae src/ASF/xmega/drivers/tc/tc.o
                0x000140ea                __vector_15
 .text.__vector_16
                0x00014198       0xae src/ASF/xmega/drivers/tc/tc.o
                0x00014198                __vector_16
 .text.__vector_17
                0x00014246       0xae src/ASF/xmega/drivers/tc/tc.o
                0x00014246                __vector_17
 .text.__vector_18
                0x000142f4       0xae src/ASF/xmega/drivers/tc/tc.o
                0x000142f4                __vector_18
 .text.__vector_19
                0x000143a2       0xae src/ASF/xmega/drivers/tc/tc.o
                0x000143a2                __vector_19
 .text.__vector_20
                0x00014450       0xae src/ASF/xmega/drivers/tc/tc.o
                0x00014450                __vector_20
 .text.__vector_21
                0x000144fe       0xae src/ASF/xmega/drivers/tc/tc.o
                0x000144fe                __vector_21
 .text.__vector_22
                0x000145ac       0xae src/ASF/xmega/drivers/tc/tc.o
                0x000145ac                __vector_22
 .text.__vector_23
                0x0001465a       0xae src/ASF/xmega/drivers/tc/tc.o
                0x0001465a                __vector_23
 .text.__vector_77
                0x00014708       0xae src/ASF/xmega/drivers/tc/tc.o
                0x00014708                __vector_77
 .text.__vector_78
                0x000147b6       0xae src/ASF/xmega/drivers/tc/tc.o
                0x000147b6                __vector_78
 .text.__vector_79
                0x00014864       0xae src/ASF/xmega/drivers/tc/tc.o
                0x00014864                __vector_79
 .text.__vector_80
                0x00014912       0xae src/ASF/xmega/drivers/tc/tc.o
                0x00014912                __vector_80
 .text.__vector_81
                0x000149c0       0xae src/ASF/xmega/drivers/tc/tc.o
                0x000149c0                __vector_81
 .text.__vector_82
                0x00014a6e       0xae src/ASF/xmega/drivers/tc/tc.o
                0x00014a6e                __vector_82
 .text.__vector_83
                0x00014b1c       0xae src/ASF/xmega/drivers/tc/tc.o
                0x00014b1c                __vector_83
 .text.__vector_84
                0x00014bca       0xae src/ASF/xmega/drivers/tc/tc.o
                0x00014bca                __vector_84
 .text.__vector_85
                0x00014c78       0xae src/ASF/xmega/drivers/tc/tc.o
                0x00014c78                __vector_85
 .text.__vector_86
                0x00014d26       0xae src/ASF/xmega/drivers/tc/tc.o
                0x00014d26                __vector_86
 .text.__vector_47
                0x00014dd4       0xae src/ASF/xmega/drivers/tc/tc.o
                0x00014dd4                __vector_47
 .text.__vector_48
                0x00014e82       0xae src/ASF/xmega/drivers/tc/tc.o
                0x00014e82                __vector_48
 .text.__vector_49
                0x00014f30       0xae src/ASF/xmega/drivers/tc/tc.o
                0x00014f30                __vector_49
 .text.__vector_50
                0x00014fde       0xae src/ASF/xmega/drivers/tc/tc.o
                0x00014fde                __vector_50
 .text.__vector_51
                0x0001508c       0xae src/ASF/xmega/drivers/tc/tc.o
                0x0001508c                __vector_51
 .text.__vector_52
                0x0001513a       0xae src/ASF/xmega/drivers/tc/tc.o
                0x0001513a                __vector_52
 .text.__vector_53
                0x000151e8       0xae src/ASF/xmega/drivers/tc/tc.o
                0x000151e8                __vector_53
 .text.__vector_54
                0x00015296       0xae src/ASF/xmega/drivers/tc/tc.o
                0x00015296                __vector_54
 .text.__vector_55
                0x00015344       0xae src/ASF/xmega/drivers/tc/tc.o
                0x00015344                __vector_55
 .text.__vector_56
                0x000153f2       0xae src/ASF/xmega/drivers/tc/tc.o
                0x000153f2                __vector_56
 .text.__vector_108
                0x000154a0       0xae src/ASF/xmega/drivers/tc/tc.o
                0x000154a0                __vector_108
 .text.__vector_109
                0x0001554e       0xae src/ASF/xmega/drivers/tc/tc.o
                0x0001554e                __vector_109
 .text.__vector_110
                0x000155fc       0xae src/ASF/xmega/drivers/tc/tc.o
                0x000155fc                __vector_110
 .text.__vector_111
                0x000156aa       0xae src/ASF/xmega/drivers/tc/tc.o
                0x000156aa                __vector_111
 .text.__vector_112
                0x00015758       0xae src/ASF/xmega/drivers/tc/tc.o
                0x00015758                __vector_112
 .text.__vector_113
                0x00015806       0xae src/ASF/xmega/drivers/tc/tc.o
                0x00015806                __vector_113
 .text.__vector_114
                0x000158b4       0xae src/ASF/xmega/drivers/tc/tc.o
                0x000158b4                __vector_114
 .text.__vector_115
                0x00015962       0xae src/ASF/xmega/drivers/tc/tc.o
                0x00015962                __vector_115
 .text.__vector_116
                0x00015a10       0xae src/ASF/xmega/drivers/tc/tc.o
                0x00015a10                __vector_116
 .text.__vector_117
                0x00015abe       0xae src/ASF/xmega/drivers/tc/tc.o
                0x00015abe                __vector_117
 .text.tc_enable
                0x00015b6c      0x114 src/ASF/xmega/drivers/tc/tc.o
                0x00015b6c                tc_enable
 .text.tc_set_overflow_interrupt_callback
                0x00015c80       0xe0 src/ASF/xmega/drivers/tc/tc.o
                0x00015c80                tc_set_overflow_interrupt_callback
 .text.tc_set_cca_interrupt_callback
                0x00015d60       0xe0 src/ASF/xmega/drivers/tc/tc.o
                0x00015d60                tc_set_cca_interrupt_callback
 .text.tc_set_ccb_interrupt_callback
                0x00015e40       0xe0 src/ASF/xmega/drivers/tc/tc.o
                0x00015e40                tc_set_ccb_interrupt_callback
 .text.wdt_wait_while_busy
                0x00015f20       0x26 src/ASF/xmega/drivers/wdt/wdt.o
 .text.wdt_set_timeout_period
                0x00015f46       0x46 src/ASF/xmega/drivers/wdt/wdt.o
                0x00015f46                wdt_set_timeout_period
 .text.wdt_disable
                0x00015f8c       0x2a src/ASF/xmega/drivers/wdt/wdt.o
                0x00015f8c                wdt_disable
 .text.wdt_enable
                0x00015fb6       0x2c src/ASF/xmega/drivers/wdt/wdt.o
                0x00015fb6                wdt_enable
 .text.osc_get_rate
                0x00015fe2       0x6a src/ASF/xmega/services/pwm/pwm.o
 .text.pll_get_default_rate_priv
                0x0001604c       0xa2 src/ASF/xmega/services/pwm/pwm.o
 .text.sysclk_get_main_hz
                0x000160ee       0x22 src/ASF/xmega/services/pwm/pwm.o
 .text.sysclk_get_per4_hz
                0x00016110       0x32 src/ASF/xmega/services/pwm/pwm.o
 .text.sysclk_get_per2_hz
                0x00016142       0x18 src/ASF/xmega/services/pwm/pwm.o
 .text.sysclk_get_per_hz
                0x0001615a       0x18 src/ASF/xmega/services/pwm/pwm.o
 .text.sysclk_get_cpu_hz
                0x00016172       0x18 src/ASF/xmega/services/pwm/pwm.o
 .text.tc_write_clock_source
                0x0001618a       0x38 src/ASF/xmega/services/pwm/pwm.o
 .text.tc_write_period
                0x000161c2       0x30 src/ASF/xmega/services/pwm/pwm.o
 .text.tc_enable_cc_channels
                0x000161f2       0x68 src/ASF/xmega/services/pwm/pwm.o
 .text.tc_write_cc_buffer
                0x0001625a       0xd4 src/ASF/xmega/services/pwm/pwm.o
 .text.tc_set_wgm
                0x0001632e       0x38 src/ASF/xmega/services/pwm/pwm.o
 .text.pwm_set_duty_cycle_percent
                0x00016366       0x6c src/ASF/xmega/services/pwm/pwm.o
 .text.pwm_set_frequency
                0x000163d2      0x196 src/ASF/xmega/services/pwm/pwm.o
                0x000163d2                pwm_set_frequency
 .text.pwm_init
                0x00016568      0x30e src/ASF/xmega/services/pwm/pwm.o
                0x00016568                pwm_init
 .text.pwm_start
                0x00016876       0x6a src/ASF/xmega/services/pwm/pwm.o
                0x00016876                pwm_start
 .text.nvm_read_byte
                0x000168e0       0x14 src/ASF/xmega/drivers/nvm/nvm_asm.o
                0x000168e0                nvm_read_byte
 .text.ccp_write_io
                0x000168f4        0xc src/ASF/xmega/drivers/cpu/ccp.o
                0x000168f4                ccp_write_io
 .text.board_init
                0x00016900       0x10 src/ASF/common/boards/user_board/init.o
                0x00016900                board_init
 .text.main     0x00016910       0x18 src/main.o
                0x00016910                main
 .text.avr-libc.fplib
                0x00016928        0xa c:/program files (x86)/atmel/studio/7.0/toolchain/avr8/avr8-gnu-toolchain/bin/../lib/gcc/avr/5.4.0/../../../../avr/lib/avrxmega7\libm.a(addsf3.o)
                0x00016928                __subsf3
                0x0001692a                __addsf3
 .text.avr-libc.fplib
                0x00016932       0xc0 c:/program files (x86)/atmel/studio/7.0/toolchain/avr8/avr8-gnu-toolchain/bin/../lib/gcc/avr/5.4.0/../../../../avr/lib/avrxmega7\libm.a(addsf3x.o)
                0x0001694c                __addsf3x
 .text.avr-libc.fplib
                0x000169f2        0x8 c:/program files (x86)/atmel/studio/7.0/toolchain/avr8/avr8-gnu-toolchain/bin/../lib/gcc/avr/5.4.0/../../../../avr/lib/avrxmega7\libm.a(cmpsf2.o)
                0x000169f2                __nesf2
                0x000169f2                __eqsf2
                0x000169f2                __cmpsf2
                0x000169f2                __ltsf2
                0x000169f2                __lesf2
 .text.avr-libc.fplib
                0x000169fa        0x4 c:/program files (x86)/atmel/studio/7.0/toolchain/avr8/avr8-gnu-toolchain/bin/../lib/gcc/avr/5.4.0/../../../../avr/lib/avrxmega7\libm.a(divsf3.o)
                0x000169fa                __divsf3
 .text.avr-libc.fplib
                0x000169fe       0xcc c:/program files (x86)/atmel/studio/7.0/toolchain/avr8/avr8-gnu-toolchain/bin/../lib/gcc/avr/5.4.0/../../../../avr/lib/avrxmega7\libm.a(divsf3x.o)
                0x00016a14                __divsf3x
                0x00016a18                __divsf3_pse
 .text.avr-libc.fplib
                0x00016aca       0x74 c:/program files (x86)/atmel/studio/7.0/toolchain/avr8/avr8-gnu-toolchain/bin/../lib/gcc/avr/5.4.0/../../../../avr/lib/avrxmega7\libm.a(fixsfdi.o)
                0x00016aca                __fixsfdi
                0x00016ad4                __fixunssfdi
 .text.avr-libc.fplib
                0x00016b3e        0xa c:/program files (x86)/atmel/studio/7.0/toolchain/avr8/avr8-gnu-toolchain/bin/../lib/gcc/avr/5.4.0/../../../../avr/lib/avrxmega7\libm.a(fixsfsi.o)
                0x00016b3e                __fixsfsi
 .text.avr-libc.fplib
                0x00016b48       0x58 c:/program files (x86)/atmel/studio/7.0/toolchain/avr8/avr8-gnu-toolchain/bin/../lib/gcc/avr/5.4.0/../../../../avr/lib/avrxmega7\libm.a(fixunssfsi.o)
                0x00016b48                __fixunssfsi
 .text.avr-libc.fplib
                0x00016ba0       0x7a c:/program files (x86)/atmel/studio/7.0/toolchain/avr8/avr8-gnu-toolchain/bin/../lib/gcc/avr/5.4.0/../../../../avr/lib/avrxmega7\libm.a(floatsisf.o)
                0x00016ba0                __floatunsisf
                0x00016ba4                __floatsisf
 .text.avr-libc.fplib
                0x00016c1a       0x7c c:/program files (x86)/atmel/studio/7.0/toolchain/avr8/avr8-gnu-toolchain/bin/../lib/gcc/avr/5.4.0/../../../../avr/lib/avrxmega7\libm.a(floatundisf.o)
                0x00016c1a                __floatundisf
                0x00016c1c                __fp_di2sf
 .text.avr-libc.fplib
                0x00016c96       0x48 c:/program files (x86)/atmel/studio/7.0/toolchain/avr8/avr8-gnu-toolchain/bin/../lib/gcc/avr/5.4.0/../../../../avr/lib/avrxmega7\libm.a(fp_cmp.o)
                0x00016c96                __fp_cmp
 .text.avr-libc.fplib
                0x00016cde        0xc c:/program files (x86)/atmel/studio/7.0/toolchain/avr8/avr8-gnu-toolchain/bin/../lib/gcc/avr/5.4.0/../../../../avr/lib/avrxmega7\libm.a(fp_inf.o)
                0x00016cde                __fp_inf
 .text.avr-libc.fplib
                0x00016cea        0x6 c:/program files (x86)/atmel/studio/7.0/toolchain/avr8/avr8-gnu-toolchain/bin/../lib/gcc/avr/5.4.0/../../../../avr/lib/avrxmega7\libm.a(fp_nan.o)
                0x00016cea                __fp_nan
 .text.avr-libc.fplib
                0x00016cf0       0x20 c:/program files (x86)/atmel/studio/7.0/toolchain/avr8/avr8-gnu-toolchain/bin/../lib/gcc/avr/5.4.0/../../../../avr/lib/avrxmega7\libm.a(fp_negdi.o)
                0x00016cf0                __fp_negdi
 .text.avr-libc.fplib
                0x00016d10        0xe c:/program files (x86)/atmel/studio/7.0/toolchain/avr8/avr8-gnu-toolchain/bin/../lib/gcc/avr/5.4.0/../../../../avr/lib/avrxmega7\libm.a(fp_pscA.o)
                0x00016d10                __fp_pscA
 .text.avr-libc.fplib
                0x00016d1e        0xe c:/program files (x86)/atmel/studio/7.0/toolchain/avr8/avr8-gnu-toolchain/bin/../lib/gcc/avr/5.4.0/../../../../avr/lib/avrxmega7\libm.a(fp_pscB.o)
                0x00016d1e                __fp_pscB
 .text.avr-libc.fplib
                0x00016d2c       0x22 c:/program files (x86)/atmel/studio/7.0/toolchain/avr8/avr8-gnu-toolchain/bin/../lib/gcc/avr/5.4.0/../../../../avr/lib/avrxmega7\libm.a(fp_round.o)
                0x00016d2c                __fp_round
 .text.avr-libc.fplib
                0x00016d4e       0x44 c:/program files (x86)/atmel/studio/7.0/toolchain/avr8/avr8-gnu-toolchain/bin/../lib/gcc/avr/5.4.0/../../../../avr/lib/avrxmega7\libm.a(fp_split3.o)
                0x00016d4e                __fp_split3
                0x00016d5e                __fp_splitA
 .text.avr-libc.fplib
                0x00016d92        0xe c:/program files (x86)/atmel/studio/7.0/toolchain/avr8/avr8-gnu-toolchain/bin/../lib/gcc/avr/5.4.0/../../../../avr/lib/avrxmega7\libm.a(fp_zero.o)
                0x00016d92                __fp_zero
                0x00016d94                __fp_szero
 .text.avr-libc.fplib
                0x00016da0        0x8 c:/program files (x86)/atmel/studio/7.0/toolchain/avr8/avr8-gnu-toolchain/bin/../lib/gcc/avr/5.4.0/../../../../avr/lib/avrxmega7\libm.a(gesf2.o)
                0x00016da0                __gesf2
                0x00016da0                __gtsf2
 .text.avr-libc.fplib
                0x00016da8        0x4 c:/program files (x86)/atmel/studio/7.0/toolchain/avr8/avr8-gnu-toolchain/bin/../lib/gcc/avr/5.4.0/../../../../avr/lib/avrxmega7\libm.a(mulsf3.o)
                0x00016da8                __mulsf3
 .text.avr-libc.fplib
                0x00016dac       0xc2 c:/program files (x86)/atmel/studio/7.0/toolchain/avr8/avr8-gnu-toolchain/bin/../lib/gcc/avr/5.4.0/../../../../avr/lib/avrxmega7\libm.a(mulsf3x.o)
                0x00016dc0                __mulsf3x
                0x00016dc4                __mulsf3_pse
 .text.avr-libc.fplib
                0x00016e6e       0x40 c:/program files (x86)/atmel/studio/7.0/toolchain/avr8/avr8-gnu-toolchain/bin/../lib/gcc/avr/5.4.0/../../../../avr/lib/avrxmega7\libm.a(round.o)
                0x00016e6e                round
 .text.avr-libc.fplib
                0x00016eae       0x36 c:/program files (x86)/atmel/studio/7.0/toolchain/avr8/avr8-gnu-toolchain/bin/../lib/gcc/avr/5.4.0/../../../../avr/lib/avrxmega7\libm.a(fp_mintl.o)
                0x00016eae                __fp_mintl
 .text.avr-libc.fplib
                0x00016ee4       0x1c c:/program files (x86)/atmel/studio/7.0/toolchain/avr8/avr8-gnu-toolchain/bin/../lib/gcc/avr/5.4.0/../../../../avr/lib/avrxmega7\libm.a(fp_mpack.o)
                0x00016ee4                __fp_mpack
                0x00016ee8                __fp_mpack_finite
 .text.libgcc.mul
                0x00016f00       0x1e c:/program files (x86)/atmel/studio/7.0/toolchain/avr8/avr8-gnu-toolchain/bin/../lib/gcc/avr/5.4.0/avrxmega7\libgcc.a(_mulsi3.o)
                0x00016f00                __mulsi3
 .text.libgcc.div
                0x00016f1e       0x28 c:/program files (x86)/atmel/studio/7.0/toolchain/avr8/avr8-gnu-toolchain/bin/../lib/gcc/avr/5.4.0/avrxmega7\libgcc.a(_udivmodhi4.o)
                0x00016f1e                __udivmodhi4
 .text.libgcc.div
                0x00016f46       0x44 c:/program files (x86)/atmel/studio/7.0/toolchain/avr8/avr8-gnu-toolchain/bin/../lib/gcc/avr/5.4.0/avrxmega7\libgcc.a(_udivmodsi4.o)
                0x00016f46                __udivmodsi4
 .text.libgcc   0x00016f8a       0x12 c:/program files (x86)/atmel/studio/7.0/toolchain/avr8/avr8-gnu-toolchain/bin/../lib/gcc/avr/5.4.0/avrxmega7\libgcc.a(_tablejump2.o)
                0x00016f8a                __tablejump2__
 .text.libgcc.mul
                0x00016f9c       0x14 c:/program files (x86)/atmel/studio/7.0/toolchain/avr8/avr8-gnu-toolchain/bin/../lib/gcc/avr/5.4.0/avrxmega7\libgcc.a(_muluhisi3.o)
                0x00016f9c                __muluhisi3
 .text.libgcc.div
                0x00016fb0       0x1a c:/program files (x86)/atmel/studio/7.0/toolchain/avr8/avr8-gnu-toolchain/bin/../lib/gcc/avr/5.4.0/avrxmega7\libgcc.a(_udivdi3.o)
                0x00016fb0                __umoddi3
                0x00016fb4                __udivdi3
                0x00016fb6                __udivdi3_umoddi3
 .text.libgcc.div
                0x00016fca       0xa2 c:/program files (x86)/atmel/studio/7.0/toolchain/avr8/avr8-gnu-toolchain/bin/../lib/gcc/avr/5.4.0/avrxmega7\libgcc.a(_udivmod64.o)
                0x00016fca                __udivmod64
 .text.libgcc.builtins
                0x0001706c       0x32 c:/program files (x86)/atmel/studio/7.0/toolchain/avr8/avr8-gnu-toolchain/bin/../lib/gcc/avr/5.4.0/avrxmega7\libgcc.a(_ashldi3.o)
                0x0001706c                __ashldi3
 .text.libgcc   0x0001709e       0x12 c:/program files (x86)/atmel/studio/7.0/toolchain/avr8/avr8-gnu-toolchain/bin/../lib/gcc/avr/5.4.0/avrxmega7\libgcc.a(_adddi3.o)
                0x0001709e                __adddi3
 .text.libgcc.mul
                0x000170b0       0x1e c:/program files (x86)/atmel/studio/7.0/toolchain/avr8/avr8-gnu-toolchain/bin/../lib/gcc/avr/5.4.0/avrxmega7\libgcc.a(_umulhisi3.o)
                0x000170b0                __umulhisi3
 .text.avr-libc
                0x000170ce        0x6 c:/program files (x86)/atmel/studio/7.0/toolchain/avr8/avr8-gnu-toolchain/bin/../lib/gcc/avr/5.4.0/../../../../avr/lib/avrxmega7\libc.a(atof.o)
                0x000170ce                atof
 .text.avr-libc
                0x000170d4       0x12 c:/program files (x86)/atmel/studio/7.0/toolchain/avr8/avr8-gnu-toolchain/bin/../lib/gcc/avr/5.4.0/../../../../avr/lib/avrxmega7\libc.a(memcpy.o)
                0x000170d4                memcpy
 .text.avr-libc
                0x000170e6        0xe c:/program files (x86)/atmel/studio/7.0/toolchain/avr8/avr8-gnu-toolchain/bin/../lib/gcc/avr/5.4.0/../../../../avr/lib/avrxmega7\libc.a(memset.o)
                0x000170e6                memset
 .text.avr-libc
                0x000170f4       0x12 c:/program files (x86)/atmel/studio/7.0/toolchain/avr8/avr8-gnu-toolchain/bin/../lib/gcc/avr/5.4.0/../../../../avr/lib/avrxmega7\libc.a(strlen.o)
                0x000170f4                strlen
 .text.avr-libc
                0x00017106       0x14 c:/program files (x86)/atmel/studio/7.0/toolchain/avr8/avr8-gnu-toolchain/bin/../lib/gcc/avr/5.4.0/../../../../avr/lib/avrxmega7\libc.a(itoa.o)
                0x00017106                __itoa
                0x00017106                itoa
 .text.avr-libc
                0x0001711a       0x14 c:/program files (x86)/atmel/studio/7.0/toolchain/avr8/avr8-gnu-toolchain/bin/../lib/gcc/avr/5.4.0/../../../../avr/lib/avrxmega7\libc.a(itoa_ncheck.o)
                0x0001711a                __itoa_ncheck
 .text.avr-libc
                0x0001712e       0x32 c:/program files (x86)/atmel/studio/7.0/toolchain/avr8/avr8-gnu-toolchain/bin/../lib/gcc/avr/5.4.0/../../../../avr/lib/avrxmega7\libc.a(utoa_ncheck.o)
                0x0001712e                __utoa_ncheck
                0x00017130                __utoa_common
 .text.avr-libc
                0x00017160      0x2a6 c:/program files (x86)/atmel/studio/7.0/toolchain/avr8/avr8-gnu-toolchain/bin/../lib/gcc/avr/5.4.0/../../../../avr/lib/avrxmega7\libc.a(strtod.o)
                0x00017160                strtod
 .text.avr-libc
                0x00017406       0x10 c:/program files (x86)/atmel/studio/7.0/toolchain/avr8/avr8-gnu-toolchain/bin/../lib/gcc/avr/5.4.0/../../../../avr/lib/avrxmega7\libc.a(isspace.o)
                0x00017406                isspace
 .text.avr-libc
                0x00017416       0x30 c:/program files (x86)/atmel/studio/7.0/toolchain/avr8/avr8-gnu-toolchain/bin/../lib/gcc/avr/5.4.0/../../../../avr/lib/avrxmega7\libc.a(strncasecmp_P.o)
                0x00017416                strncasecmp_P
 .text.avr-libc
                0x00017446       0x20 c:/program files (x86)/atmel/studio/7.0/toolchain/avr8/avr8-gnu-toolchain/bin/../lib/gcc/avr/5.4.0/../../../../avr/lib/avrxmega7\libc.a(strrev.o)
                0x00017446                strrev
 .text.avr-libc
                0x00017466        0x6 c:/program files (x86)/atmel/studio/7.0/toolchain/avr8/avr8-gnu-toolchain/bin/../lib/gcc/avr/5.4.0/../../../../avr/lib/avrxmega7\libc.a(cty_isfalse.o)
                0x00017466                __ctype_isfalse
                0x0001746a                __ctype_istrue
                0x0001746c                . = ALIGN (0x2)
 *(.fini9)
 .fini9         0x0001746c        0x0 c:/program files (x86)/atmel/studio/7.0/toolchain/avr8/avr8-gnu-toolchain/bin/../lib/gcc/avr/5.4.0/avrxmega7\libgcc.a(_exit.o)
                0x0001746c                _exit
                0x0001746c                exit
 *(.fini9)
 *(.fini8)
 *(.fini8)
 *(.fini7)
 *(.fini7)
 *(.fini6)
 *(.fini6)
 *(.fini5)
 *(.fini5)
 *(.fini4)
 *(.fini4)
 *(.fini3)
 *(.fini3)
 *(.fini2)
 *(.fini2)
 *(.fini1)
 *(.fini1)
 *(.fini0)
 .fini0         0x0001746c        0x4 c:/program files (x86)/atmel/studio/7.0/toolchain/avr8/avr8-gnu-toolchain/bin/../lib/gcc/avr/5.4.0/avrxmega7\libgcc.a(_exit.o)
 *(.fini0)
                0x00017470                _etext = .

.BOOT           0x00017470       0x44
 .BOOT          0x00017470       0x44 src/ASF/xmega/drivers/nvm/nvm_asm.o
                0x00017470                nvm_common_spm
                0x0001748e                nvm_flash_load_word_to_buffer

.data           0x00802000      0x1a8 load address 0x000174b4
                0x00802000                PROVIDE (__data_start, .)
 *(.data)
 *(.data*)
 .data.CMD_LIST
                0x00802000       0x2e RealMain.o
 .data.heatDCOffsetEn
                0x0080202e        0x1 RealMain.o
                0x0080202e                heatDCOffsetEn
 .data.TECState
                0x0080202f        0x1 RealMain.o
                0x0080202f                TECState
 .data.udi_api_cdc_comm
                0x00802030        0xa src/ASF/common/services/usb/class/cdc/device/udi_cdc.o
                0x00802030                udi_api_cdc_comm
 .data.udi_api_cdc_data
                0x0080203a        0xa src/ASF/common/services/usb/class/cdc/device/udi_cdc.o
                0x0080203a                udi_api_cdc_data
 .data.udc_device_desc
                0x00802044       0x12 src/ASF/common/services/usb/class/cdc/device/udi_cdc_desc.o
                0x00802044                udc_device_desc
 .data.udc_desc_fs
                0x00802056       0x44 src/ASF/common/services/usb/class/cdc/device/udi_cdc_desc.o
                0x00802056                udc_desc_fs
 .data.udi_apis
                0x0080209a        0x4 src/ASF/common/services/usb/class/cdc/device/udi_cdc_desc.o
                0x0080209a                udi_apis
 .data.udc_config_fs
                0x0080209e        0x4 src/ASF/common/services/usb/class/cdc/device/udi_cdc_desc.o
                0x0080209e                udc_config_fs
 .data.udc_config
                0x008020a2        0x6 src/ASF/common/services/usb/class/cdc/device/udi_cdc_desc.o
                0x008020a2                udc_config
 .data.udc_string_desc_languageid
                0x008020a8        0x4 src/ASF/common/services/usb/udc/udc.o
 .data.udc_string_desc
                0x008020ac       0x10 src/ASF/common/services/usb/udc/udc.o
 *(.gnu.linkonce.d*)
 *(.rodata)
 .rodata        0x008020bc        0x7 RealMain.o
 .rodata        0x008020c3        0x8 src/ASF/common/services/usb/udc/udc.o
 *(.rodata*)
 .rodata.GET_CMD_CHAR
                0x008020cb        0x4 RealMain.o
 .rodata.SET_CMD_CHAR
                0x008020cf        0x4 RealMain.o
 .rodata.OK_CMD_RESP
                0x008020d3        0x3 RealMain.o
 .rodata.INVALID_PROBE_CHAR
                0x008020d6        0xe RealMain.o
 .rodata.UNKNOWN_CMD_CHAR
                0x008020e4        0xc RealMain.o
 .rodata.ROD_CMD_CHAR
                0x008020f0        0x4 RealMain.o
 .rodata.TEC_CMD_CHAR
                0x008020f4        0x4 RealMain.o
 .rodata.TEMP_SP_CMD_CHAR
                0x008020f8        0x8 RealMain.o
 .rodata.TEMP_SP_OFF_CMD_CHAR
                0x00802100        0xc RealMain.o
 .rodata.TEMP_CMD_CHAR
                0x0080210c        0x5 RealMain.o
 .rodata.TEMP_PID_CMD_CHAR
                0x00802111        0x9 RealMain.o
 .rodata.MTR_CUR_CMD_CHAR
                0x0080211a        0x8 RealMain.o
 .rodata.MTR_AD_CMD_CHAR
                0x00802122        0x9 RealMain.o
 .rodata.MTR_RATE_CMD_CHAR
                0x0080212b        0x8 RealMain.o
 .rodata.MTR_RATE_DUR_CMD_CHAR
                0x00802133        0x9 RealMain.o
 .rodata.MTR_LIVE_RATE_CMD_CHAR
                0x0080213c        0x6 RealMain.o
 .rodata.MTR_STOP_CMD_CHAR
                0x00802142        0x8 RealMain.o
 .rodata.MTR_STEP_RES_CMD_CHAR
                0x0080214a        0x9 RealMain.o
 .rodata.TEMP_IN_CHAR
                0x00802153        0x8 RealMain.o
 .rodata.PUMP_ON_CHAR
                0x0080215b        0x8 RealMain.o
 .rodata.PUMP_OFF_CHAR
                0x00802163        0x9 RealMain.o
 .rodata.PUMP_STATUS_CHAR
                0x0080216c        0xc RealMain.o
 .rodata.FAN_DUTY_CHAR
                0x00802178        0x9 RealMain.o
 .rodata.WDT_CHAR
                0x00802181        0x4 RealMain.o
 .rodata.WDT_RESET_CHAR
                0x00802185        0xa RealMain.o
 .rodata.EEPROM_CHAR
                0x0080218f        0x7 RealMain.o
 .rodata.CONST_HEAT_CHAR
                0x00802196        0x5 RealMain.o
 .rodata.NOISE_THRESH_CHAR
                0x0080219b        0xd RealMain.o
 *(.gnu.linkonce.r*)
                0x008021a8                . = ALIGN (0x2)
                0x008021a8                _edata = .
                0x008021a8                PROVIDE (__data_end, .)

.bss            0x008021a8      0x847
                0x008021a8                PROVIDE (__bss_start, .)
 *(.bss)
 *(.bss*)
 .bss.sysTime_ms
                0x008021a8        0x4 RealMain.o
                0x008021a8                sysTime_ms
 .bss.blinkTimeLED_ms
                0x008021ac        0x4 RealMain.o
                0x008021ac                blinkTimeLED_ms
 .bss.pumpTime_ms
                0x008021b0        0x4 RealMain.o
                0x008021b0                pumpTime_ms
 .bss.tempPIDUpdate_ms
                0x008021b4        0x4 RealMain.o
                0x008021b4                tempPIDUpdate_ms
 .bss.pumpDuration_ms
                0x008021b8        0x4 RealMain.o
                0x008021b8                pumpDuration_ms
 .bss.TECTime_ms
                0x008021bc        0x4 RealMain.o
                0x008021bc                TECTime_ms
 .bss.heatTimer_ms
                0x008021c0        0x4 RealMain.o
                0x008021c0                heatTimer_ms
 .bss.heatTimer_sec
                0x008021c4        0x4 RealMain.o
                0x008021c4                heatTimer_sec
 .bss.watchdogTime_ms
                0x008021c8        0x4 RealMain.o
                0x008021c8                watchdogTime_ms
 .bss.LEDState  0x008021cc        0x1 RealMain.o
                0x008021cc                LEDState
 .bss.LEDOnTime
                0x008021cd        0x2 RealMain.o
                0x008021cd                LEDOnTime
 .bss.LEDOffTime
                0x008021cf        0x2 RealMain.o
                0x008021cf                LEDOffTime
 .bss.LEDBlinkCount
                0x008021d1        0x2 RealMain.o
                0x008021d1                LEDBlinkCount
 .bss.curLEDBlinkCount
                0x008021d3        0x2 RealMain.o
                0x008021d3                curLEDBlinkCount
 .bss.fanEnabled
                0x008021d5        0x1 RealMain.o
                0x008021d5                fanEnabled
 .bss.pumpEnabled
                0x008021d6        0x1 RealMain.o
                0x008021d6                pumpEnabled
 .bss.heaterEnabled
                0x008021d7        0x1 RealMain.o
                0x008021d7                heaterEnabled
 .bss.heatTimerEnabled
                0x008021d8        0x1 RealMain.o
                0x008021d8                heatTimerEnabled
 .bss.cooldownCompleted
                0x008021d9        0x1 RealMain.o
                0x008021d9                cooldownCompleted
 .bss.staticHeatEnabled
                0x008021da        0x1 RealMain.o
                0x008021da                staticHeatEnabled
 .bss.RTDMsgAvailable
                0x008021db        0x1 RealMain.o
                0x008021db                RTDMsgAvailable
 .bss.tempSetPoint
                0x008021dc        0x4 RealMain.o
                0x008021dc                tempSetPoint
 .bss.curTemp   0x008021e0        0x4 RealMain.o
                0x008021e0                curTemp
 .bss.prevTemp  0x008021e4        0x4 RealMain.o
                0x008021e4                prevTemp
 .bss.adjOutput
                0x008021e8        0x4 RealMain.o
                0x008021e8                adjOutput
 .bss.probeNoiseThresh
                0x008021ec        0x4 RealMain.o
                0x008021ec                probeNoiseThresh
 .bss.probeNoiseSampleCount
                0x008021f0        0x2 RealMain.o
                0x008021f0                probeNoiseSampleCount
 .bss.tempProbeType
                0x008021f2        0x1 RealMain.o
                0x008021f2                tempProbeType
 .bss.heaterDCOffset
                0x008021f3        0x4 RealMain.o
                0x008021f3                heaterDCOffset
 .bss.USBDataReceived
                0x008021f7        0x1 RealMain.o
                0x008021f7                USBDataReceived
 .bss.USBReady  0x008021f8        0x1 RealMain.o
                0x008021f8                USBReady
 .bss.TECPWMDutyA
                0x008021f9        0x1 RealMain.o
                0x008021f9                TECPWMDutyA
 .bss.TECPWMDutyB
                0x008021fa        0x1 RealMain.o
                0x008021fa                TECPWMDutyB
 .bss.curTECPWMDutyA
                0x008021fb        0x1 RealMain.o
                0x008021fb                curTECPWMDutyA
 .bss.curTECPWMDutyB
                0x008021fc        0x1 RealMain.o
                0x008021fc                curTECPWMDutyB
 .bss.fanDuty   0x008021fd        0x1 RealMain.o
                0x008021fd                fanDuty
 .bss.WDTResetCount
                0x008021fe        0x4 RealMain.o
                0x008021fe                WDTResetCount
 .bss.WDTResetCountSet
                0x00802202        0x4 RealMain.o
                0x00802202                WDTResetCountSet
 .bss.adjSteps  0x00802206       0x10 RealMain.o
                0x00802206                adjSteps
 .bss.fanSenseDMABuffer
                0x00802216       0x40 RealMain.o
 .bss.thermDMABuffer
                0x00802256       0x40 RealMain.o
 .bss.pumpSenseDMABuffer
                0x00802296       0x40 RealMain.o
 .bss.udi_cdc_line_coding
                0x008022d6        0x8 src/ASF/common/services/usb/class/cdc/device/udi_cdc.o
 .bss.udi_cdc_state
                0x008022de        0x2 src/ASF/common/services/usb/class/cdc/device/udi_cdc.o
 .bss.uid_cdc_state_msg
                0x008022e0        0xa src/ASF/common/services/usb/class/cdc/device/udi_cdc.o
 .bss.udi_cdc_nb_comm_enabled
                0x008022ea        0x1 src/ASF/common/services/usb/class/cdc/device/udi_cdc.o
 .bss.udi_cdc_nb_data_enabled
                0x008022eb        0x1 src/ASF/common/services/usb/class/cdc/device/udi_cdc.o
 .bss.udi_cdc_data_running
                0x008022ec        0x1 src/ASF/common/services/usb/class/cdc/device/udi_cdc.o
 *fill*         0x008022ed        0x1 
 .bss.udi_cdc_rx_buf
                0x008022ee       0x80 src/ASF/common/services/usb/class/cdc/device/udi_cdc.o
 .bss.udi_cdc_rx_buf_nb
                0x0080236e        0x4 src/ASF/common/services/usb/class/cdc/device/udi_cdc.o
 .bss.udi_cdc_rx_buf_sel
                0x00802372        0x1 src/ASF/common/services/usb/class/cdc/device/udi_cdc.o
 .bss.udi_cdc_rx_pos
                0x00802373        0x2 src/ASF/common/services/usb/class/cdc/device/udi_cdc.o
 .bss.udi_cdc_rx_trans_ongoing
                0x00802375        0x1 src/ASF/common/services/usb/class/cdc/device/udi_cdc.o
 .bss.udi_cdc_tx_buf
                0x00802376       0x80 src/ASF/common/services/usb/class/cdc/device/udi_cdc.o
 .bss.udi_cdc_tx_buf_nb
                0x008023f6        0x4 src/ASF/common/services/usb/class/cdc/device/udi_cdc.o
 .bss.udi_cdc_tx_buf_sel
                0x008023fa        0x1 src/ASF/common/services/usb/class/cdc/device/udi_cdc.o
 .bss.udi_cdc_tx_sof_num
                0x008023fb        0x2 src/ASF/common/services/usb/class/cdc/device/udi_cdc.o
 .bss.udi_cdc_tx_trans_ongoing
                0x008023fd        0x1 src/ASF/common/services/usb/class/cdc/device/udi_cdc.o
 .bss.udi_cdc_tx_both_buf_to_send
                0x008023fe        0x1 src/ASF/common/services/usb/class/cdc/device/udi_cdc.o
 .bss.port_notify.5162
                0x008023ff        0x1 src/ASF/common/services/usb/class/cdc/device/udi_cdc.o
 .bss.sof_zlp_counter.5232
                0x00802400        0x2 src/ASF/common/services/usb/class/cdc/device/udi_cdc.o
 .bss.udc_device_status
                0x00802402        0x2 src/ASF/common/services/usb/udc/udc.o
 .bss.udc_iface_setting
                0x00802404        0x2 src/ASF/common/services/usb/udc/udc.o
 .bss.udc_num_configuration
                0x00802406        0x2 src/ASF/common/services/usb/udc/udc.o
 .bss.udc_ptr_conf
                0x00802408        0x2 src/ASF/common/services/usb/udc/udc.o
 .bss.udc_ptr_iface
                0x0080240a        0x2 src/ASF/common/services/usb/udc/udc.o
 .bss.udc_ep_status.4931
                0x0080240c        0x2 src/ASF/common/services/usb/udc/udc.o
 .bss.udd_b_idle
                0x0080240e        0x1 src/ASF/xmega/drivers/usb/usb_device.o
 *fill*         0x0080240f        0x1 
 .bss.udd_sram  0x00802410       0x50 src/ASF/xmega/drivers/usb/usb_device.o
 .bss.udd_ep_control_state
                0x00802460        0x1 src/ASF/xmega/drivers/usb/usb_device.o
 .bss.udd_ctrl_prev_payload_nb_trans
                0x00802461        0x2 src/ASF/xmega/drivers/usb/usb_device.o
 .bss.udd_ctrl_payload_nb_trans
                0x00802463        0x2 src/ASF/xmega/drivers/usb/usb_device.o
 .bss.udd_ctrl_buffer
                0x00802465       0x40 src/ASF/xmega/drivers/usb/usb_device.o
 .bss.udd_ep_job
                0x008024a5       0x24 src/ASF/xmega/drivers/usb/usb_device.o
 .bss.udd_ep_out_cache_buffer
                0x008024c9       0x80 src/ASF/xmega/drivers/usb/usb_device.o
 .bss.b_shortpacket.5649
                0x00802549        0x1 src/ASF/xmega/drivers/usb/usb_device.o
 .bss.dataTransferAuth
                0x0080254a        0x1 USB_Wrapper.o
 .bss.dataCount
                0x0080254b        0x2 USB_Wrapper.o
                0x0080254b                dataCount
 .bss.adca_enable_count
                0x0080254d        0x1 src/ASF/xmega/drivers/adc/adc.o
 .bss.adcb_enable_count
                0x0080254e        0x1 src/ASF/xmega/drivers/adc/adc.o
 .bss.tc_tcc0_ovf_callback
                0x0080254f        0x2 src/ASF/xmega/drivers/tc/tc.o
 .bss.tc_tcc0_err_callback
                0x00802551        0x2 src/ASF/xmega/drivers/tc/tc.o
 .bss.tc_tcc0_cca_callback
                0x00802553        0x2 src/ASF/xmega/drivers/tc/tc.o
 .bss.tc_tcc0_ccb_callback
                0x00802555        0x2 src/ASF/xmega/drivers/tc/tc.o
 .bss.tc_tcc0_ccc_callback
                0x00802557        0x2 src/ASF/xmega/drivers/tc/tc.o
 .bss.tc_tcc0_ccd_callback
                0x00802559        0x2 src/ASF/xmega/drivers/tc/tc.o
 .bss.tc_tcc1_ovf_callback
                0x0080255b        0x2 src/ASF/xmega/drivers/tc/tc.o
 .bss.tc_tcc1_err_callback
                0x0080255d        0x2 src/ASF/xmega/drivers/tc/tc.o
 .bss.tc_tcc1_cca_callback
                0x0080255f        0x2 src/ASF/xmega/drivers/tc/tc.o
 .bss.tc_tcc1_ccb_callback
                0x00802561        0x2 src/ASF/xmega/drivers/tc/tc.o
 .bss.tc_tcd0_ovf_callback
                0x00802563        0x2 src/ASF/xmega/drivers/tc/tc.o
 .bss.tc_tcd0_err_callback
                0x00802565        0x2 src/ASF/xmega/drivers/tc/tc.o
 .bss.tc_tcd0_cca_callback
                0x00802567        0x2 src/ASF/xmega/drivers/tc/tc.o
 .bss.tc_tcd0_ccb_callback
                0x00802569        0x2 src/ASF/xmega/drivers/tc/tc.o
 .bss.tc_tcd0_ccc_callback
                0x0080256b        0x2 src/ASF/xmega/drivers/tc/tc.o
 .bss.tc_tcd0_ccd_callback
                0x0080256d        0x2 src/ASF/xmega/drivers/tc/tc.o
 .bss.tc_tcd1_ovf_callback
                0x0080256f        0x2 src/ASF/xmega/drivers/tc/tc.o
 .bss.tc_tcd1_err_callback
                0x00802571        0x2 src/ASF/xmega/drivers/tc/tc.o
 .bss.tc_tcd1_cca_callback
                0x00802573        0x2 src/ASF/xmega/drivers/tc/tc.o
 .bss.tc_tcd1_ccb_callback
                0x00802575        0x2 src/ASF/xmega/drivers/tc/tc.o
 .bss.tc_tce0_ovf_callback
                0x00802577        0x2 src/ASF/xmega/drivers/tc/tc.o
 .bss.tc_tce0_err_callback
                0x00802579        0x2 src/ASF/xmega/drivers/tc/tc.o
 .bss.tc_tce0_cca_callback
                0x0080257b        0x2 src/ASF/xmega/drivers/tc/tc.o
 .bss.tc_tce0_ccb_callback
                0x0080257d        0x2 src/ASF/xmega/drivers/tc/tc.o
 .bss.tc_tce0_ccc_callback
                0x0080257f        0x2 src/ASF/xmega/drivers/tc/tc.o
 .bss.tc_tce0_ccd_callback
                0x00802581        0x2 src/ASF/xmega/drivers/tc/tc.o
 .bss.tc_tce1_ovf_callback