Archive member included to satisfy reference by file (symbol)

c:/program files (x86)/atmel/studio/7.0/toolchain/avr8/avr8-gnu-toolchain/bin/../lib/gcc/avr/5.4.0/../../../../avr/lib/avrxmega7\libm.a(addsf3.o)
                              RealMain.o (__subsf3)
c:/program files (x86)/atmel/studio/7.0/toolchain/avr8/avr8-gnu-toolchain/bin/../lib/gcc/avr/5.4.0/../../../../avr/lib/avrxmega7\libm.a(addsf3x.o)
                              c:/program files (x86)/atmel/studio/7.0/toolchain/avr8/avr8-gnu-toolchain/bin/../lib/gcc/avr/5.4.0/../../../../avr/lib/avrxmega7\libm.a(addsf3.o) (__addsf3x)
c:/program files (x86)/atmel/studio/7.0/toolchain/avr8/avr8-gnu-toolchain/bin/../lib/gcc/avr/5.4.0/../../../../avr/lib/avrxmega7\libm.a(cmpsf2.o)
                              RealMain.o (__eqsf2)
c:/program files (x86)/atmel/studio/7.0/toolchain/avr8/avr8-gnu-toolchain/bin/../lib/gcc/avr/5.4.0/../../../../avr/lib/avrxmega7\libm.a(divsf3.o)
                              RealMain.o (__divsf3)
c:/program files (x86)/atmel/studio/7.0/toolchain/avr8/avr8-gnu-toolchain/bin/../lib/gcc/avr/5.4.0/../../../../avr/lib/avrxmega7\libm.a(divsf3x.o)
                              c:/program files (x86)/atmel/studio/7.0/toolchain/avr8/avr8-gnu-toolchain/bin/../lib/gcc/avr/5.4.0/../../../../avr/lib/avrxmega7\libm.a(divsf3.o) (__divsf3x)
c:/program files (x86)/atmel/studio/7.0/toolchain/avr8/avr8-gnu-toolchain/bin/../lib/gcc/avr/5.4.0/../../../../avr/lib/avrxmega7\libm.a(fixsfdi.o)
                              TEC_Controller.o (__fixunssfdi)
c:/program files (x86)/atmel/studio/7.0/toolchain/avr8/avr8-gnu-toolchain/bin/../lib/gcc/avr/5.4.0/../../../../avr/lib/avrxmega7\libm.a(fixsfsi.o)
                              RealMain.o (__fixsfsi)
c:/program files (x86)/atmel/studio/7.0/toolchain/avr8/avr8-gnu-toolchain/bin/../lib/gcc/avr/5.4.0/../../../../avr/lib/avrxmega7\libm.a(fixunssfsi.o)
                              RealMain.o (__fixunssfsi)
c:/program files (x86)/atmel/studio/7.0/toolchain/avr8/avr8-gnu-toolchain/bin/../lib/gcc/avr/5.4.0/../../../../avr/lib/avrxmega7\libm.a(floatsisf.o)
                              RealMain.o (__floatunsisf)
c:/program files (x86)/atmel/studio/7.0/toolchain/avr8/avr8-gnu-toolchain/bin/../lib/gcc/avr/5.4.0/../../../../avr/lib/avrxmega7\libm.a(floatundisf.o)
                              TEC_Controller.o (__floatundisf)
c:/program files (x86)/atmel/studio/7.0/toolchain/avr8/avr8-gnu-toolchain/bin/../lib/gcc/avr/5.4.0/../../../../avr/lib/avrxmega7\libm.a(fp_cmp.o)
                              c:/program files (x86)/atmel/studio/7.0/toolchain/avr8/avr8-gnu-toolchain/bin/../lib/gcc/avr/5.4.0/../../../../avr/lib/avrxmega7\libm.a(cmpsf2.o) (__fp_cmp)
c:/program files (x86)/atmel/studio/7.0/toolchain/avr8/avr8-gnu-toolchain/bin/../lib/gcc/avr/5.4.0/../../../../avr/lib/avrxmega7\libm.a(fp_inf.o)
                              c:/program files (x86)/atmel/studio/7.0/toolchain/avr8/avr8-gnu-toolchain/bin/../lib/gcc/avr/5.4.0/../../../../avr/lib/avrxmega7\libm.a(addsf3x.o) (__fp_inf)
c:/program files (x86)/atmel/studio/7.0/toolchain/avr8/avr8-gnu-toolchain/bin/../lib/gcc/avr/5.4.0/../../../../avr/lib/avrxmega7\libm.a(fp_nan.o)
                              c:/program files (x86)/atmel/studio/7.0/toolchain/avr8/avr8-gnu-toolchain/bin/../lib/gcc/avr/5.4.0/../../../../avr/lib/avrxmega7\libm.a(addsf3x.o) (__fp_nan)
c:/program files (x86)/atmel/studio/7.0/toolchain/avr8/avr8-gnu-toolchain/bin/../lib/gcc/avr/5.4.0/../../../../avr/lib/avrxmega7\libm.a(fp_negdi.o)
                              c:/program files (x86)/atmel/studio/7.0/toolchain/avr8/avr8-gnu-toolchain/bin/../lib/gcc/avr/5.4.0/../../../../avr/lib/avrxmega7\libm.a(fixsfdi.o) (__fp_negdi)
c:/program files (x86)/atmel/studio/7.0/toolchain/avr8/avr8-gnu-toolchain/bin/../lib/gcc/avr/5.4.0/../../../../avr/lib/avrxmega7\libm.a(fp_pscA.o)
                              c:/program files (x86)/atmel/studio/7.0/toolchain/avr8/avr8-gnu-toolchain/bin/../lib/gcc/avr/5.4.0/../../../../avr/lib/avrxmega7\libm.a(addsf3x.o) (__fp_pscA)
c:/program files (x86)/atmel/studio/7.0/toolchain/avr8/avr8-gnu-toolchain/bin/../lib/gcc/avr/5.4.0/../../../../avr/lib/avrxmega7\libm.a(fp_pscB.o)
                              c:/program files (x86)/atmel/studio/7.0/toolchain/avr8/avr8-gnu-toolchain/bin/../lib/gcc/avr/5.4.0/../../../../avr/lib/avrxmega7\libm.a(addsf3x.o) (__fp_pscB)
c:/program files (x86)/atmel/studio/7.0/toolchain/avr8/avr8-gnu-toolchain/bin/../lib/gcc/avr/5.4.0/../../../../avr/lib/avrxmega7\libm.a(fp_round.o)
                              c:/program files (x86)/atmel/studio/7.0/toolchain/avr8/avr8-gnu-toolchain/bin/../lib/gcc/avr/5.4.0/../../../../avr/lib/avrxmega7\libm.a(addsf3.o) (__fp_round)
c:/program files (x86)/atmel/studio/7.0/toolchain/avr8/avr8-gnu-toolchain/bin/../lib/gcc/avr/5.4.0/../../../../avr/lib/avrxmega7\libm.a(fp_split3.o)
[...]
Memory Configuration

Name             Origin             Length             Attributes
text             0x00000000         0x00100000         xr
data             0x00802000         0x0000ffa0         rw !x
eeprom           0x00810000         0x00010000         rw !x
fuse             0x00820000         0x00000006         rw !x
lock             0x00830000         0x00000400         rw !x
signature        0x00840000         0x00000400         rw !x
user_signatures  0x00850000         0x00000400         rw !x
*default*        0x00000000         0xffffffff

Linker script and memory map

LOAD C:/Program Files (x86)/Atmel/Studio/7.0/Packs/atmel/XMEGAA_DFP/1.1.68/gcc/dev/atxmega128a1u/avrxmega7/crtatxmega128a1u.o
LOAD ADC_Wrapper.o
LOAD NVM_wrapper.o
LOAD RealMain.o
LOAD RTC_Wrapper.o
LOAD RTD_Wrapper.o
LOAD SPI_Wrapper.o
LOAD WDT_wrapper.o
LOAD src/ASF/common/drivers/nvm/xmega/xmega_nvm.o
LOAD src/ASF/common/services/hugemem/avr8/avr8_hugemem.o
LOAD src/ASF/common/services/usb/class/cdc/device/udi_cdc.o
LOAD src/ASF/common/services/usb/class/cdc/device/udi_cdc_desc.o
LOAD src/ASF/common/services/usb/udc/udc.o
LOAD src/ASF/xmega/drivers/dma/dma.o
LOAD src/ASF/xmega/drivers/rtc/rtc.o
LOAD src/ASF/xmega/drivers/usb/usb_device.o
LOAD TEC_Controller.o
LOAD TempPIDControl.o
LOAD USB_Wrapper.o
LOAD src/ASF/common/services/spi/xmega_spi/spi_master.o
LOAD src/ASF/xmega/drivers/spi/spi.o
LOAD src/ASF/xmega/drivers/adc/adc.o
LOAD StepperMotor.o
LOAD src/ASF/xmega/drivers/adc/xmega_aau/adc_aau.o
LOAD src/ASF/common/services/sleepmgr/xmega/sleepmgr.o
LOAD src/ASF/common/services/ioport/xmega/ioport_compat.o
LOAD src/ASF/common/services/clock/xmega/sysclk.o
LOAD src/ASF/xmega/drivers/nvm/nvm.o
LOAD src/ASF/xmega/drivers/tc/tc.o
LOAD src/ASF/xmega/drivers/wdt/wdt.o
LOAD src/ASF/xmega/services/pwm/pwm.o
LOAD src/ASF/xmega/drivers/nvm/nvm_asm.o
LOAD src/ASF/xmega/drivers/cpu/ccp.o
LOAD src/ASF/common/boards/user_board/init.o
LOAD src/main.o
START GROUP
LOAD c:/program files (x86)/atmel/studio/7.0/toolchain/avr8/avr8-gnu-toolchain/bin/../lib/gcc/avr/5.4.0/../../../../avr/lib/avrxmega7\libm.a
END GROUP
START GROUP
LOAD c:/program files (x86)/atmel/studio/7.0/toolchain/avr8/avr8-gnu-toolchain/bin/../lib/gcc/avr/5.4.0/avrxmega7\libgcc.a
LOAD c:/program files (x86)/atmel/studio/7.0/toolchain/avr8/avr8-gnu-toolchain/bin/../lib/gcc/avr/5.4.0/../../../../avr/lib/avrxmega7\libm.a
LOAD c:/program files (x86)/atmel/studio/7.0/toolchain/avr8/avr8-gnu-toolchain/bin/../lib/gcc/avr/5.4.0/../../../../avr/lib/avrxmega7\libc.a
LOAD C:/Program Files (x86)/Atmel/Studio/7.0/Packs/atmel/XMEGAA_DFP/1.1.68/gcc/dev/atxmega128a1u/avrxmega7\libatxmega128a1u.a
END GROUP
                0x00100000                __TEXT_REGION_LENGTH__ = DEFINED (__TEXT_REGION_LENGTH__)?__TEXT_REGION_LENGTH__:0x100000
                0x0000ffa0                __DATA_REGION_LENGTH__ = DEFINED (__DATA_REGION_LENGTH__)?__DATA_REGION_LENGTH__:0xffa0
                0x00010000                __EEPROM_REGION_LENGTH__ = DEFINED (__EEPROM_REGION_LENGTH__)?__EEPROM_REGION_LENGTH__:0x10000
                [0x00000006]                __FUSE_REGION_LENGTH__ = DEFINED (__FUSE_REGION_LENGTH__)?__FUSE_REGION_LENGTH__:0x400
                0x00000400                __LOCK_REGION_LENGTH__ = DEFINED (__LOCK_REGION_LENGTH__)?__LOCK_REGION_LENGTH__:0x400
                0x00000400                __SIGNATURE_REGION_LENGTH__ = DEFINED (__SIGNATURE_REGION_LENGTH__)?__SIGNATURE_REGION_LENGTH__:0x400
                0x00000400                __USER_SIGNATURE_REGION_LENGTH__ = DEFINED (__USER_SIGNATURE_REGION_LENGTH__)?__USER_SIGNATURE_REGION_LENGTH__:0x400

.hash
 *(.hash)

.dynsym
 *(.dynsym)

.dynstr
 *(.dynstr)

.gnu.version
 *(.gnu.version)

.gnu.version_d
 *(.gnu.version_d)

.gnu.version_r
 *(.gnu.version_r)

.rel.init
 *(.rel.init)

.rela.init
 *(.rela.init)

.rel.text
 *(.rel.text)
 *(.rel.text.*)
 *(.rel.gnu.linkonce.t*)

.rela.text
 *(.rela.text)
 *(.rela.text.*)
 *(.rela.gnu.linkonce.t*)

.rel.fini
 *(.rel.fini)

.rela.fini
 *(.rela.fini)

.rel.rodata
 *(.rel.rodata)
 *(.rel.rodata.*)
 *(.rel.gnu.linkonce.r*)

.rela.rodata
 *(.rela.rodata)
 *(.rela.rodata.*)
 *(.rela.gnu.linkonce.r*)

.rel.data
 *(.rel.data)
 *(.rel.data.*)
 *(.rel.gnu.linkonce.d*)

.rela.data
 *(.rela.data)
 *(.rela.data.*)
 *(.rela.gnu.linkonce.d*)

.rel.ctors
 *(.rel.ctors)

.rela.ctors
 *(.rela.ctors)

.rel.dtors
 *(.rel.dtors)

.rela.dtors
 *(.rela.dtors)

.rel.got
 *(.rel.got)

.rela.got
 *(.rela.got)

.rel.bss
 *(.rel.bss)

.rela.bss
 *(.rela.bss)

.rel.plt
 *(.rel.plt)

.rela.plt
 *(.rela.plt)

.text           0x00000000    0x167de
 *(.vectors)
 .vectors       0x00000000      0x1fc C:/Program Files (x86)/Atmel/Studio/7.0/Packs/atmel/XMEGAA_DFP/1.1.68/gcc/dev/atxmega128a1u/avrxmega7/crtatxmega128a1u.o
                0x00000000                __vector_default
                0x00000000                __vectors
 *(.vectors)
 *(.progmem.gcc*)
 .progmem.gcc_sw_table.handle_received_USB_cmd
                0x000001fc       0x2a RealMain.o
 .progmem.gcc_sw_table.handle_LEDs
                0x00000226        0xe RealMain.o
 .progmem.gcc_sw_table.udd_ep_get_size
                0x00000234        0xe src/ASF/xmega/drivers/usb/usb_device.o
 .progmem.gcc_sw_table.pwm_init
                0x00000242       0x10 src/ASF/xmega/services/pwm/pwm.o
                0x00000252                . = ALIGN (0x2)
                0x00000252                __trampolines_start = .
 *(.trampolines)
 .trampolines   0x00000252        0x0 linker stubs
 *(.trampolines*)
                0x00000252                __trampolines_end = .
 *libprintf_flt.a:*(.progmem.data)
 *libc.a:*(.progmem.data)
 .progmem.data  0x00000252       0x3b c:/program files (x86)/atmel/studio/7.0/toolchain/avr8/avr8-gnu-toolchain/bin/../lib/gcc/avr/5.4.0/../../../../avr/lib/avrxmega7\libc.a(strtod.o)
 *(.progmem*)
 .progmem.data.thermSensorLUT
                0x0000028d     0x1e48 RealMain.o
 .progmem.data.RTDSensorLUT
                0x000020d5     0x31bc RealMain.o
                0x00005292                . = ALIGN (0x2)
 *fill*         0x00005291        0x1 
 *(.jumptables)
 *(.jumptables*)
 *(.lowtext)
 *(.lowtext*)
                0x00005292                __ctors_start = .
 *(.ctors)
                0x00005292                __ctors_end = .
                0x00005292                __dtors_start = .
 *(.dtors)
                0x00005292                __dtors_end = .
 SORT(*)(.ctors)
 SORT(*)(.dtors)
 *(.init0)
 .init0         0x00005292        0x0 C:/Program Files (x86)/Atmel/Studio/7.0/Packs/atmel/XMEGAA_DFP/1.1.68/gcc/dev/atxmega128a1u/avrxmega7/crtatxmega128a1u.o
                0x00005292                __init
 *(.init0)
 *(.init1)
 *(.init1)
 *(.init2)
 .init2         0x00005292       0x18 C:/Program Files (x86)/Atmel/Studio/7.0/Packs/atmel/XMEGAA_DFP/1.1.68/gcc/dev/atxmega128a1u/avrxmega7/crtatxmega128a1u.o
 *(.init2)
 *(.init3)
 *(.init3)
 *(.init4)
 .init4         0x000052aa       0x1c c:/program files (x86)/atmel/studio/7.0/toolchain/avr8/avr8-gnu-toolchain/bin/../lib/gcc/avr/5.4.0/avrxmega7\libgcc.a(_copy_data.o)
                0x000052aa                __do_copy_data
 .init4         0x000052c6       0x10 c:/program files (x86)/atmel/studio/7.0/toolchain/avr8/avr8-gnu-toolchain/bin/../lib/gcc/avr/5.4.0/avrxmega7\libgcc.a(_clear_bss.o)
                0x000052c6                __do_clear_bss
 *(.init4)
 *(.init5)
 *(.init5)
 *(.init6)
 *(.init6)
 *(.init7)
 *(.init7)
 *(.init8)
 *(.init8)
 *(.init9)
 .init9         0x000052d6        0x8 C:/Program Files (x86)/Atmel/Studio/7.0/Packs/atmel/XMEGAA_DFP/1.1.68/gcc/dev/atxmega128a1u/avrxmega7/crtatxmega128a1u.o
 *(.init9)
 *(.text)
 .text          0x000052de        0x4 C:/Program Files (x86)/Atmel/Studio/7.0/Packs/atmel/XMEGAA_DFP/1.1.68/gcc/dev/atxmega128a1u/avrxmega7/crtatxmega128a1u.o
                0x000052de                __vector_38
                0x000052de                __vector_104
                0x000052de                __vector_63
                0x000052de                __vector_28
                0x000052de                __vector_67
                0x000052de                __vector_1
                0x000052de                __vector_119
                0x000052de                __vector_32
                0x000052de                __vector_75
                0x000052de                __vector_91
                0x000052de                __vector_62
                0x000052de                __vector_102
                0x000052de                __vector_24
                0x000052de                __vector_12
                0x000052de                __vector_69
                0x000052de                __vector_90
                0x000052de                __vector_46
                0x000052de                __bad_interrupt
                0x000052de                __vector_122
                0x000052de                __vector_31
                0x000052de                __vector_92
                0x000052de                __vector_35
                0x000052de                __vector_107
                0x000052de                __vector_3
                0x000052de                __vector_105
                0x000052de                __vector_98
                0x000052de                __vector_68
                0x000052de                __vector_30
                0x000052de                __vector_45
                0x000052de                __vector_25
                0x000052de                __vector_93
                0x000052de                __vector_61
                0x000052de                __vector_99
                0x000052de                __vector_13
                0x000052de                __vector_123
                0x000052de                __vector_100
                0x000052de                __vector_101
                0x000052de                __vector_64
                0x000052de                __vector_88
                0x000052de                __vector_43
                0x000052de                __vector_27
                0x000052de                __vector_5
                0x000052de                __vector_33
                0x000052de                __vector_76
                0x000052de                __vector_37
                0x000052de                __vector_95
                0x000052de                __vector_103
                0x000052de                __vector_96
                0x000052de                __vector_89
                0x000052de                __vector_4
                0x000052de                __vector_44
                0x000052de                __vector_106
                0x000052de                __vector_118
                0x000052de                __vector_66
                0x000052de                __vector_36
                0x000052de                __vector_58
                0x000052de                __vector_70
                0x000052de                __vector_29
                0x000052de                __vector_60
                0x000052de                __vector_121
                0x000052de                __vector_94
                0x000052de                __vector_26
                0x000052de                __vector_124
                0x000052de                __vector_57
                0x000052de                __vector_59
                0x000052de                __vector_97
                0x000052de                __vector_87
                0x000052de                __vector_65
                0x000052de                __vector_120
                0x000052e2                . = ALIGN (0x2)
 *(.text.*)
 .text.osc_get_rate
                0x000052e2       0x6a ADC_Wrapper.o
 .text.pll_get_default_rate_priv
                0x0000534c       0xa4 ADC_Wrapper.o
 .text.sysclk_get_main_hz
                0x000053f0       0x22 ADC_Wrapper.o
 .text.sysclk_get_per4_hz
                0x00005412       0x32 ADC_Wrapper.o
 .text.sysclk_get_per2_hz
                0x00005444       0x18 ADC_Wrapper.o
 .text.sysclk_get_per_hz
                0x0000545c       0x18 ADC_Wrapper.o
 .text.adc_set_clock_rate
                0x00005474       0xca ADC_Wrapper.o
 .text.adc_set_conversion_parameters
                0x0000553e       0x7e ADC_Wrapper.o
 .text.adc_set_conversion_trigger
                0x000055bc      0x194 ADC_Wrapper.o
 .text.adcch_get_gain_setting
                0x00005750       0x8a ADC_Wrapper.o
 .text.adcch_set_input
                0x000057da      0x158 ADC_Wrapper.o
 .text.init_ADC
                0x00005932       0xe6 ADC_Wrapper.o
                0x00005932                init_ADC
 .text.init_NVM
                0x00005a18       0x16 NVM_wrapper.o
                0x00005a18                init_NVM
 .text.write_to_NVM
                0x00005a2e       0x64 NVM_wrapper.o
                0x00005a2e                write_to_NVM
 .text.read_from_NVM
                0x00005a92       0x64 NVM_wrapper.o
                0x00005a92                read_from_NVM
 .text.cpu_irq_save
                0x00005af6       0x20 RealMain.o
 .text.cpu_irq_restore
                0x00005b16       0x20 RealMain.o
 .text.pmic_init
                0x00005b36       0x1a RealMain.o
 .text.dma_channel_enable
                0x00005b50       0x50 RealMain.o
 .text.dma_channel_set_burst_length
                0x00005ba0       0x48 RealMain.o
 .text.dma_channel_set_src_reload_mode
                0x00005be8       0x48 RealMain.o
 .text.dma_channel_set_dest_reload_mode
                0x00005c30       0x48 RealMain.o
 .text.dma_channel_set_src_dir_mode
                0x00005c78       0x48 RealMain.o
 .text.dma_channel_set_dest_dir_mode
                0x00005cc0       0x48 RealMain.o
 .text.dma_channel_set_trigger_source
                0x00005d08       0x28 RealMain.o
 .text.dma_channel_set_transfer_count
                0x00005d30       0x30 RealMain.o
 .text.dma_channel_set_repeats
                0x00005d60       0x3c RealMain.o
 .text.dma_channel_set_destination_address
                0x00005d9c       0x30 RealMain.o
 .text.dma_channel_set_source_address
                0x00005dcc       0x30 RealMain.o
 .text.ioport_configure_pin
                0x00005dfc       0x7a RealMain.o
 .text.ioport_set_pin_low
                0x00005e76       0xaa RealMain.o
 .text.ioport_set_pin_high
                0x00005f20       0xac RealMain.o
 .text.ioport_init
                0x00005fcc       0x10 RealMain.o
 .text.ioport_set_pin_dir
                0x00005fdc       0xb4 RealMain.o
 .text.ioport_get_pin_level
                0x00006090       0x80 RealMain.o
 .text.tc_set_overflow_interrupt_level
                0x00006110       0x48 RealMain.o
 .text.tc_set_cca_interrupt_level
                0x00006158       0x48 RealMain.o
 .text.tc_set_ccb_interrupt_level
                0x000061a0       0x56 RealMain.o
 .text.tc_write_clock_source
                0x000061f6       0x38 RealMain.o
 .text.tc_write_period
                0x0000622e       0x30 RealMain.o
 .text.tc_clear_overflow
                0x0000625e       0x30 RealMain.o
 .text.tc_enable_cc_channels
                0x0000628e       0x68 RealMain.o
 .text.tc_write_cc
                0x000062f6       0xd4 RealMain.o
 .text.tc_set_wgm
                0x000063ca       0x38 RealMain.o
 .text.__vector_34
                0x00006402       0xbe RealMain.o
                0x00006402                __vector_34
 .text.__vector_2
                0x000064c0       0x50 RealMain.o
                0x000064c0                __vector_2
 .text.sys_clk_overflow_callback
                0x00006510      0x148 RealMain.o
 .text.heater_cc_overflow_callback
                0x00006658       0x1c RealMain.o
 .text.fan_cc_overflow_callback
                0x00006674       0x1c RealMain.o
 .text.heater_timer_overflow_callback
                0x00006690       0x28 RealMain.o
 .text.rod_position_timer_overflow_callback
                0x000066b8       0x48 RealMain.o
 .text.mixer_timer_overflow_callback
                0x00006700       0x48 RealMain.o
 .text.lower_mixer_timer_overflow_callback
                0x00006748       0x48 RealMain.o
 .text.pump_timer_overflow_callback
                0x00006790       0x48 RealMain.o
 .text.real_main
                0x000067d8      0x308 RealMain.o
                0x000067d8                real_main
 .text.init_IO  0x00006ae0      0x110 RealMain.o
                0x00006ae0                init_IO
 .text.init_motor_structs
                0x00006bf0      0x1de RealMain.o
                0x00006bf0                init_motor_structs
 .text.init_steppers_SPI_control
                0x00006dce      0x4d0 RealMain.o
                0x00006dce                init_steppers_SPI_control
 .text.init_sys_timer
                0x0000729e       0x4c RealMain.o
                0x0000729e                init_sys_timer
 .text.init_heater_timer
                0x000072ea       0x7a RealMain.o
                0x000072ea                init_heater_timer
 .text.init_fan_timer
                0x00007364       0x3e RealMain.o
                0x00007364                init_fan_timer
 .text.parse_received_USB_msg
                0x000073a2      0x508 RealMain.o
                0x000073a2                parse_received_USB_msg
 .text.check_cmd_type
                0x000078aa       0xdc RealMain.o
                0x000078aa                check_cmd_type
 .text.convert_cmd_str_to_char
                0x00007986      0x158 RealMain.o
                0x00007986                convert_cmd_str_to_char
 .text.convert_msg_data_to_num
                0x00007ade       0x2a RealMain.o
                0x00007ade                convert_msg_data_to_num
 .text.convert_int_to_string
                0x00007b08       0x38 RealMain.o
                0x00007b08                convert_int_to_string
 .text.convert_float_to_string
                0x00007b40      0x1bc RealMain.o
                0x00007b40                convert_float_to_string
 .text.convert_received_motor_to_index
                0x00007cfc       0x4e RealMain.o
                0x00007cfc                convert_received_motor_to_index
 .text.check_motor_index
                0x00007d4a       0x20 RealMain.o
                0x00007d4a                check_motor_index
 .text.handle_received_USB_cmd
                0x00007d6a     0x24a4 RealMain.o
                0x00007d6a                handle_received_USB_cmd
 .text.check_received_data_limits
                0x0000a20e       0x78 RealMain.o
                0x0000a20e                check_received_data_limits
 .text.calc_temp_from_ADC_reading
                0x0000a286       0xd6 RealMain.o
                0x0000a286                calc_temp_from_ADC_reading
 .text.calc_temp_from_RTD_reading
                0x0000a35c       0xb2 RealMain.o
                0x0000a35c                calc_temp_from_RTD_reading
 .text.clear_receivedUSBMsg
                0x0000a40e       0xb2 RealMain.o
                0x0000a40e                clear_receivedUSBMsg
 .text.flush_USB_rx_buffer
                0x0000a4c0       0x32 RealMain.o
                0x0000a4c0                flush_USB_rx_buffer
 .text.flush_USB_tx_buffer
                0x0000a4f2       0x32 RealMain.o
                0x0000a4f2                flush_USB_tx_buffer
 .text.handle_LEDs
                0x0000a524      0x2c0 RealMain.o
                0x0000a524                handle_LEDs
 .text.handle_temp_PID
                0x0000a7e4      0x198 RealMain.o
                0x0000a7e4                handle_temp_PID
 .text.handle_pump
                0x0000a97c       0x60 RealMain.o
                0x0000a97c                handle_pump
 .text.handle_fan
                0x0000a9dc       0x3c RealMain.o
                0x0000a9dc                handle_fan
 .text.reset_blink_time_LED
                0x0000aa18       0x20 RealMain.o
                0x0000aa18                reset_blink_time_LED
 .text.calc_buff_average
                0x0000aa38       0xc8 RealMain.o
                0x0000aa38                calc_buff_average
 .text.init_DMA
                0x0000ab00      0x1d2 RealMain.o
                0x0000ab00                init_DMA
 .text.init_RTD_sensor
                0x0000acd2       0x2a RTD_Wrapper.o
                0x0000acd2                init_RTD_sensor
 .text.get_RTD_sensor_reading
                0x0000acfc       0xa6 RTD_Wrapper.o
                0x0000acfc                get_RTD_sensor_reading
 .text.ioport_configure_pin
                0x0000ada2       0x7a SPI_Wrapper.o
 .text.spi_enable
                0x0000ae1c       0x30 SPI_Wrapper.o
 .text.spi_get  0x0000ae4c       0x22 SPI_Wrapper.o
 .text.spi_read_single
                0x0000ae6e       0x32 SPI_Wrapper.o
 .text.init_SPI_IO
                0x0000aea0       0x70 SPI_Wrapper.o
                0x0000aea0                init_SPI_IO
 .text.init_SPI
                0x0000af10       0x8a SPI_Wrapper.o
                0x0000af10                init_SPI
 .text.select_SPI_device
                0x0000af9a       0x52 SPI_Wrapper.o
                0x0000af9a                select_SPI_device
 .text.deselect_SPI_device
                0x0000afec       0x4a SPI_Wrapper.o
                0x0000afec                deselect_SPI_device
 .text.send_msg
                0x0000b036       0x48 SPI_Wrapper.o
                0x0000b036                send_msg
 .text.read_msg
                0x0000b07e       0x66 SPI_Wrapper.o
                0x0000b07e                read_msg
 .text.enable_WDT
                0x0000b0e4       0x14 WDT_wrapper.o
                0x0000b0e4                enable_WDT
 .text.disable_WDT
                0x0000b0f8       0x14 WDT_wrapper.o
                0x0000b0f8                disable_WDT
 .text.set_WDT_timeout
                0x0000b10c       0x1c WDT_wrapper.o
                0x0000b10c                set_WDT_timeout
 .text.reset_WDT
                0x0000b128       0x12 WDT_wrapper.o
                0x0000b128                reset_WDT
 .text.nvm_init
                0x0000b13a       0x26 src/ASF/common/drivers/nvm/xmega/xmega_nvm.o
                0x0000b13a                nvm_init
 .text.nvm_read
                0x0000b160       0xa4 src/ASF/common/drivers/nvm/xmega/xmega_nvm.o
                0x0000b160                nvm_read
 .text.nvm_write
                0x0000b204       0xa8 src/ASF/common/drivers/nvm/xmega/xmega_nvm.o
                0x0000b204                nvm_write
 .text.cpu_irq_save
                0x0000b2ac       0x20 src/ASF/common/services/usb/class/cdc/device/udi_cdc.o
 .text.cpu_irq_restore
                0x0000b2cc       0x20 src/ASF/common/services/usb/class/cdc/device/udi_cdc.o
 .text.udi_cdc_comm_enable
                0x0000b2ec      0x1c8 src/ASF/common/services/usb/class/cdc/device/udi_cdc.o
                0x0000b2ec                udi_cdc_comm_enable
 .text.udi_cdc_data_enable
                0x0000b4b4      0x116 src/ASF/common/services/usb/class/cdc/device/udi_cdc.o
                0x0000b4b4                udi_cdc_data_enable
 .text.udi_cdc_comm_disable
                0x0000b5ca       0x1a src/ASF/common/services/usb/class/cdc/device/udi_cdc.o
                0x0000b5ca                udi_cdc_comm_disable
 .text.udi_cdc_data_disable
                0x0000b5e4       0x2c src/ASF/common/services/usb/class/cdc/device/udi_cdc.o
                0x0000b5e4                udi_cdc_data_disable
 .text.udi_cdc_comm_setup
                0x0000b610      0x100 src/ASF/common/services/usb/class/cdc/device/udi_cdc.o
                0x0000b610                udi_cdc_comm_setup
 .text.udi_cdc_data_setup
                0x0000b710       0x10 src/ASF/common/services/usb/class/cdc/device/udi_cdc.o
                0x0000b710                udi_cdc_data_setup
 .text.udi_cdc_getsetting
                0x0000b720       0x10 src/ASF/common/services/usb/class/cdc/device/udi_cdc.o
                0x0000b720                udi_cdc_getsetting
 .text.udi_cdc_data_sof_notify
                0x0000b730       0x16 src/ASF/common/services/usb/class/cdc/device/udi_cdc.o
                0x0000b730                udi_cdc_data_sof_notify
 .text.udi_cdc_setup_to_port
                0x0000b746       0x2a src/ASF/common/services/usb/class/cdc/device/udi_cdc.o
 .text.udi_cdc_line_coding_received
                0x0000b770       0x18 src/ASF/common/services/usb/class/cdc/device/udi_cdc.o
 .text.udi_cdc_rx_start
                0x0000b788      0x12c src/ASF/common/services/usb/class/cdc/device/udi_cdc.o
 .text.udi_cdc_data_received
                0x0000b8b4       0xdc src/ASF/common/services/usb/class/cdc/device/udi_cdc.o
 .text.udi_cdc_data_sent
                0x0000b990       0x96 src/ASF/common/services/usb/class/cdc/device/udi_cdc.o
 .text.udi_cdc_tx_send
                0x0000ba26      0x264 src/ASF/common/services/usb/class/cdc/device/udi_cdc.o
 .text.udi_cdc_multi_get_nb_received_data
                0x0000bc8a       0x7e src/ASF/common/services/usb/class/cdc/device/udi_cdc.o
                0x0000bc8a                udi_cdc_multi_get_nb_received_data
 .text.udi_cdc_get_nb_received_data
                0x0000bd08       0x12 src/ASF/common/services/usb/class/cdc/device/udi_cdc.o
                0x0000bd08                udi_cdc_get_nb_received_data
 .text.udi_cdc_multi_is_rx_ready
                0x0000bd1a       0x22 src/ASF/common/services/usb/class/cdc/device/udi_cdc.o
                0x0000bd1a                udi_cdc_multi_is_rx_ready
 .text.udi_cdc_is_rx_ready
                0x0000bd3c       0x12 src/ASF/common/services/usb/class/cdc/device/udi_cdc.o
                0x0000bd3c                udi_cdc_is_rx_ready
 .text.udi_cdc_multi_getc
                0x0000bd4e      0x148 src/ASF/common/services/usb/class/cdc/device/udi_cdc.o
                0x0000bd4e                udi_cdc_multi_getc
 .text.udi_cdc_getc
                0x0000be96       0x12 src/ASF/common/services/usb/class/cdc/device/udi_cdc.o
                0x0000be96                udi_cdc_getc
 .text.udi_cdc_multi_get_free_tx_buffer
                0x0000bea8       0xd6 src/ASF/common/services/usb/class/cdc/device/udi_cdc.o
                0x0000bea8                udi_cdc_multi_get_free_tx_buffer
 .text.udi_cdc_multi_is_tx_ready
                0x0000bf7e       0x22 src/ASF/common/services/usb/class/cdc/device/udi_cdc.o
                0x0000bf7e                udi_cdc_multi_is_tx_ready
 .text.udi_cdc_multi_putc
                0x0000bfa0      0x11a src/ASF/common/services/usb/class/cdc/device/udi_cdc.o
                0x0000bfa0                udi_cdc_multi_putc
 .text.udi_cdc_putc
                0x0000c0ba       0x24 src/ASF/common/services/usb/class/cdc/device/udi_cdc.o
                0x0000c0ba                udi_cdc_putc
 .text.udc_get_string_serial_name
                0x0000c0de       0x12 src/ASF/common/services/usb/udc/udc.o
 .text.udc_get_eof_conf
                0x0000c0f0       0x34 src/ASF/common/services/usb/udc/udc.o
 .text.udc_next_desc_in_iface
                0x0000c124       0x8e src/ASF/common/services/usb/udc/udc.o
 .text.udc_update_iface_desc
                0x0000c1b2       0xd2 src/ASF/common/services/usb/udc/udc.o
 .text.udc_iface_disable
                0x0000c284       0xb8 src/ASF/common/services/usb/udc/udc.o
 .text.udc_iface_enable
                0x0000c33c       0xac src/ASF/common/services/usb/udc/udc.o
 .text.udc_start
                0x0000c3e8       0x14 src/ASF/common/services/usb/udc/udc.o
                0x0000c3e8                udc_start
 .text.udc_reset
                0x0000c3fc       0x4e src/ASF/common/services/usb/udc/udc.o
                0x0000c3fc                udc_reset
 .text.udc_sof_notify
                0x0000c44a       0x96 src/ASF/common/services/usb/udc/udc.o
                0x0000c44a                udc_sof_notify
 .text.udc_req_std_dev_get_status
                0x0000c4e0       0x2c src/ASF/common/services/usb/udc/udc.o
 .text.udc_req_std_ep_get_status
                0x0000c50c       0x44 src/ASF/common/services/usb/udc/udc.o
 .text.udc_req_std_dev_clear_feature
                0x0000c550       0x42 src/ASF/common/services/usb/udc/udc.o
 .text.udc_req_std_ep_clear_feature
                0x0000c592       0x3a src/ASF/common/services/usb/udc/udc.o
 .text.udc_req_std_dev_set_feature
                0x0000c5cc       0x32 src/ASF/common/services/usb/udc/udc.o
 .text.udc_req_std_ep_set_feature
                0x0000c5fe       0x46 src/ASF/common/services/usb/udc/udc.o
 .text.udc_valid_address
                0x0000c644       0x1e src/ASF/common/services/usb/udc/udc.o
 .text.udc_req_std_dev_set_address
                0x0000c662       0x2c src/ASF/common/services/usb/udc/udc.o
 .text.udc_req_std_dev_get_str_desc
                0x0000c68e       0xb2 src/ASF/common/services/usb/udc/udc.o
 .text.udc_req_std_dev_get_descriptor
                0x0000c740      0x148 src/ASF/common/services/usb/udc/udc.o
 .text.udc_req_std_dev_get_configuration
                0x0000c888       0x2c src/ASF/common/services/usb/udc/udc.o
 .text.udc_req_std_dev_set_configuration
                0x0000c8b4       0xce src/ASF/common/services/usb/udc/udc.o
 .text.udc_req_std_iface_get_setting
                0x0000c982       0xb0 src/ASF/common/services/usb/udc/udc.o
 .text.udc_req_std_iface_set_setting
                0x0000ca32       0x5e src/ASF/common/services/usb/udc/udc.o
 .text.udc_reqstd
                0x0000ca90      0x142 src/ASF/common/services/usb/udc/udc.o
 .text.udc_req_iface
                0x0000cbd2       0xb2 src/ASF/common/services/usb/udc/udc.o
 .text.udc_req_ep
                0x0000cc84       0xae src/ASF/common/services/usb/udc/udc.o
 .text.udc_process_setup
                0x0000cd32       0x8e src/ASF/common/services/usb/udc/udc.o
                0x0000cd32                udc_process_setup
 .text.cpu_irq_save
                0x0000cdc0       0x20 src/ASF/xmega/drivers/dma/dma.o
 .text.cpu_irq_restore
                0x0000cde0       0x20 src/ASF/xmega/drivers/dma/dma.o
 .text.sleepmgr_lock_mode
                0x0000ce00       0x50 src/ASF/xmega/drivers/dma/dma.o
 .text.dma_get_channel_status
                0x0000ce50      0x132 src/ASF/xmega/drivers/dma/dma.o
 .text.dma_enable
                0x0000cf82       0x30 src/ASF/xmega/drivers/dma/dma.o
                0x0000cf82                dma_enable
 .text.dma_interrupt
                0x0000cfb2       0x80 src/ASF/xmega/drivers/dma/dma.o
 .text.__vector_6
                0x0000d032       0x9a src/ASF/xmega/drivers/dma/dma.o
                0x0000d032                __vector_6
 .text.__vector_7
                0x0000d0cc       0x9a src/ASF/xmega/drivers/dma/dma.o
                0x0000d0cc                __vector_7
 .text.__vector_8
                0x0000d166       0x9a src/ASF/xmega/drivers/dma/dma.o
                0x0000d166                __vector_8
 .text.__vector_9
                0x0000d200       0x9a src/ASF/xmega/drivers/dma/dma.o
                0x0000d200                __vector_9
 .text.dma_channel_write_config
                0x0000d29a      0x110 src/ASF/xmega/drivers/dma/dma.o
                0x0000d29a                dma_channel_write_config
 .text.__vector_10
                0x0000d3aa       0x60 src/ASF/xmega/drivers/rtc/rtc.o
                0x0000d3aa                __vector_10
 .text.__vector_11
                0x0000d40a      0x180 src/ASF/xmega/drivers/rtc/rtc.o
                0x0000d40a                __vector_11
 .text.cpu_irq_save
                0x0000d58a       0x20 src/ASF/xmega/drivers/usb/usb_device.o
 .text.cpu_irq_restore
                0x0000d5aa       0x20 src/ASF/xmega/drivers/usb/usb_device.o
 .text.nvm_read_production_signature_row
                0x0000d5ca       0x22 src/ASF/xmega/drivers/usb/usb_device.o
 .text.usb_pad_init
                0x0000d5ec       0x58 src/ASF/xmega/drivers/usb/usb_device.o
 .text.sleepmgr_lock_mode
                0x0000d644       0x50 src/ASF/xmega/drivers/usb/usb_device.o
 .text.sleepmgr_unlock_mode
                0x0000d694       0x50 src/ASF/xmega/drivers/usb/usb_device.o
 .text.udd_sleep_mode
                0x0000d6e4       0x48 src/ASF/xmega/drivers/usb/usb_device.o
 .text.udd_enable
                0x0000d72c      0x128 src/ASF/xmega/drivers/usb/usb_device.o
                0x0000d72c                udd_enable
 .text.udd_attach
                0x0000d854       0x8e src/ASF/xmega/drivers/usb/usb_device.o
                0x0000d854                udd_attach
 .text.udd_is_high_speed
                0x0000d8e2       0x10 src/ASF/xmega/drivers/usb/usb_device.o
                0x0000d8e2                udd_is_high_speed
 .text.udd_set_address
                0x0000d8f2       0x20 src/ASF/xmega/drivers/usb/usb_device.o
                0x0000d8f2                udd_set_address
 .text.udd_getaddress
                0x0000d912       0x16 src/ASF/xmega/drivers/usb/usb_device.o
                0x0000d912                udd_getaddress
 .text.udd_get_frame_number
                0x0000d928       0x16 src/ASF/xmega/drivers/usb/usb_device.o
                0x0000d928                udd_get_frame_number
 .text.udd_get_micro_frame_number
                0x0000d93e       0x12 src/ASF/xmega/drivers/usb/usb_device.o
                0x0000d93e                udd_get_micro_frame_number
 .text.udd_set_setup_payload
                0x0000d950       0x3a src/ASF/xmega/drivers/usb/usb_device.o
                0x0000d950                udd_set_setup_payload
 .text.udd_ep_alloc
                0x0000d98a       0x90 src/ASF/xmega/drivers/usb/usb_device.o
                0x0000d98a                udd_ep_alloc
 .text.udd_ep_free
                0x0000da1a       0x2e src/ASF/xmega/drivers/usb/usb_device.o
                0x0000da1a                udd_ep_free
 .text.udd_ep_is_halted
                0x0000da48       0x3a src/ASF/xmega/drivers/usb/usb_device.o
                0x0000da48                udd_ep_is_halted
 .text.udd_ep_set_halt
                0x0000da82       0x48 src/ASF/xmega/drivers/usb/usb_device.o
                0x0000da82                udd_ep_set_halt
 .text.udd_ep_clear_halt
                0x0000daca       0x84 src/ASF/xmega/drivers/usb/usb_device.o
                0x0000daca                udd_ep_clear_halt
 .text.udd_ep_run
                0x0000db4e      0x190 src/ASF/xmega/drivers/usb/usb_device.o
                0x0000db4e                udd_ep_run
 .text.udd_ep_abort
                0x0000dcde       0x98 src/ASF/xmega/drivers/usb/usb_device.o
                0x0000dcde                udd_ep_abort
 .text.__vector_125
                0x0000dd76      0x174 src/ASF/xmega/drivers/usb/usb_device.o
                0x0000dd76                __vector_125
 .text.__vector_126
                0x0000deea      0x186 src/ASF/xmega/drivers/usb/usb_device.o
                0x0000deea                __vector_126
 .text.udd_ep_init
                0x0000e070       0xec src/ASF/xmega/drivers/usb/usb_device.o
 .text.udd_ep_get_ctrl
                0x0000e15c       0x46 src/ASF/xmega/drivers/usb/usb_device.o
 .text.udd_ctrl_init
                0x0000e1a2       0x8e src/ASF/xmega/drivers/usb/usb_device.o
 .text.udd_ctrl_setup_received
                0x0000e230       0xda src/ASF/xmega/drivers/usb/usb_device.o
 .text.udd_ctrl_in_sent
                0x0000e30a      0x12a src/ASF/xmega/drivers/usb/usb_device.o
 .text.udd_ctrl_out_received
                0x0000e434      0x17c src/ASF/xmega/drivers/usb/usb_device.o
 .text.udd_ctrl_underflow
                0x0000e5b0       0x58 src/ASF/xmega/drivers/usb/usb_device.o
 .text.udd_ctrl_overflow
                0x0000e608       0x58 src/ASF/xmega/drivers/usb/usb_device.o
 .text.udd_ctrl_stall_data
                0x0000e660       0x2e src/ASF/xmega/drivers/usb/usb_device.o
 .text.udd_ctrl_send_zlp_in
                0x0000e68e       0x2c src/ASF/xmega/drivers/usb/usb_device.o
 .text.udd_ctrl_send_zlp_out
                0x0000e6ba       0x24 src/ASF/xmega/drivers/usb/usb_device.o
 .text.udd_ctrl_endofrequest
                0x0000e6de       0x28 src/ASF/xmega/drivers/usb/usb_device.o
 .text.udd_ctrl_interrupt_error
                0x0000e706       0x78 src/ASF/xmega/drivers/usb/usb_device.o
 .text.udd_ctrl_interrupt_tc_setup
                0x0000e77e       0x60 src/ASF/xmega/drivers/usb/usb_device.o
 .text.udd_ep_get_size
                0x0000e7de       0x80 src/ASF/xmega/drivers/usb/usb_device.o
 .text.udd_ep_get_job
                0x0000e85e       0x50 src/ASF/xmega/drivers/usb/usb_device.o
 .text.udd_ep_trans_complet
                0x0000e8ae      0x3ce src/ASF/xmega/drivers/usb/usb_device.o
 .text.osc_get_rate
                0x0000ec7c       0x6a TEC_Controller.o
 .text.pll_get_default_rate_priv
                0x0000ece6       0xa4 TEC_Controller.o
 .text.sysclk_get_main_hz
                0x0000ed8a       0x22 TEC_Controller.o
 .text.sysclk_get_per4_hz
                0x0000edac       0x32 TEC_Controller.o
 .text.sysclk_get_per2_hz
                0x0000edde       0x18 TEC_Controller.o
 .text.sysclk_get_per_hz
                0x0000edf6       0x18 TEC_Controller.o
 .text.sysclk_get_cpu_hz
                0x0000ee0e       0x18 TEC_Controller.o
 .text.__portable_avr_delay_cycles
                0x0000ee26       0x16 TEC_Controller.o
 .text.ioport_configure_pin
                0x0000ee3c       0x7a TEC_Controller.o
 .text.ioport_set_pin_low
                0x0000eeb6       0xaa TEC_Controller.o
 .text.ioport_set_pin_high
                0x0000ef60       0xac TEC_Controller.o
 .text.init_TEC_controller
                0x0000f00c       0x70 TEC_Controller.o
                0x0000f00c                init_TEC_controller
 .text.set_TEC_pwm_A_duty
                0x0000f07c       0x20 TEC_Controller.o
                0x0000f07c                set_TEC_pwm_A_duty
 .text.set_TEC_pwm_A_freq
                0x0000f09c       0x34 TEC_Controller.o
                0x0000f09c                set_TEC_pwm_A_freq
 .text.set_TEC_pwm_B_duty
                0x0000f0d0       0x20 TEC_Controller.o
                0x0000f0d0                set_TEC_pwm_B_duty
 .text.set_TEC_pwm_B_freq
                0x0000f0f0       0x34 TEC_Controller.o
                0x0000f0f0                set_TEC_pwm_B_freq
 .text.reset_TEC_A
                0x0000f124      0x236 TEC_Controller.o
                0x0000f124                reset_TEC_A
 .text.reset_TEC_B
                0x0000f35a      0x236 TEC_Controller.o
                0x0000f35a                reset_TEC_B
 .text.recover_from_OTSD
                0x0000f590       0x14 TEC_Controller.o
                0x0000f590                recover_from_OTSD
 .text.pwm_set_TEC_frequency_32bit
                0x0000f5a4      0x18a TEC_Controller.o
                0x0000f5a4                pwm_set_TEC_frequency_32bit
 .text.compute_temp_PID_duty
                0x0000f72e      0x2e8 TempPIDControl.o
                0x0000f72e                compute_temp_PID_duty
 .text.my_callback_cdc_enable
                0x0000fa16       0x16 USB_Wrapper.o
                0x0000fa16                my_callback_cdc_enable
 .text.my_callback_cdc_disable
                0x0000fa2c       0x14 USB_Wrapper.o
                0x0000fa2c                my_callback_cdc_disable
 .text.my_callback_rx_notify
                0x0000fa40       0xb4 USB_Wrapper.o
                0x0000fa40                my_callback_rx_notify
 .text.get_last_msg_length
                0x0000faf4       0x16 USB_Wrapper.o
                0x0000faf4                get_last_msg_length
 .text.send_cmd_response
                0x0000fb0a       0x50 USB_Wrapper.o
                0x0000fb0a                send_cmd_response
 .text.init_USB
                0x0000fb5a       0x3e USB_Wrapper.o
                0x0000fb5a                init_USB
 .text.check_USB_ready
                0x0000fb98       0x12 USB_Wrapper.o
                0x0000fb98                check_USB_ready
 .text.ioport_set_pin_low
                0x0000fbaa       0xaa src/ASF/common/services/spi/xmega_spi/spi_master.o
 .text.ioport_set_pin_high
                0x0000fc54       0xac src/ASF/common/services/spi/xmega_spi/spi_master.o
 .text.spi_put  0x0000fd00       0x28 src/ASF/common/services/spi/xmega_spi/spi_master.o
 .text.spi_is_tx_ok
                0x0000fd28       0x28 src/ASF/common/services/spi/xmega_spi/spi_master.o
 .text.spi_enable_master_mode
                0x0000fd50       0x30 src/ASF/common/services/spi/xmega_spi/spi_master.o
 .text.spi_is_rx_full
                0x0000fd80       0x20 src/ASF/common/services/spi/xmega_spi/spi_master.o
 .text.osc_get_rate
                0x0000fda0       0x6a src/ASF/common/services/spi/xmega_spi/spi_master.o
 .text.pll_get_default_rate_priv
                0x0000fe0a       0xa4 src/ASF/common/services/spi/xmega_spi/spi_master.o
 .text.sysclk_get_main_hz
                0x0000feae       0x22 src/ASF/common/services/spi/xmega_spi/spi_master.o
 .text.sysclk_get_per4_hz
                0x0000fed0       0x32 src/ASF/common/services/spi/xmega_spi/spi_master.o
 .text.sysclk_get_per2_hz
                0x0000ff02       0x18 src/ASF/common/services/spi/xmega_spi/spi_master.o
 .text.sysclk_get_per_hz
                0x0000ff1a       0x18 src/ASF/common/services/spi/xmega_spi/spi_master.o
 .text.sysclk_get_cpu_hz
                0x0000ff32       0x18 src/ASF/common/services/spi/xmega_spi/spi_master.o
 .text.spi_master_init
                0x0000ff4a       0x6a src/ASF/common/services/spi/xmega_spi/spi_master.o
                0x0000ff4a                spi_master_init
 .text.spi_master_setup_device
                0x0000ffb4       0x9a src/ASF/common/services/spi/xmega_spi/spi_master.o
                0x0000ffb4                spi_master_setup_device
 .text.spi_write_packet
                0x0001004e       0x72 src/ASF/common/services/spi/xmega_spi/spi_master.o
                0x0001004e                spi_write_packet
 .text.spi_select_device
                0x000100c0       0x2c src/ASF/common/services/spi/xmega_spi/spi_master.o
                0x000100c0                spi_select_device
 .text.spi_deselect_device
                0x000100ec       0x2c src/ASF/common/services/spi/xmega_spi/spi_master.o
                0x000100ec                spi_deselect_device
 .text.spi_xmega_set_baud_div
                0x00010118       0xf0 src/ASF/xmega/drivers/spi/spi.o
                0x00010118                spi_xmega_set_baud_div
 .text.cpu_irq_save
                0x00010208       0x20 src/ASF/xmega/drivers/adc/adc.o
 .text.cpu_irq_restore
                0x00010228       0x20 src/ASF/xmega/drivers/adc/adc.o
 .text.sleepmgr_lock_mode
                0x00010248       0x50 src/ASF/xmega/drivers/adc/adc.o
 .text.adc_enable_clock
                0x00010298       0x62 src/ASF/xmega/drivers/adc/adc.o
                0x00010298                adc_enable_clock
 .text.adc_disable_clock
                0x000102fa       0x66 src/ASF/xmega/drivers/adc/adc.o
                0x000102fa                adc_disable_clock
 .text.adc_enable
                0x00010360       0x42 src/ASF/xmega/drivers/adc/adc.o
                0x00010360                adc_enable
 .text.ioport_configure_pin
                0x000103a2       0x7a StepperMotor.o
 .text.ioport_set_pin_low
                0x0001041c       0xaa StepperMotor.o
 .text.ioport_set_pin_high
                0x000104c6       0xac StepperMotor.o
 .text.ioport_get_pin_level
                0x00010572       0x80 StepperMotor.o
 .text.osc_get_rate
                0x000105f2       0x6a StepperMotor.o
 .text.pll_get_default_rate_priv
                0x0001065c       0xa4 StepperMotor.o
 .text.sysclk_get_main_hz
                0x00010700       0x22 StepperMotor.o
 .text.sysclk_get_per4_hz
                0x00010722       0x32 StepperMotor.o
 .text.sysclk_get_per2_hz
                0x00010754       0x18 StepperMotor.o
 .text.sysclk_get_per_hz
                0x0001076c       0x18 StepperMotor.o
 .text.sysclk_get_cpu_hz
                0x00010784       0x18 StepperMotor.o
 .text.tc_write_cc_buffer
                0x0001079c       0xd4 StepperMotor.o
 .text.pwm_set_duty_cycle_percent
                0x00010870       0x70 StepperMotor.o
 .text.set_motor_step_resolution
                0x000108e0       0xbc StepperMotor.o
                0x000108e0                set_motor_step_resolution
 .text.set_motor_speed
                0x0001099c      0x132 StepperMotor.o
                0x0001099c                set_motor_speed
 .text.set_motor_steps
                0x00010ace       0x34 StepperMotor.o
                0x00010ace                set_motor_steps
 .text.set_motor_direction
                0x00010b02       0x4a StepperMotor.o
                0x00010b02                set_motor_direction
 .text.set_motor_accel_time
                0x00010b4c       0x76 StepperMotor.o
                0x00010b4c                set_motor_accel_time
 .text.set_motor_decel_time
                0x00010bc2       0x52 StepperMotor.o
                0x00010bc2                set_motor_decel_time
 .text.handle_accel
                0x00010c14      0x1f6 StepperMotor.o
                0x00010c14                handle_accel
 .text.handle_decel
                0x00010e0a      0x18a StepperMotor.o
                0x00010e0a                handle_decel
 .text.init_motor_timers
                0x00010f94       0x3c StepperMotor.o
                0x00010f94                init_motor_timers
 .text.init_stepper_motor_pins
                0x00010fd0       0xe8 StepperMotor.o
                0x00010fd0                init_stepper_motor_pins
 .text.get_motor_hold_current_percent
                0x000110b8       0x86 StepperMotor.o
                0x000110b8                get_motor_hold_current_percent
 .text.set_motor_hold_current
                0x0001113e      0x16e StepperMotor.o
                0x0001113e                set_motor_hold_current
 .text.start_motor
                0x000112ac       0xd4 StepperMotor.o
                0x000112ac                start_motor
 .text.stop_motor
                0x00011380       0xa2 StepperMotor.o
                0x00011380                stop_motor
 .text.enable_motor
                0x00011422       0x34 StepperMotor.o
                0x00011422                enable_motor
 .text.disable_motor
                0x00011456       0x34 StepperMotor.o
                0x00011456                disable_motor
 .text.reset_motor_config
                0x0001148a       0xa2 StepperMotor.o
                0x0001148a                reset_motor_config
 .text.pwm_set_frequency_32bit
                0x0001152c      0x18a StepperMotor.o
                0x0001152c                pwm_set_frequency_32bit
 .text.cpu_irq_save
                0x000116b6       0x20 src/ASF/xmega/drivers/adc/xmega_aau/adc_aau.o
 .text.cpu_irq_restore
                0x000116d6       0x20 src/ASF/xmega/drivers/adc/xmega_aau/adc_aau.o
 .text.nvm_read_production_signature_row
                0x000116f6       0x22 src/ASF/xmega/drivers/adc/xmega_aau/adc_aau.o
 .text.adc_get_calibration_data
                0x00011718       0xc2 src/ASF/xmega/drivers/adc/xmega_aau/adc_aau.o
 .text.__vector_71
                0x000117da      0x118 src/ASF/xmega/drivers/adc/xmega_aau/adc_aau.o
                0x000117da                __vector_71
 .text.__vector_72
                0x000118f2      0x118 src/ASF/xmega/drivers/adc/xmega_aau/adc_aau.o
                0x000118f2                __vector_72
 .text.__vector_73
                0x00011a0a      0x118 src/ASF/xmega/drivers/adc/xmega_aau/adc_aau.o
                0x00011a0a                __vector_73
 .text.__vector_74
                0x00011b22      0x118 src/ASF/xmega/drivers/adc/xmega_aau/adc_aau.o
                0x00011b22                __vector_74
 .text.__vector_39
                0x00011c3a      0x118 src/ASF/xmega/drivers/adc/xmega_aau/adc_aau.o
                0x00011c3a                __vector_39
 .text.__vector_40
                0x00011d52      0x118 src/ASF/xmega/drivers/adc/xmega_aau/adc_aau.o
                0x00011d52                __vector_40
 .text.__vector_41
                0x00011e6a      0x118 src/ASF/xmega/drivers/adc/xmega_aau/adc_aau.o
                0x00011e6a                __vector_41
 .text.__vector_42
                0x00011f82      0x118 src/ASF/xmega/drivers/adc/xmega_aau/adc_aau.o
                0x00011f82                __vector_42
 .text.adc_write_configuration
                0x0001209a       0xf4 src/ASF/xmega/drivers/adc/xmega_aau/adc_aau.o
                0x0001209a                adc_write_configuration
 .text.adc_read_configuration
                0x0001218e       0xa4 src/ASF/xmega/drivers/adc/xmega_aau/adc_aau.o
                0x0001218e                adc_read_configuration
 .text.adcch_write_configuration
                0x00012232       0xee src/ASF/xmega/drivers/adc/xmega_aau/adc_aau.o
                0x00012232                adcch_write_configuration
 .text.adcch_read_configuration
                0x00012320       0xee src/ASF/xmega/drivers/adc/xmega_aau/adc_aau.o
                0x00012320                adcch_read_configuration
 .text.ioport_configure_port_pin
                0x0001240e       0xba src/ASF/common/services/ioport/xmega/ioport_compat.o
                0x0001240e                ioport_configure_port_pin
 .text.cpu_irq_save
                0x000124c8       0x20 src/ASF/common/services/clock/xmega/sysclk.o
 .text.cpu_irq_restore
                0x000124e8       0x20 src/ASF/common/services/clock/xmega/sysclk.o
 .text.osc_enable_internal
                0x00012508       0x36 src/ASF/common/services/clock/xmega/sysclk.o
 .text.osc_enable_external
                0x0001253e       0x40 src/ASF/common/services/clock/xmega/sysclk.o
 .text.osc_disable
                0x0001257e       0x3a src/ASF/common/services/clock/xmega/sysclk.o
 .text.osc_enable
                0x000125b8       0x26 src/ASF/common/services/clock/xmega/sysclk.o
 .text.osc_is_ready
                0x000125de       0x28 src/ASF/common/services/clock/xmega/sysclk.o
 .text.osc_enable_autocalibration
                0x00012606      0x102 src/ASF/common/services/clock/xmega/sysclk.o
 .text.osc_user_calibration
                0x00012708       0x6c src/ASF/common/services/clock/xmega/sysclk.o
 .text.osc_wait_ready
                0x00012774       0x26 src/ASF/common/services/clock/xmega/sysclk.o
 .text.pll_config_init
                0x0001279a       0x3a src/ASF/common/services/clock/xmega/sysclk.o
 .text.pll_config_write
                0x000127d4       0x32 src/ASF/common/services/clock/xmega/sysclk.o
 .text.pll_enable
                0x00012806       0x4a src/ASF/common/services/clock/xmega/sysclk.o
 .text.pll_is_locked
                0x00012850       0x34 src/ASF/common/services/clock/xmega/sysclk.o
 .text.pll_enable_source
                0x00012884       0x6e src/ASF/common/services/clock/xmega/sysclk.o
 .text.pll_enable_config_defaults
                0x000128f2       0x66 src/ASF/common/services/clock/xmega/sysclk.o
 .text.nvm_read_production_signature_row
                0x00012958       0x22 src/ASF/common/services/clock/xmega/sysclk.o
 .text.sysclk_init
                0x0001297a       0xa4 src/ASF/common/services/clock/xmega/sysclk.o
                0x0001297a                sysclk_init
 .text.sysclk_enable_module
                0x00012a1e       0x48 src/ASF/common/services/clock/xmega/sysclk.o
                0x00012a1e                sysclk_enable_module
 .text.sysclk_disable_module
                0x00012a66       0x44 src/ASF/common/services/clock/xmega/sysclk.o
                0x00012a66                sysclk_disable_module
 .text.sysclk_enable_usb
                0x00012aaa       0x5a src/ASF/common/services/clock/xmega/sysclk.o
                0x00012aaa                sysclk_enable_usb
 .text.nvm_wait_until_ready
                0x00012b04       0x1c src/ASF/xmega/drivers/nvm/nvm.o
 .text.nvm_exec
                0x00012b20       0x1a src/ASF/xmega/drivers/nvm/nvm.o
 .text.nvm_issue_command
                0x00012b3a       0x42 src/ASF/xmega/drivers/nvm/nvm.o
 .text.nvm_read_user_signature_row
                0x00012b7c       0x26 src/ASF/xmega/drivers/nvm/nvm.o
 .text.eeprom_enable_mapping
                0x00012ba2       0x22 src/ASF/xmega/drivers/nvm/nvm.o
 .text.eeprom_disable_mapping
                0x00012bc4       0x22 src/ASF/xmega/drivers/nvm/nvm.o
 .text.nvm_flash_read_byte
                0x00012be6       0x48 src/ASF/xmega/drivers/nvm/nvm.o
 .text.nvm_flash_read_word
                0x00012c2e       0x4e src/ASF/xmega/drivers/nvm/nvm.o
 .text.nvm_flash_split_write_app_page
                0x00012c7c       0x36 src/ASF/xmega/drivers/nvm/nvm.o
 .text.nvm_flash_atomic_write_app_page
                0x00012cb2       0x36 src/ASF/xmega/drivers/nvm/nvm.o
 .text.nvm_flash_erase_user_section
                0x00012ce8       0x1e src/ASF/xmega/drivers/nvm/nvm.o
 .text.nvm_flash_write_user_page
                0x00012d06       0x1e src/ASF/xmega/drivers/nvm/nvm.o
 .text.nvm_eeprom_read_buffer
                0x00012d24       0x42 src/ASF/xmega/drivers/nvm/nvm.o
                0x00012d24                nvm_eeprom_read_buffer
 .text.nvm_eeprom_write_byte
                0x00012d66       0x6c src/ASF/xmega/drivers/nvm/nvm.o
                0x00012d66                nvm_eeprom_write_byte
 .text.nvm_eeprom_erase_and_write_buffer
                0x00012dd2       0xb0 src/ASF/xmega/drivers/nvm/nvm.o
                0x00012dd2                nvm_eeprom_erase_and_write_buffer
 .text.nvm_eeprom_flush_buffer
                0x00012e82       0x32 src/ASF/xmega/drivers/nvm/nvm.o
                0x00012e82                nvm_eeprom_flush_buffer
 .text.nvm_eeprom_load_byte_to_buffer
                0x00012eb4       0x30 src/ASF/xmega/drivers/nvm/nvm.o
                0x00012eb4                nvm_eeprom_load_byte_to_buffer
 .text.nvm_eeprom_load_page_to_buffer
                0x00012ee4       0x46 src/ASF/xmega/drivers/nvm/nvm.o
                0x00012ee4                nvm_eeprom_load_page_to_buffer
 .text.nvm_eeprom_atomic_write_page
                0x00012f2a       0x5c src/ASF/xmega/drivers/nvm/nvm.o
                0x00012f2a                nvm_eeprom_atomic_write_page
 .text.nvm_flash_read_buffer
                0x00012f86       0x8a src/ASF/xmega/drivers/nvm/nvm.o
                0x00012f86                nvm_flash_read_buffer
 .text.nvm_user_sig_read_buffer
                0x00013010       0x6e src/ASF/xmega/drivers/nvm/nvm.o
                0x00013010                nvm_user_sig_read_buffer
 .text.nvm_user_sig_write_buffer
                0x0001307e      0x15c src/ASF/xmega/drivers/nvm/nvm.o
                0x0001307e                nvm_user_sig_write_buffer
 .text.nvm_flash_erase_and_write_buffer
                0x000131da      0x1d2 src/ASF/xmega/drivers/nvm/nvm.o
                0x000131da                nvm_flash_erase_and_write_buffer
 .text.cpu_irq_save
                0x000133ac       0x20 src/ASF/xmega/drivers/tc/tc.o
 .text.cpu_irq_restore
                0x000133cc       0x20 src/ASF/xmega/drivers/tc/tc.o
 .text.sleepmgr_lock_mode
                0x000133ec       0x50 src/ASF/xmega/drivers/tc/tc.o
 .text.__vector_14
                0x0001343c       0xae src/ASF/xmega/drivers/tc/tc.o
                0x0001343c                __vector_14
 .text.__vector_15
                0x000134ea       0xae src/ASF/xmega/drivers/tc/tc.o
                0x000134ea                __vector_15
 .text.__vector_16
                0x00013598       0xae src/ASF/xmega/drivers/tc/tc.o
                0x00013598                __vector_16
 .text.__vector_17
                0x00013646       0xae src/ASF/xmega/drivers/tc/tc.o
                0x00013646                __vector_17
 .text.__vector_18
                0x000136f4       0xae src/ASF/xmega/drivers/tc/tc.o
                0x000136f4                __vector_18
 .text.__vector_19
                0x000137a2       0xae src/ASF/xmega/drivers/tc/tc.o
                0x000137a2                __vector_19
 .text.__vector_20
                0x00013850       0xae src/ASF/xmega/drivers/tc/tc.o
                0x00013850                __vector_20
 .text.__vector_21
                0x000138fe       0xae src/ASF/xmega/drivers/tc/tc.o
                0x000138fe                __vector_21
 .text.__vector_22
                0x000139ac       0xae src/ASF/xmega/drivers/tc/tc.o
                0x000139ac                __vector_22
 .text.__vector_23
                0x00013a5a       0xae src/ASF/xmega/drivers/tc/tc.o
                0x00013a5a                __vector_23
 .text.__vector_77
                0x00013b08       0xae src/ASF/xmega/drivers/tc/tc.o
                0x00013b08                __vector_77
 .text.__vector_78
                0x00013bb6       0xae src/ASF/xmega/drivers/tc/tc.o
                0x00013bb6                __vector_78
 .text.__vector_79
                0x00013c64       0xae src/ASF/xmega/drivers/tc/tc.o
                0x00013c64                __vector_79
 .text.__vector_80
                0x00013d12       0xae src/ASF/xmega/drivers/tc/tc.o
                0x00013d12                __vector_80
 .text.__vector_81
                0x00013dc0       0xae src/ASF/xmega/drivers/tc/tc.o
                0x00013dc0                __vector_81
 .text.__vector_82
                0x00013e6e       0xae src/ASF/xmega/drivers/tc/tc.o
                0x00013e6e                __vector_82
 .text.__vector_83
                0x00013f1c       0xae src/ASF/xmega/drivers/tc/tc.o
                0x00013f1c                __vector_83
 .text.__vector_84
                0x00013fca       0xae src/ASF/xmega/drivers/tc/tc.o
                0x00013fca                __vector_84
 .text.__vector_85
                0x00014078       0xae src/ASF/xmega/drivers/tc/tc.o
                0x00014078                __vector_85
 .text.__vector_86
                0x00014126       0xae src/ASF/xmega/drivers/tc/tc.o
                0x00014126                __vector_86
 .text.__vector_47
                0x000141d4       0xae src/ASF/xmega/drivers/tc/tc.o
                0x000141d4                __vector_47
 .text.__vector_48
                0x00014282       0xae src/ASF/xmega/drivers/tc/tc.o
                0x00014282                __vector_48
 .text.__vector_49
                0x00014330       0xae src/ASF/xmega/drivers/tc/tc.o
                0x00014330                __vector_49
 .text.__vector_50
                0x000143de       0xae src/ASF/xmega/drivers/tc/tc.o
                0x000143de                __vector_50
 .text.__vector_51
                0x0001448c       0xae src/ASF/xmega/drivers/tc/tc.o
                0x0001448c                __vector_51
 .text.__vector_52
                0x0001453a       0xae src/ASF/xmega/drivers/tc/tc.o
                0x0001453a                __vector_52
 .text.__vector_53
                0x000145e8       0xae src/ASF/xmega/drivers/tc/tc.o
                0x000145e8                __vector_53
 .text.__vector_54
                0x00014696       0xae src/ASF/xmega/drivers/tc/tc.o
                0x00014696                __vector_54
 .text.__vector_55
                0x00014744       0xae src/ASF/xmega/drivers/tc/tc.o
                0x00014744                __vector_55
 .text.__vector_56
                0x000147f2       0xae src/ASF/xmega/drivers/tc/tc.o
                0x000147f2                __vector_56
 .text.__vector_108
                0x000148a0       0xae src/ASF/xmega/drivers/tc/tc.o
                0x000148a0                __vector_108
 .text.__vector_109
                0x0001494e       0xae src/ASF/xmega/drivers/tc/tc.o
                0x0001494e                __vector_109
 .text.__vector_110
                0x000149fc       0xae src/ASF/xmega/drivers/tc/tc.o
                0x000149fc                __vector_110
 .text.__vector_111
                0x00014aaa       0xae src/ASF/xmega/drivers/tc/tc.o
                0x00014aaa                __vector_111
 .text.__vector_112
                0x00014b58       0xae src/ASF/xmega/drivers/tc/tc.o
                0x00014b58                __vector_112
 .text.__vector_113
                0x00014c06       0xae src/ASF/xmega/drivers/tc/tc.o
                0x00014c06                __vector_113
 .text.__vector_114
                0x00014cb4       0xae src/ASF/xmega/drivers/tc/tc.o
                0x00014cb4                __vector_114
 .text.__vector_115
                0x00014d62       0xae src/ASF/xmega/drivers/tc/tc.o
                0x00014d62                __vector_115
 .text.__vector_116
                0x00014e10       0xae src/ASF/xmega/drivers/tc/tc.o
                0x00014e10                __vector_116
 .text.__vector_117
                0x00014ebe       0xae src/ASF/xmega/drivers/tc/tc.o
                0x00014ebe                __vector_117
 .text.tc_enable
                0x00014f6c      0x114 src/ASF/xmega/drivers/tc/tc.o
                0x00014f6c                tc_enable
 .text.tc_set_overflow_interrupt_callback
                0x00015080       0xe0 src/ASF/xmega/drivers/tc/tc.o
                0x00015080                tc_set_overflow_interrupt_callback
 .text.tc_set_cca_interrupt_callback
                0x00015160       0xe0 src/ASF/xmega/drivers/tc/tc.o
                0x00015160                tc_set_cca_interrupt_callback
 .text.tc_set_ccb_interrupt_callback
                0x00015240       0xe0 src/ASF/xmega/drivers/tc/tc.o
                0x00015240                tc_set_ccb_interrupt_callback
 .text.wdt_wait_while_busy
                0x00015320       0x26 src/ASF/xmega/drivers/wdt/wdt.o
 .text.wdt_set_timeout_period
                0x00015346       0x46 src/ASF/xmega/drivers/wdt/wdt.o
                0x00015346                wdt_set_timeout_period
 .text.wdt_disable
                0x0001538c       0x2a src/ASF/xmega/drivers/wdt/wdt.o
                0x0001538c                wdt_disable
 .text.wdt_enable
                0x000153b6       0x2c src/ASF/xmega/drivers/wdt/wdt.o
                0x000153b6                wdt_enable
 .text.osc_get_rate
                0x000153e2       0x6a src/ASF/xmega/services/pwm/pwm.o
 .text.pll_get_default_rate_priv
                0x0001544c       0xa2 src/ASF/xmega/services/pwm/pwm.o
 .text.sysclk_get_main_hz
                0x000154ee       0x22 src/ASF/xmega/services/pwm/pwm.o
 .text.sysclk_get_per4_hz
                0x00015510       0x32 src/ASF/xmega/services/pwm/pwm.o
 .text.sysclk_get_per2_hz
                0x00015542       0x18 src/ASF/xmega/services/pwm/pwm.o
 .text.sysclk_get_per_hz
                0x0001555a       0x18 src/ASF/xmega/services/pwm/pwm.o
 .text.sysclk_get_cpu_hz
                0x00015572       0x18 src/ASF/xmega/services/pwm/pwm.o
 .text.tc_write_clock_source
                0x0001558a       0x38 src/ASF/xmega/services/pwm/pwm.o
 .text.tc_write_period
                0x000155c2       0x30 src/ASF/xmega/services/pwm/pwm.o
 .text.tc_enable_cc_channels
                0x000155f2       0x68 src/ASF/xmega/services/pwm/pwm.o
 .text.tc_write_cc_buffer
                0x0001565a       0xd4 src/ASF/xmega/services/pwm/pwm.o
 .text.tc_set_wgm
                0x0001572e       0x38 src/ASF/xmega/services/pwm/pwm.o
 .text.pwm_set_duty_cycle_percent
                0x00015766       0x6c src/ASF/xmega/services/pwm/pwm.o
 .text.pwm_set_frequency
                0x000157d2      0x196 src/ASF/xmega/services/pwm/pwm.o
                0x000157d2                pwm_set_frequency
 .text.pwm_init
                0x00015968      0x30e src/ASF/xmega/services/pwm/pwm.o
                0x00015968                pwm_init
 .text.pwm_start
                0x00015c76       0x6a src/ASF/xmega/services/pwm/pwm.o
                0x00015c76                pwm_start
 .text.nvm_read_byte
                0x00015ce0       0x14 src/ASF/xmega/drivers/nvm/nvm_asm.o
                0x00015ce0                nvm_read_byte
 .text.ccp_write_io
                0x00015cf4        0xc src/ASF/xmega/drivers/cpu/ccp.o
                0x00015cf4                ccp_write_io
 .text.board_init
                0x00015d00       0x10 src/ASF/common/boards/user_board/init.o
                0x00015d00                board_init
 .text.main     0x00015d10       0x18 src/main.o
                0x00015d10                main
 .text.avr-libc.fplib
                0x00015d28        0xa c:/program files (x86)/atmel/studio/7.0/toolchain/avr8/avr8-gnu-toolchain/bin/../lib/gcc/avr/5.4.0/../../../../avr/lib/avrxmega7\libm.a(addsf3.o)
                0x00015d28                __subsf3
                0x00015d2a                __addsf3
 .text.avr-libc.fplib
                0x00015d32       0xc0 c:/program files (x86)/atmel/studio/7.0/toolchain/avr8/avr8-gnu-toolchain/bin/../lib/gcc/avr/5.4.0/../../../../avr/lib/avrxmega7\libm.a(addsf3x.o)
                0x00015d4c                __addsf3x
 .text.avr-libc.fplib
                0x00015df2        0x8 c:/program files (x86)/atmel/studio/7.0/toolchain/avr8/avr8-gnu-toolchain/bin/../lib/gcc/avr/5.4.0/../../../../avr/lib/avrxmega7\libm.a(cmpsf2.o)
                0x00015df2                __nesf2
                0x00015df2                __eqsf2
                0x00015df2                __cmpsf2
                0x00015df2                __ltsf2
                0x00015df2                __lesf2
 .text.avr-libc.fplib
                0x00015dfa        0x4 c:/program files (x86)/atmel/studio/7.0/toolchain/avr8/avr8-gnu-toolchain/bin/../lib/gcc/avr/5.4.0/../../../../avr/lib/avrxmega7\libm.a(divsf3.o)
                0x00015dfa                __divsf3
 .text.avr-libc.fplib
                0x00015dfe       0xcc c:/program files (x86)/atmel/studio/7.0/toolchain/avr8/avr8-gnu-toolchain/bin/../lib/gcc/avr/5.4.0/../../../../avr/lib/avrxmega7\libm.a(divsf3x.o)
                0x00015e14                __divsf3x
                0x00015e18                __divsf3_pse
 .text.avr-libc.fplib
                0x00015eca       0x74 c:/program files (x86)/atmel/studio/7.0/toolchain/avr8/avr8-gnu-toolchain/bin/../lib/gcc/avr/5.4.0/../../../../avr/lib/avrxmega7\libm.a(fixsfdi.o)
                0x00015eca                __fixsfdi
                0x00015ed4                __fixunssfdi
 .text.avr-libc.fplib
                0x00015f3e        0xa c:/program files (x86)/atmel/studio/7.0/toolchain/avr8/avr8-gnu-toolchain/bin/../lib/gcc/avr/5.4.0/../../../../avr/lib/avrxmega7\libm.a(fixsfsi.o)
                0x00015f3e                __fixsfsi
 .text.avr-libc.fplib
                0x00015f48       0x58 c:/program files (x86)/atmel/studio/7.0/toolchain/avr8/avr8-gnu-toolchain/bin/../lib/gcc/avr/5.4.0/../../../../avr/lib/avrxmega7\libm.a(fixunssfsi.o)
                0x00015f48                __fixunssfsi
 .text.avr-libc.fplib
                0x00015fa0       0x7a c:/program files (x86)/atmel/studio/7.0/toolchain/avr8/avr8-gnu-toolchain/bin/../lib/gcc/avr/5.4.0/../../../../avr/lib/avrxmega7\libm.a(floatsisf.o)
                0x00015fa0                __floatunsisf
                0x00015fa4                __floatsisf
 .text.avr-libc.fplib
                0x0001601a       0x7c c:/program files (x86)/atmel/studio/7.0/toolchain/avr8/avr8-gnu-toolchain/bin/../lib/gcc/avr/5.4.0/../../../../avr/lib/avrxmega7\libm.a(floatundisf.o)
                0x0001601a                __floatundisf
                0x0001601c                __fp_di2sf
 .text.avr-libc.fplib
                0x00016096       0x48 c:/program files (x86)/atmel/studio/7.0/toolchain/avr8/avr8-gnu-toolchain/bin/../lib/gcc/avr/5.4.0/../../../../avr/lib/avrxmega7\libm.a(fp_cmp.o)
                0x00016096                __fp_cmp
 .text.avr-libc.fplib
                0x000160de        0xc c:/program files (x86)/atmel/studio/7.0/toolchain/avr8/avr8-gnu-toolchain/bin/../lib/gcc/avr/5.4.0/../../../../avr/lib/avrxmega7\libm.a(fp_inf.o)
                0x000160de                __fp_inf
 .text.avr-libc.fplib
                0x000160ea        0x6 c:/program files (x86)/atmel/studio/7.0/toolchain/avr8/avr8-gnu-toolchain/bin/../lib/gcc/avr/5.4.0/../../../../avr/lib/avrxmega7\libm.a(fp_nan.o)
                0x000160ea                __fp_nan
 .text.avr-libc.fplib
                0x000160f0       0x20 c:/program files (x86)/atmel/studio/7.0/toolchain/avr8/avr8-gnu-toolchain/bin/../lib/gcc/avr/5.4.0/../../../../avr/lib/avrxmega7\libm.a(fp_negdi.o)
                0x000160f0                __fp_negdi
 .text.avr-libc.fplib
                0x00016110        0xe c:/program files (x86)/atmel/studio/7.0/toolchain/avr8/avr8-gnu-toolchain/bin/../lib/gcc/avr/5.4.0/../../../../avr/lib/avrxmega7\libm.a(fp_pscA.o)
                0x00016110                __fp_pscA
 .text.avr-libc.fplib
                0x0001611e        0xe c:/program files (x86)/atmel/studio/7.0/toolchain/avr8/avr8-gnu-toolchain/bin/../lib/gcc/avr/5.4.0/../../../../avr/lib/avrxmega7\libm.a(fp_pscB.o)
                0x0001611e                __fp_pscB
 .text.avr-libc.fplib
                0x0001612c       0x22 c:/program files (x86)/atmel/studio/7.0/toolchain/avr8/avr8-gnu-toolchain/bin/../lib/gcc/avr/5.4.0/../../../../avr/lib/avrxmega7\libm.a(fp_round.o)
                0x0001612c                __fp_round
 .text.avr-libc.fplib
                0x0001614e       0x44 c:/program files (x86)/atmel/studio/7.0/toolchain/avr8/avr8-gnu-toolchain/bin/../lib/gcc/avr/5.4.0/../../../../avr/lib/avrxmega7\libm.a(fp_split3.o)
                0x0001614e                __fp_split3
                0x0001615e                __fp_splitA
 .text.avr-libc.fplib
                0x00016192        0xe c:/program files (x86)/atmel/studio/7.0/toolchain/avr8/avr8-gnu-toolchain/bin/../lib/gcc/avr/5.4.0/../../../../avr/lib/avrxmega7\libm.a(fp_zero.o)
                0x00016192                __fp_zero
                0x00016194                __fp_szero
 .text.avr-libc.fplib
                0x000161a0        0x8 c:/program files (x86)/atmel/studio/7.0/toolchain/avr8/avr8-gnu-toolchain/bin/../lib/gcc/avr/5.4.0/../../../../avr/lib/avrxmega7\libm.a(gesf2.o)
                0x000161a0                __gesf2
                0x000161a0                __gtsf2
 .text.avr-libc.fplib
                0x000161a8        0x4 c:/program files (x86)/atmel/studio/7.0/toolchain/avr8/avr8-gnu-toolchain/bin/../lib/gcc/avr/5.4.0/../../../../avr/lib/avrxmega7\libm.a(mulsf3.o)
                0x000161a8                __mulsf3
 .text.avr-libc.fplib
                0x000161ac       0xc2 c:/program files (x86)/atmel/studio/7.0/toolchain/avr8/avr8-gnu-toolchain/bin/../lib/gcc/avr/5.4.0/../../../../avr/lib/avrxmega7\libm.a(mulsf3x.o)
                0x000161c0                __mulsf3x
                0x000161c4                __mulsf3_pse
 .text.libgcc.mul
                0x0001626e       0x1e c:/program files (x86)/atmel/studio/7.0/toolchain/avr8/avr8-gnu-toolchain/bin/../lib/gcc/avr/5.4.0/avrxmega7\libgcc.a(_mulsi3.o)
                0x0001626e                __mulsi3
 .text.libgcc.div
                0x0001628c       0x28 c:/program files (x86)/atmel/studio/7.0/toolchain/avr8/avr8-gnu-toolchain/bin/../lib/gcc/avr/5.4.0/avrxmega7\libgcc.a(_udivmodhi4.o)
                0x0001628c                __udivmodhi4
 .text.libgcc.div
                0x000162b4       0x44 c:/program files (x86)/atmel/studio/7.0/toolchain/avr8/avr8-gnu-toolchain/bin/../lib/gcc/avr/5.4.0/avrxmega7\libgcc.a(_udivmodsi4.o)
                0x000162b4                __udivmodsi4
 .text.libgcc   0x000162f8       0x12 c:/program files (x86)/atmel/studio/7.0/toolchain/avr8/avr8-gnu-toolchain/bin/../lib/gcc/avr/5.4.0/avrxmega7\libgcc.a(_tablejump2.o)
                0x000162f8                __tablejump2__
 .text.libgcc.mul
                0x0001630a       0x14 c:/program files (x86)/atmel/studio/7.0/toolchain/avr8/avr8-gnu-toolchain/bin/../lib/gcc/avr/5.4.0/avrxmega7\libgcc.a(_muluhisi3.o)
                0x0001630a                __muluhisi3
 .text.libgcc.div
                0x0001631e       0x1a c:/program files (x86)/atmel/studio/7.0/toolchain/avr8/avr8-gnu-toolchain/bin/../lib/gcc/avr/5.4.0/avrxmega7\libgcc.a(_udivdi3.o)
                0x0001631e                __umoddi3
                0x00016322                __udivdi3
                0x00016324                __udivdi3_umoddi3
 .text.libgcc.div
                0x00016338       0xa2 c:/program files (x86)/atmel/studio/7.0/toolchain/avr8/avr8-gnu-toolchain/bin/../lib/gcc/avr/5.4.0/avrxmega7\libgcc.a(_udivmod64.o)
                0x00016338                __udivmod64
 .text.libgcc.builtins
                0x000163da       0x32 c:/program files (x86)/atmel/studio/7.0/toolchain/avr8/avr8-gnu-toolchain/bin/../lib/gcc/avr/5.4.0/avrxmega7\libgcc.a(_ashldi3.o)
                0x000163da                __ashldi3
 .text.libgcc   0x0001640c       0x12 c:/program files (x86)/atmel/studio/7.0/toolchain/avr8/avr8-gnu-toolchain/bin/../lib/gcc/avr/5.4.0/avrxmega7\libgcc.a(_adddi3.o)
                0x0001640c                __adddi3
 .text.libgcc.mul
                0x0001641e       0x1e c:/program files (x86)/atmel/studio/7.0/toolchain/avr8/avr8-gnu-toolchain/bin/../lib/gcc/avr/5.4.0/avrxmega7\libgcc.a(_umulhisi3.o)
                0x0001641e                __umulhisi3
 .text.avr-libc
                0x0001643c        0x6 c:/program files (x86)/atmel/studio/7.0/toolchain/avr8/avr8-gnu-toolchain/bin/../lib/gcc/avr/5.4.0/../../../../avr/lib/avrxmega7\libc.a(atof.o)
                0x0001643c                atof
 .text.avr-libc
                0x00016442       0x12 c:/program files (x86)/atmel/studio/7.0/toolchain/avr8/avr8-gnu-toolchain/bin/../lib/gcc/avr/5.4.0/../../../../avr/lib/avrxmega7\libc.a(memcpy.o)
                0x00016442                memcpy
 .text.avr-libc
                0x00016454        0xe c:/program files (x86)/atmel/studio/7.0/toolchain/avr8/avr8-gnu-toolchain/bin/../lib/gcc/avr/5.4.0/../../../../avr/lib/avrxmega7\libc.a(memset.o)
                0x00016454                memset
 .text.avr-libc
                0x00016462       0x12 c:/program files (x86)/atmel/studio/7.0/toolchain/avr8/avr8-gnu-toolchain/bin/../lib/gcc/avr/5.4.0/../../../../avr/lib/avrxmega7\libc.a(strlen.o)
                0x00016462                strlen
 .text.avr-libc
                0x00016474       0x14 c:/program files (x86)/atmel/studio/7.0/toolchain/avr8/avr8-gnu-toolchain/bin/../lib/gcc/avr/5.4.0/../../../../avr/lib/avrxmega7\libc.a(itoa.o)
                0x00016474                __itoa
                0x00016474                itoa
 .text.avr-libc
                0x00016488       0x14 c:/program files (x86)/atmel/studio/7.0/toolchain/avr8/avr8-gnu-toolchain/bin/../lib/gcc/avr/5.4.0/../../../../avr/lib/avrxmega7\libc.a(itoa_ncheck.o)
                0x00016488                __itoa_ncheck
 .text.avr-libc
                0x0001649c       0x32 c:/program files (x86)/atmel/studio/7.0/toolchain/avr8/avr8-gnu-toolchain/bin/../lib/gcc/avr/5.4.0/../../../../avr/lib/avrxmega7\libc.a(utoa_ncheck.o)
                0x0001649c                __utoa_ncheck
                0x0001649e                __utoa_common
 .text.avr-libc
                0x000164ce      0x2a6 c:/program files (x86)/atmel/studio/7.0/toolchain/avr8/avr8-gnu-toolchain/bin/../lib/gcc/avr/5.4.0/../../../../avr/lib/avrxmega7\libc.a(strtod.o)
                0x000164ce                strtod
 .text.avr-libc
                0x00016774       0x10 c:/program files (x86)/atmel/studio/7.0/toolchain/avr8/avr8-gnu-toolchain/bin/../lib/gcc/avr/5.4.0/../../../../avr/lib/avrxmega7\libc.a(isspace.o)
                0x00016774                isspace
 .text.avr-libc
                0x00016784       0x30 c:/program files (x86)/atmel/studio/7.0/toolchain/avr8/avr8-gnu-toolchain/bin/../lib/gcc/avr/5.4.0/../../../../avr/lib/avrxmega7\libc.a(strncasecmp_P.o)
                0x00016784                strncasecmp_P
 .text.avr-libc
                0x000167b4       0x20 c:/program files (x86)/atmel/studio/7.0/toolchain/avr8/avr8-gnu-toolchain/bin/../lib/gcc/avr/5.4.0/../../../../avr/lib/avrxmega7\libc.a(strrev.o)
                0x000167b4                strrev
 .text.avr-libc
                0x000167d4        0x6 c:/program files (x86)/atmel/studio/7.0/toolchain/avr8/avr8-gnu-toolchain/bin/../lib/gcc/avr/5.4.0/../../../../avr/lib/avrxmega7\libc.a(cty_isfalse.o)
                0x000167d4                __ctype_isfalse
                0x000167d8                __ctype_istrue
                0x000167da                . = ALIGN (0x2)
 *(.fini9)
 .fini9         0x000167da        0x0 c:/program files (x86)/atmel/studio/7.0/toolchain/avr8/avr8-gnu-toolchain/bin/../lib/gcc/avr/5.4.0/avrxmega7\libgcc.a(_exit.o)
                0x000167da                _exit
                0x000167da                exit
 *(.fini9)
 *(.fini8)
 *(.fini8)
 *(.fini7)
 *(.fini7)
 *(.fini6)
 *(.fini6)
 *(.fini5)
 *(.fini5)
 *(.fini4)
 *(.fini4)
 *(.fini3)
 *(.fini3)
 *(.fini2)
 *(.fini2)
 *(.fini1)
 *(.fini1)
 *(.fini0)
 .fini0         0x000167da        0x4 c:/program files (x86)/atmel/studio/7.0/toolchain/avr8/avr8-gnu-toolchain/bin/../lib/gcc/avr/5.4.0/avrxmega7\libgcc.a(_exit.o)
 *(.fini0)
                0x000167de                _etext = .

.BOOT           0x000167de       0x44
 .BOOT          0x000167de       0x44 src/ASF/xmega/drivers/nvm/nvm_asm.o
                0x000167de                nvm_common_spm
                0x000167fc                nvm_flash_load_word_to_buffer

.data           0x00802000      0x190 load address 0x00016822
                0x00802000                PROVIDE (__data_start, .)
 *(.data)
 *(.data*)
 .data.CMD_LIST
                0x00802000       0x2a RealMain.o
 .data.udi_api_cdc_comm
                0x0080202a        0xa src/ASF/common/services/usb/class/cdc/device/udi_cdc.o
                0x0080202a                udi_api_cdc_comm
 .data.udi_api_cdc_data
                0x00802034        0xa src/ASF/common/services/usb/class/cdc/device/udi_cdc.o
                0x00802034                udi_api_cdc_data
 .data.udc_device_desc
                0x0080203e       0x12 src/ASF/common/services/usb/class/cdc/device/udi_cdc_desc.o
                0x0080203e                udc_device_desc
 .data.udc_desc_fs
                0x00802050       0x44 src/ASF/common/services/usb/class/cdc/device/udi_cdc_desc.o
                0x00802050                udc_desc_fs
 .data.udi_apis
                0x00802094        0x4 src/ASF/common/services/usb/class/cdc/device/udi_cdc_desc.o
                0x00802094                udi_apis
 .data.udc_config_fs
                0x00802098        0x4 src/ASF/common/services/usb/class/cdc/device/udi_cdc_desc.o
                0x00802098                udc_config_fs
 .data.udc_config
                0x0080209c        0x6 src/ASF/common/services/usb/class/cdc/device/udi_cdc_desc.o
                0x0080209c                udc_config
 .data.udc_string_desc_languageid
                0x008020a2        0x4 src/ASF/common/services/usb/udc/udc.o
 .data.udc_string_desc
                0x008020a6       0x10 src/ASF/common/services/usb/udc/udc.o
 *(.gnu.linkonce.d*)
 *(.rodata)
 .rodata        0x008020b6        0x7 RealMain.o
 .rodata        0x008020bd        0x8 src/ASF/common/services/usb/udc/udc.o
 *(.rodata*)
 .rodata.GET_CMD_CHAR
                0x008020c5        0x4 RealMain.o
 .rodata.SET_CMD_CHAR
                0x008020c9        0x4 RealMain.o
 .rodata.OK_CMD_RESP
                0x008020cd        0x3 RealMain.o
 .rodata.INVALID_PROBE_CHAR
                0x008020d0        0xe RealMain.o
 .rodata.UNKNOWN_CMD_CHAR
                0x008020de        0xc RealMain.o
 .rodata.ROD_CMD_CHAR
                0x008020ea        0x4 RealMain.o
 .rodata.TEC_CMD_CHAR
                0x008020ee        0x4 RealMain.o
 .rodata.TEMP_SP_CMD_CHAR
                0x008020f2        0x8 RealMain.o
 .rodata.TEMP_SP_OFF_CMD_CHAR
                0x008020fa        0xc RealMain.o
 .rodata.TEMP_CMD_CHAR
                0x00802106        0x5 RealMain.o
 .rodata.TEMP_PID_CMD_CHAR
                0x0080210b        0x9 RealMain.o
 .rodata.MTR_CUR_CMD_CHAR
                0x00802114        0x8 RealMain.o
 .rodata.MTR_AD_CMD_CHAR
                0x0080211c        0x9 RealMain.o
 .rodata.MTR_RATE_CMD_CHAR
                0x00802125        0x8 RealMain.o
 .rodata.MTR_RATE_DUR_CMD_CHAR
                0x0080212d        0x9 RealMain.o
 .rodata.MTR_LIVE_RATE_CMD_CHAR
                0x00802136        0x6 RealMain.o
 .rodata.MTR_STOP_CMD_CHAR
                0x0080213c        0x8 RealMain.o
 .rodata.MTR_STEP_RES_CMD_CHAR
                0x00802144        0x9 RealMain.o
 .rodata.TEMP_IN_CHAR
                0x0080214d        0x8 RealMain.o
 .rodata.PUMP_ON_CHAR
                0x00802155        0x8 RealMain.o
 .rodata.PUMP_OFF_CHAR
                0x0080215d        0x9 RealMain.o
 .rodata.PUMP_STATUS_CHAR
                0x00802166        0xc RealMain.o
 .rodata.FAN_DUTY_CHAR
                0x00802172        0x9 RealMain.o
 .rodata.WDT_CHAR
                0x0080217b        0x4 RealMain.o
 .rodata.WDT_RESET_CHAR
                0x0080217f        0xa RealMain.o
 .rodata.EEPROM_CHAR
                0x00802189        0x7 RealMain.o
 *(.gnu.linkonce.r*)
                0x00802190                . = ALIGN (0x2)
                0x00802190                _edata = .
                0x00802190                PROVIDE (__data_end, .)

.bss            0x00802190      0x817
                0x00802190                PROVIDE (__bss_start, .)
 *(.bss)
 *(.bss*)
 .bss.sysTime_ms
                0x00802190        0x4 RealMain.o
                0x00802190                sysTime_ms
 .bss.blinkTimeLED_ms
                0x00802194        0x4 RealMain.o
                0x00802194                blinkTimeLED_ms
 .bss.pumpTime_ms
                0x00802198        0x4 RealMain.o
                0x00802198                pumpTime_ms
 .bss.tempPIDUpdate_ms
                0x0080219c        0x4 RealMain.o
                0x0080219c                tempPIDUpdate_ms
 .bss.pumpDuration_ms
                0x008021a0        0x4 RealMain.o
                0x008021a0                pumpDuration_ms
 .bss.watchdogTime_ms
                0x008021a4        0x4 RealMain.o
                0x008021a4                watchdogTime_ms
 .bss.LEDState  0x008021a8        0x1 RealMain.o
                0x008021a8                LEDState
 .bss.LEDOnTime
                0x008021a9        0x2 RealMain.o
                0x008021a9                LEDOnTime
 .bss.LEDOffTime
                0x008021ab        0x2 RealMain.o
                0x008021ab                LEDOffTime
 .bss.LEDBlinkCount
                0x008021ad        0x2 RealMain.o
                0x008021ad                LEDBlinkCount
 .bss.curLEDBlinkCount
                0x008021af        0x2 RealMain.o
                0x008021af                curLEDBlinkCount
 .bss.fanEnabled
                0x008021b1        0x1 RealMain.o
                0x008021b1                fanEnabled
 .bss.pumpEnabled
                0x008021b2        0x1 RealMain.o
                0x008021b2                pumpEnabled
 .bss.heaterEnabled
                0x008021b3        0x1 RealMain.o
                0x008021b3                heaterEnabled
 .bss.RTDMsgAvailable
                0x008021b4        0x1 RealMain.o
                0x008021b4                RTDMsgAvailable
 .bss.tempSetPoint
                0x008021b5        0x4 RealMain.o
                0x008021b5                tempSetPoint
 .bss.curTemp   0x008021b9        0x4 RealMain.o
                0x008021b9                curTemp
 .bss.tempProbeType
                0x008021bd        0x1 RealMain.o
                0x008021bd                tempProbeType
 .bss.USBDataReceived
                0x008021be        0x1 RealMain.o
                0x008021be                USBDataReceived
 .bss.USBReady  0x008021bf        0x1 RealMain.o
                0x008021bf                USBReady
 .bss.TECPWMDutyA
                0x008021c0        0x1 RealMain.o
                0x008021c0                TECPWMDutyA
 .bss.TECPWMDutyB
                0x008021c1        0x1 RealMain.o
                0x008021c1                TECPWMDutyB
 .bss.fanDuty   0x008021c2        0x1 RealMain.o
                0x008021c2                fanDuty
 .bss.WDTResetCount
                0x008021c3        0x4 RealMain.o
                0x008021c3                WDTResetCount
 .bss.WDTResetCountSet
                0x008021c7        0x4 RealMain.o
                0x008021c7                WDTResetCountSet
 .bss.fanSenseDMABuffer
                0x008021cb       0x40 RealMain.o
 .bss.thermDMABuffer
                0x0080220b       0x40 RealMain.o
 .bss.pumpSenseDMABuffer
                0x0080224b       0x40 RealMain.o
 *fill*         0x0080228b        0x1 
 .bss.udi_cdc_line_coding
                0x0080228c        0x8 src/ASF/common/services/usb/class/cdc/device/udi_cdc.o
 .bss.udi_cdc_state
                0x00802294        0x2 src/ASF/common/services/usb/class/cdc/device/udi_cdc.o
 .bss.uid_cdc_state_msg
                0x00802296        0xa src/ASF/common/services/usb/class/cdc/device/udi_cdc.o
 .bss.udi_cdc_nb_comm_enabled
                0x008022a0        0x1 src/ASF/common/services/usb/class/cdc/device/udi_cdc.o
 .bss.udi_cdc_nb_data_enabled
                0x008022a1        0x1 src/ASF/common/services/usb/class/cdc/device/udi_cdc.o
 .bss.udi_cdc_data_running
                0x008022a2        0x1 src/ASF/common/services/usb/class/cdc/device/udi_cdc.o
 *fill*         0x008022a3        0x1 
 .bss.udi_cdc_rx_buf
                0x008022a4       0x80 src/ASF/common/services/usb/class/cdc/device/udi_cdc.o
 .bss.udi_cdc_rx_buf_nb
                0x00802324        0x4 src/ASF/common/services/usb/class/cdc/device/udi_cdc.o
 .bss.udi_cdc_rx_buf_sel
                0x00802328        0x1 src/ASF/common/services/usb/class/cdc/device/udi_cdc.o
 .bss.udi_cdc_rx_pos
                0x00802329        0x2 src/ASF/common/services/usb/class/cdc/device/udi_cdc.o
 .bss.udi_cdc_rx_trans_ongoing
                0x0080232b        0x1 src/ASF/common/services/usb/class/cdc/device/udi_cdc.o
 .bss.udi_cdc_tx_buf
                0x0080232c       0x80 src/ASF/common/services/usb/class/cdc/device/udi_cdc.o
 .bss.udi_cdc_tx_buf_nb
                0x008023ac        0x4 src/ASF/common/services/usb/class/cdc/device/udi_cdc.o
 .bss.udi_cdc_tx_buf_sel
                0x008023b0        0x1 src/ASF/common/services/usb/class/cdc/device/udi_cdc.o
 .bss.udi_cdc_tx_sof_num
                0x008023b1        0x2 src/ASF/common/services/usb/class/cdc/device/udi_cdc.o
 .bss.udi_cdc_tx_trans_ongoing
                0x008023b3        0x1 src/ASF/common/services/usb/class/cdc/device/udi_cdc.o
 .bss.udi_cdc_tx_both_buf_to_send
                0x008023b4        0x1 src/ASF/common/services/usb/class/cdc/device/udi_cdc.o
 .bss.port_notify.5162
                0x008023b5        0x1 src/ASF/common/services/usb/class/cdc/device/udi_cdc.o
 .bss.sof_zlp_counter.5232
                0x008023b6        0x2 src/ASF/common/services/usb/class/cdc/device/udi_cdc.o
 .bss.udc_device_status
                0x008023b8        0x2 src/ASF/common/services/usb/udc/udc.o
 .bss.udc_iface_setting
                0x008023ba        0x2 src/ASF/common/services/usb/udc/udc.o
 .bss.udc_num_configuration
                0x008023bc        0x2 src/ASF/common/services/usb/udc/udc.o
 .bss.udc_ptr_conf
                0x008023be        0x2 src/ASF/common/services/usb/udc/udc.o
 .bss.udc_ptr_iface
                0x008023c0        0x2 src/ASF/common/services/usb/udc/udc.o
 .bss.udc_ep_status.4931
                0x008023c2        0x2 src/ASF/common/services/usb/udc/udc.o
 .bss.udd_b_idle
                0x008023c4        0x1 src/ASF/xmega/drivers/usb/usb_device.o
 *fill*         0x008023c5        0xb 
 .bss.udd_sram  0x008023d0       0x50 src/ASF/xmega/drivers/usb/usb_device.o
 .bss.udd_ep_control_state
                0x00802420        0x1 src/ASF/xmega/drivers/usb/usb_device.o
 .bss.udd_ctrl_prev_payload_nb_trans
                0x00802421        0x2 src/ASF/xmega/drivers/usb/usb_device.o
 .bss.udd_ctrl_payload_nb_trans
                0x00802423        0x2 src/ASF/xmega/drivers/usb/usb_device.o
 .bss.udd_ctrl_buffer
                0x00802425       0x40 src/ASF/xmega/drivers/usb/usb_device.o
 .bss.udd_ep_job
                0x00802465       0x24 src/ASF/xmega/drivers/usb/usb_device.o
 .bss.udd_ep_out_cache_buffer
                0x00802489       0x80 src/ASF/xmega/drivers/usb/usb_device.o
 .bss.b_shortpacket.5649
                0x00802509        0x1 src/ASF/xmega/drivers/usb/usb_device.o
 .bss.dataTransferAuth
                0x0080250a        0x1 USB_Wrapper.o
 .bss.dataCount
                0x0080250b        0x2 USB_Wrapper.o
                0x0080250b                dataCount
 .bss.adca_enable_count
                0x0080250d        0x1 src/ASF/xmega/drivers/adc/adc.o
 .bss.adcb_enable_count
                0x0080250e        0x1 src/ASF/xmega/drivers/adc/adc.o
 .bss.tc_tcc0_ovf_callback
                0x0080250f        0x2 src/ASF/xmega/drivers/tc/tc.o
 .bss.tc_tcc0_err_callback
                0x00802511        0x2 src/ASF/xmega/drivers/tc/tc.o
 .bss.tc_tcc0_cca_callback
                0x00802513        0x2 src/ASF/xmega/drivers/tc/tc.o
 .bss.tc_tcc0_ccb_callback
                0x00802515        0x2 src/ASF/xmega/drivers/tc/tc.o
 .bss.tc_tcc0_ccc_callback
                0x00802517        0x2 src/ASF/xmega/drivers/tc/tc.o
 .bss.tc_tcc0_ccd_callback
                0x00802519        0x2 src/ASF/xmega/drivers/tc/tc.o
 .bss.tc_tcc1_ovf_callback
                0x0080251b        0x2 src/ASF/xmega/drivers/tc/tc.o
 .bss.tc_tcc1_err_callback
                0x0080251d        0x2 src/ASF/xmega/drivers/tc/tc.o
 .bss.tc_tcc1_cca_callback
                0x0080251f        0x2 src/ASF/xmega/drivers/tc/tc.o
 .bss.tc_tcc1_ccb_callback
                0x00802521        0x2 src/ASF/xmega/drivers/tc/tc.o
 .bss.tc_tcd0_ovf_callback
                0x00802523        0x2 src/ASF/xmega/drivers/tc/tc.o
 .bss.tc_tcd0_err_callback
                0x00802525        0x2 src/ASF/xmega/drivers/tc/tc.o
 .bss.tc_tcd0_cca_callback
                0x00802527        0x2 src/ASF/xmega/drivers/tc/tc.o
 .bss.tc_tcd0_ccb_callback
                0x00802529        0x2 src/ASF/xmega/drivers/tc/tc.o
 .bss.tc_tcd0_ccc_callback
                0x0080252b        0x2 src/ASF/xmega/drivers/tc/tc.o
 .bss.tc_tcd0_ccd_callback
                0x0080252d        0x2 src/ASF/xmega/drivers/tc/tc.o
 .bss.tc_tcd1_ovf_callback
                0x0080252f        0x2 src/ASF/xmega/drivers/tc/tc.o
 .bss.tc_tcd1_err_callback
                0x00802531        0x2 src/ASF/xmega/drivers/tc/tc.o
 .bss.tc_tcd1_cca_callback
                0x00802533        0x2 src/ASF/xmega/drivers/tc/tc.o
 .bss.tc_tcd1_ccb_callback
                0x00802535        0x2 src/ASF/xmega/drivers/tc/tc.o
 .bss.tc_tce0_ovf_callback
                0x00802537        0x2 src/ASF/xmega/drivers/tc/tc.o
 .bss.tc_tce0_err_callback
                0x00802539        0x2 src/ASF/xmega/drivers/tc/tc.o
 .bss.tc_tce0_cca_callback
                0x0080253b        0x2 src/ASF/xmega/drivers/tc/tc.o
 .bss.tc_tce0_ccb_callback
                0x0080253d        0x2 src/ASF/xmega/drivers/tc/tc.o
 .bss.tc_tce0_ccc_callback
                0x0080253f        0x2 src/ASF/xmega/drivers/tc/tc.o
 .bss.tc_tce0_ccd_callback
                0x00802541        0x2 src/ASF/xmega/drivers/tc/tc.o
 .bss.tc_tce1_ovf_callback
                0x00802543        0x2 src/ASF/xmega/drivers/tc/tc.o
 .bss.tc_tce1_err_callback
                0x00802545        0x2 src/ASF/xmega/drivers/tc/tc.o
 .bss.tc_tce1_cca_callback
                0x00802547        0x2 src/ASF/xmega/drivers/tc/tc.o
 .bss.tc_tce1_ccb_callback
                0x00802549        0x2 src/ASF/xmega/drivers/tc/tc.o
 .bss.tc_tcf0_ovf_callback
                0x0080254b        0x2 src/ASF/xmega/drivers/tc/tc.o
 .bss.tc_tcf0_err_callback
                0x0080254d        0x2 src/ASF/xmega/drivers/tc/tc.o
 .bss.tc_tcf0_cca_callback
                0x0080254f        0x2 src/ASF/xmega/drivers/tc/tc.o
 .bss.tc_tcf0_ccb_callback
                0x00802551        0x2 src/ASF/xmega/drivers/tc/tc.o
 .bss.tc_tcf0_ccc_callback
                0x00802553        0x2 src/ASF/xmega/drivers/tc/tc.o
 .bss.tc_tcf0_ccd_callback
                0x00802555        0x2 src/ASF/xmega/drivers/tc/tc.o
 .bss.tc_tcf1_ovf_callback
                0x00802557        0x2 src/ASF/xmega/drivers/tc/tc.o
 .bss.tc_tcf1_err_callback
                0x00802559        0x2 src/ASF/xmega/drivers/tc/tc.o
 .bss.tc_tcf1_cca_callback
                0x0080255b        0x2 src/ASF/xmega/drivers/tc/tc.o
 .bss.tc_tcf1_ccb_callback
                0x0080255d        0x2 src/ASF/xmega/drivers/tc/tc.o
 *(COMMON)
 COMMON         0x0080255f      0x3e1 RealMain.o
                0x0080255f                USBRxBuff
                0x00802627                receivedUSBMsg
                0x00802715                USBTxBuff
                0x008027dd                stepperDataBuffer
                0x008027ed                heaterPID
                0x00802815                systemMotors
                0x00802931                heaterPWMConfig
                0x00802938                stepperTxBuffer
 COMMON         0x00802940       0x20 RTD_Wrapper.o
                0x00802940                RTDTxBuffer
                0x00802950                RTDRxBuffer
 COMMON         0x00802960        0x2 SPI_Wrapper.o
                0x00802960                RTDSPIConfig
                0x00802961                stepperSPIConfig
 COMMON         0x00802962        0x8 src/ASF/xmega/drivers/dma/dma.o
                0x00802962                dma_data
 COMMON         0x0080296a        0x8 src/ASF/xmega/drivers/rtc/rtc.o
                0x0080296a                rtc_data
 COMMON         0x00802972       0x10 src/ASF/xmega/drivers/usb/usb_device.o
                0x00802972                udd_g_ctrlreq
 COMMON         0x00802982       0x15 TEC_Controller.o
                0x00802982                TECFAN_config
                0x00802989                TECPWMA_config
                0x00802990                TECPWMB_config
 COMMON         0x00802997        0x4 USB_Wrapper.o
                0x00802997                rxDataBuf
                0x00802999                dataReceived
 COMMON         0x0080299b        0x4 src/ASF/xmega/drivers/adc/adc.o
                0x0080299b                adcb_callback
                0x0080299d                adca_callback
 COMMON         0x0080299f        0x6 src/ASF/common/services/sleepmgr/xmega/sleepmgr.o
                0x0080299f                sleepmgr_locks
 COMMON         0x008029a5        0x2 c:/program files (x86)/atmel/studio/7.0/toolchain/avr8/avr8-gnu-toolchain/bin/../lib/gcc/avr/5.4.0/../../../../avr/lib/avrxmega7\libc.a(errno.o)
                0x008029a5                errno
                0x008029a7                PROVIDE (__bss_end, .)