Archive member included to satisfy reference by file (symbol)

c:/program files (x86)/atmel/studio/7.0/toolchain/avr8/avr8-gnu-toolchain/bin/../lib/gcc/avr/5.4.0/../../../../avr/lib/avrxmega7\libm.a(addsf3.o)
                              RealMain.o (__subsf3)
c:/program files (x86)/atmel/studio/7.0/toolchain/avr8/avr8-gnu-toolchain/bin/../lib/gcc/avr/5.4.0/../../../../avr/lib/avrxmega7\libm.a(addsf3x.o)
                              c:/program files (x86)/atmel/studio/7.0/toolchain/avr8/avr8-gnu-toolchain/bin/../lib/gcc/avr/5.4.0/../../../../avr/lib/avrxmega7\libm.a(addsf3.o) (__addsf3x)
c:/program files (x86)/atmel/studio/7.0/toolchain/avr8/avr8-gnu-toolchain/bin/../lib/gcc/avr/5.4.0/../../../../avr/lib/avrxmega7\libm.a(cmpsf2.o)
                              RealMain.o (__eqsf2)
c:/program files (x86)/atmel/studio/7.0/toolchain/avr8/avr8-gnu-toolchain/bin/../lib/gcc/avr/5.4.0/../../../../avr/lib/avrxmega7\libm.a(divsf3.o)
                              RealMain.o (__divsf3)
c:/program files (x86)/atmel/studio/7.0/toolchain/avr8/avr8-gnu-toolchain/bin/../lib/gcc/avr/5.4.0/../../../../avr/lib/avrxmega7\libm.a(divsf3x.o)
                              c:/program files (x86)/atmel/studio/7.0/toolchain/avr8/avr8-gnu-toolchain/bin/../lib/gcc/avr/5.4.0/../../../../avr/lib/avrxmega7\libm.a(divsf3.o) (__divsf3x)
c:/program files (x86)/atmel/studio/7.0/toolchain/avr8/avr8-gnu-toolchain/bin/../lib/gcc/avr/5.4.0/../../../../avr/lib/avrxmega7\libm.a(fixsfdi.o)
                              TEC_Controller.o (__fixunssfdi)
c:/program files (x86)/atmel/studio/7.0/toolchain/avr8/avr8-gnu-toolchain/bin/../lib/gcc/avr/5.4.0/../../../../avr/lib/avrxmega7\libm.a(fixsfsi.o)
                              RealMain.o (__fixsfsi)
c:/program files (x86)/atmel/studio/7.0/toolchain/avr8/avr8-gnu-toolchain/bin/../lib/gcc/avr/5.4.0/../../../../avr/lib/avrxmega7\libm.a(fixunssfsi.o)
                              RealMain.o (__fixunssfsi)
c:/program files (x86)/atmel/studio/7.0/toolchain/avr8/avr8-gnu-toolchain/bin/../lib/gcc/avr/5.4.0/../../../../avr/lib/avrxmega7\libm.a(floatsisf.o)
                              RealMain.o (__floatunsisf)
c:/program files (x86)/atmel/studio/7.0/toolchain/avr8/avr8-gnu-toolchain/bin/../lib/gcc/avr/5.4.0/../../../../avr/lib/avrxmega7\libm.a(floatundisf.o)
                              TEC_Controller.o (__floatundisf)
c:/program files (x86)/atmel/studio/7.0/toolchain/avr8/avr8-gnu-toolchain/bin/../lib/gcc/avr/5.4.0/../../../../avr/lib/avrxmega7\libm.a(fp_cmp.o)
                              c:/program files (x86)/atmel/studio/7.0/toolchain/avr8/avr8-gnu-toolchain/bin/../lib/gcc/avr/5.4.0/../../../../avr/lib/avrxmega7\libm.a(cmpsf2.o) (__fp_cmp)
c:/program files (x86)/atmel/studio/7.0/toolchain/avr8/avr8-gnu-toolchain/bin/../lib/gcc/avr/5.4.0/../../../../avr/lib/avrxmega7\libm.a(fp_inf.o)
                              c:/program files (x86)/atmel/studio/7.0/toolchain/avr8/avr8-gnu-toolchain/bin/../lib/gcc/avr/5.4.0/../../../../avr/lib/avrxmega7\libm.a(addsf3x.o) (__fp_inf)
c:/program files (x86)/atmel/studio/7.0/toolchain/avr8/avr8-gnu-toolchain/bin/../lib/gcc/avr/5.4.0/../../../../avr/lib/avrxmega7\libm.a(fp_nan.o)
                              c:/program files (x86)/atmel/studio/7.0/toolchain/avr8/avr8-gnu-toolchain/bin/../lib/gcc/avr/5.4.0/../../../../avr/lib/avrxmega7\libm.a(addsf3x.o) (__fp_nan)
c:/program files (x86)/atmel/studio/7.0/toolchain/avr8/avr8-gnu-toolchain/bin/../lib/gcc/avr/5.4.0/../../../../avr/lib/avrxmega7\libm.a(fp_negdi.o)
                              c:/program files (x86)/atmel/studio/7.0/toolchain/avr8/avr8-gnu-toolchain/bin/../lib/gcc/avr/5.4.0/../../../../avr/lib/avrxmega7\libm.a(fixsfdi.o) (__fp_negdi)
c:/program files (x86)/atmel/studio/7.0/toolchain/avr8/avr8-gnu-toolchain/bin/../lib/gcc/avr/5.4.0/../../../../avr/lib/avrxmega7\libm.a(fp_pscA.o)
                              c:/program files (x86)/atmel/studio/7.0/toolchain/avr8/avr8-gnu-toolchain/bin/../lib/gcc/avr/5.4.0/../../../../avr/lib/avrxmega7\libm.a(addsf3x.o) (__fp_pscA)
c:/program files (x86)/atmel/studio/7.0/toolchain/avr8/avr8-gnu-toolchain/bin/../lib/gcc/avr/5.4.0/../../../../avr/lib/avrxmega7\libm.a(fp_pscB.o)
                              c:/program files (x86)/atmel/studio/7.0/toolchain/avr8/avr8-gnu-toolchain/bin/../lib/gcc/avr/5.4.0/../../../../avr/lib/avrxmega7\libm.a(addsf3x.o) (__fp_pscB)
c:/program files (x86)/atmel/studio/7.0/toolchain/avr8/avr8-gnu-toolchain/bin/../lib/gcc/avr/5.4.0/../../../../avr/lib/avrxmega7\libm.a(fp_round.o)
                              c:/program files (x86)/atmel/studio/7.0/toolchain/avr8/avr8-gnu-toolchain/bin/../lib/gcc/avr/5.4.0/../../../../avr/lib/avrxmega7\libm.a(addsf3.o) (__fp_round)
c:/program files (x86)/atmel/studio/7.0/toolchain/avr8/avr8-gnu-toolchain/bin/../lib/gcc/avr/5.4.0/../../../../avr/lib/avrxmega7\libm.a(fp_split3.o)
[...]
Memory Configuration

Name             Origin             Length             Attributes
text             0x00000000         0x00100000         xr
data             0x00802000         0x0000ffa0         rw !x
eeprom           0x00810000         0x00010000         rw !x
fuse             0x00820000         0x00000006         rw !x
lock             0x00830000         0x00000400         rw !x
signature        0x00840000         0x00000400         rw !x
user_signatures  0x00850000         0x00000400         rw !x
*default*        0x00000000         0xffffffff

Linker script and memory map

LOAD C:/Program Files (x86)/Atmel/Studio/7.0/Packs/atmel/XMEGAA_DFP/1.1.68/gcc/dev/atxmega128a1u/avrxmega7/crtatxmega128a1u.o
LOAD ADC_Wrapper.o
LOAD NVM_wrapper.o
LOAD RealMain.o
LOAD RTC_Wrapper.o
LOAD RTD_Wrapper.o
LOAD SPI_Wrapper.o
LOAD WDT_wrapper.o
LOAD src/ASF/common/drivers/nvm/xmega/xmega_nvm.o
LOAD src/ASF/common/services/hugemem/avr8/avr8_hugemem.o
LOAD src/ASF/common/services/usb/class/cdc/device/udi_cdc.o
LOAD src/ASF/common/services/usb/class/cdc/device/udi_cdc_desc.o
LOAD src/ASF/common/services/usb/udc/udc.o
LOAD src/ASF/xmega/drivers/dma/dma.o
LOAD src/ASF/xmega/drivers/rtc/rtc.o
LOAD src/ASF/xmega/drivers/usb/usb_device.o
LOAD TEC_Controller.o
LOAD TempPIDControl.o
LOAD USB_Wrapper.o
LOAD src/ASF/common/services/spi/xmega_spi/spi_master.o
LOAD src/ASF/xmega/drivers/spi/spi.o
LOAD src/ASF/xmega/drivers/adc/adc.o
LOAD StepperMotor.o
LOAD src/ASF/xmega/drivers/adc/xmega_aau/adc_aau.o
LOAD src/ASF/common/services/sleepmgr/xmega/sleepmgr.o
LOAD src/ASF/common/services/ioport/xmega/ioport_compat.o
LOAD src/ASF/common/services/clock/xmega/sysclk.o
LOAD src/ASF/xmega/drivers/nvm/nvm.o
LOAD src/ASF/xmega/drivers/tc/tc.o
LOAD src/ASF/xmega/drivers/wdt/wdt.o
LOAD src/ASF/xmega/services/pwm/pwm.o
LOAD src/ASF/xmega/drivers/nvm/nvm_asm.o
LOAD src/ASF/xmega/drivers/cpu/ccp.o
LOAD src/ASF/common/boards/user_board/init.o
LOAD src/main.o
START GROUP
LOAD c:/program files (x86)/atmel/studio/7.0/toolchain/avr8/avr8-gnu-toolchain/bin/../lib/gcc/avr/5.4.0/../../../../avr/lib/avrxmega7\libm.a
END GROUP
START GROUP
LOAD c:/program files (x86)/atmel/studio/7.0/toolchain/avr8/avr8-gnu-toolchain/bin/../lib/gcc/avr/5.4.0/avrxmega7\libgcc.a
LOAD c:/program files (x86)/atmel/studio/7.0/toolchain/avr8/avr8-gnu-toolchain/bin/../lib/gcc/avr/5.4.0/../../../../avr/lib/avrxmega7\libm.a
LOAD c:/program files (x86)/atmel/studio/7.0/toolchain/avr8/avr8-gnu-toolchain/bin/../lib/gcc/avr/5.4.0/../../../../avr/lib/avrxmega7\libc.a
LOAD C:/Program Files (x86)/Atmel/Studio/7.0/Packs/atmel/XMEGAA_DFP/1.1.68/gcc/dev/atxmega128a1u/avrxmega7\libatxmega128a1u.a
END GROUP
                0x00000000                __TEXT_REGION_ORIGIN__ = DEFINED (__TEXT_REGION_ORIGIN__)?__TEXT_REGION_ORIGIN__:0x0
                0x00802000                __DATA_REGION_ORIGIN__ = DEFINED (__DATA_REGION_ORIGIN__)?__DATA_REGION_ORIGIN__:0x802000
                0x00100000                __TEXT_REGION_LENGTH__ = DEFINED (__TEXT_REGION_LENGTH__)?__TEXT_REGION_LENGTH__:0x100000
                0x0000ffa0                __DATA_REGION_LENGTH__ = DEFINED (__DATA_REGION_LENGTH__)?__DATA_REGION_LENGTH__:0xffa0
                0x00010000                __EEPROM_REGION_LENGTH__ = DEFINED (__EEPROM_REGION_LENGTH__)?__EEPROM_REGION_LENGTH__:0x10000
                [0x00000006]                __FUSE_REGION_LENGTH__ = DEFINED (__FUSE_REGION_LENGTH__)?__FUSE_REGION_LENGTH__:0x400
                0x00000400                __LOCK_REGION_LENGTH__ = DEFINED (__LOCK_REGION_LENGTH__)?__LOCK_REGION_LENGTH__:0x400
                0x00000400                __SIGNATURE_REGION_LENGTH__ = DEFINED (__SIGNATURE_REGION_LENGTH__)?__SIGNATURE_REGION_LENGTH__:0x400
                0x00000400                __USER_SIGNATURE_REGION_LENGTH__ = DEFINED (__USER_SIGNATURE_REGION_LENGTH__)?__USER_SIGNATURE_REGION_LENGTH__:0x400

.hash
 *(.hash)

.dynsym
 *(.dynsym)

.dynstr
 *(.dynstr)

.gnu.version
 *(.gnu.version)

.gnu.version_d
 *(.gnu.version_d)

.gnu.version_r
 *(.gnu.version_r)

.rel.init
 *(.rel.init)

.rela.init
 *(.rela.init)

.rel.text
 *(.rel.text)
 *(.rel.text.*)
 *(.rel.gnu.linkonce.t*)

.rela.text
 *(.rela.text)
 *(.rela.text.*)
 *(.rela.gnu.linkonce.t*)

.rel.fini
 *(.rel.fini)

.rela.fini
 *(.rela.fini)

.rel.rodata
 *(.rel.rodata)
 *(.rel.rodata.*)
 *(.rel.gnu.linkonce.r*)

.rela.rodata
 *(.rela.rodata)
 *(.rela.rodata.*)
 *(.rela.gnu.linkonce.r*)

.rel.data
 *(.rel.data)
 *(.rel.data.*)
 *(.rel.gnu.linkonce.d*)

.rela.data
 *(.rela.data)
 *(.rela.data.*)
 *(.rela.gnu.linkonce.d*)

.rel.ctors
 *(.rel.ctors)

.rela.ctors
 *(.rela.ctors)

.rel.dtors
 *(.rel.dtors)

.rela.dtors
 *(.rela.dtors)

.rel.got
 *(.rel.got)

.rela.got
 *(.rela.got)

.rel.bss
 *(.rel.bss)

.rela.bss
 *(.rela.bss)

.rel.plt
 *(.rel.plt)

.rela.plt
 *(.rela.plt)

.text           0x00000000    0x176a6
 *(.vectors)
 .vectors       0x00000000      0x1fc C:/Program Files (x86)/Atmel/Studio/7.0/Packs/atmel/XMEGAA_DFP/1.1.68/gcc/dev/atxmega128a1u/avrxmega7/crtatxmega128a1u.o
                0x00000000                __vector_default
                0x00000000                __vectors
 *(.vectors)
 *(.progmem.gcc*)
 .progmem.gcc_sw_table.handle_received_USB_cmd
                0x000001fc       0x2c RealMain.o
 .progmem.gcc_sw_table.handle_LEDs
                0x00000228        0xe RealMain.o
 .progmem.gcc_sw_table.udd_ep_get_size
                0x00000236        0xe src/ASF/xmega/drivers/usb/usb_device.o
 .progmem.gcc_sw_table.pwm_init
                0x00000244       0x10 src/ASF/xmega/services/pwm/pwm.o
                0x00000254                . = ALIGN (0x2)
                0x00000254                __trampolines_start = .
 *(.trampolines)
 .trampolines   0x00000254        0x0 linker stubs
 *(.trampolines*)
                0x00000254                __trampolines_end = .
 *libprintf_flt.a:*(.progmem.data)
 *libc.a:*(.progmem.data)
 .progmem.data  0x00000254       0x3b c:/program files (x86)/atmel/studio/7.0/toolchain/avr8/avr8-gnu-toolchain/bin/../lib/gcc/avr/5.4.0/../../../../avr/lib/avrxmega7\libc.a(strtod.o)
 .progmem.data  0x0000028f       0xfa c:/program files (x86)/atmel/studio/7.0/toolchain/avr8/avr8-gnu-toolchain/bin/../lib/gcc/avr/5.4.0/../../../../avr/lib/avrxmega7\libc.a(ftoa_engine.o)
 *(.progmem*)
 .progmem.data.thermSensorLUT
                0x00000389     0x1e48 RealMain.o
 .progmem.data.RTDSensorLUT
                0x000021d1     0x31bc RealMain.o
                0x0000538e                . = ALIGN (0x2)
 *fill*         0x0000538d        0x1 
 *(.jumptables)
 *(.jumptables*)
 *(.lowtext)
 *(.lowtext*)
                0x0000538e                __ctors_start = .
 *(.ctors)
                0x0000538e                __ctors_end = .
                0x0000538e                __dtors_start = .
 *(.dtors)
                0x0000538e                __dtors_end = .
 SORT(*)(.ctors)
 SORT(*)(.dtors)
 *(.init0)
 .init0         0x0000538e        0x0 C:/Program Files (x86)/Atmel/Studio/7.0/Packs/atmel/XMEGAA_DFP/1.1.68/gcc/dev/atxmega128a1u/avrxmega7/crtatxmega128a1u.o
                0x0000538e                __init
 *(.init0)
 *(.init1)
 *(.init1)
 *(.init2)
 .init2         0x0000538e       0x18 C:/Program Files (x86)/Atmel/Studio/7.0/Packs/atmel/XMEGAA_DFP/1.1.68/gcc/dev/atxmega128a1u/avrxmega7/crtatxmega128a1u.o
 *(.init2)
 *(.init3)
 *(.init3)
 *(.init4)
 .init4         0x000053a6       0x1c c:/program files (x86)/atmel/studio/7.0/toolchain/avr8/avr8-gnu-toolchain/bin/../lib/gcc/avr/5.4.0/avrxmega7\libgcc.a(_copy_data.o)
                0x000053a6                __do_copy_data
 .init4         0x000053c2       0x10 c:/program files (x86)/atmel/studio/7.0/toolchain/avr8/avr8-gnu-toolchain/bin/../lib/gcc/avr/5.4.0/avrxmega7\libgcc.a(_clear_bss.o)
                0x000053c2                __do_clear_bss
 *(.init4)
 *(.init5)
 *(.init5)
 *(.init6)
 *(.init6)
 *(.init7)
 *(.init7)
 *(.init8)
 *(.init8)
 *(.init9)
 .init9         0x000053d2        0x8 C:/Program Files (x86)/Atmel/Studio/7.0/Packs/atmel/XMEGAA_DFP/1.1.68/gcc/dev/atxmega128a1u/avrxmega7/crtatxmega128a1u.o
 *(.init9)
 *(.text)
 .text          0x000053da        0x4 C:/Program Files (x86)/Atmel/Studio/7.0/Packs/atmel/XMEGAA_DFP/1.1.68/gcc/dev/atxmega128a1u/avrxmega7/crtatxmega128a1u.o
                0x000053da                __vector_38
                0x000053da                __vector_104
                0x000053da                __vector_63
                0x000053da                __vector_28
                0x000053da                __vector_67
                0x000053da                __vector_1
                0x000053da                __vector_119
                0x000053da                __vector_32
                0x000053da                __vector_75
                0x000053da                __vector_91
                0x000053da                __vector_62
                0x000053da                __vector_102
                0x000053da                __vector_24
                0x000053da                __vector_12
                0x000053da                __vector_69
                0x000053da                __vector_90
                0x000053da                __vector_46
                0x000053da                __bad_interrupt
                0x000053da                __vector_122
                0x000053da                __vector_31
                0x000053da                __vector_92
                0x000053da                __vector_35
                0x000053da                __vector_107
                0x000053da                __vector_3
                0x000053da                __vector_105
                0x000053da                __vector_98
                0x000053da                __vector_68
                0x000053da                __vector_30
                0x000053da                __vector_45
                0x000053da                __vector_25
                0x000053da                __vector_93
                0x000053da                __vector_61
                0x000053da                __vector_99
                0x000053da                __vector_13
                0x000053da                __vector_123
                0x000053da                __vector_100
                0x000053da                __vector_101
                0x000053da                __vector_64
                0x000053da                __vector_88
                0x000053da                __vector_43
                0x000053da                __vector_27
                0x000053da                __vector_5
                0x000053da                __vector_33
                0x000053da                __vector_76
                0x000053da                __vector_37
                0x000053da                __vector_95
                0x000053da                __vector_103
                0x000053da                __vector_96
                0x000053da                __vector_89
                0x000053da                __vector_4
                0x000053da                __vector_44
                0x000053da                __vector_106
                0x000053da                __vector_118
                0x000053da                __vector_66
                0x000053da                __vector_36
                0x000053da                __vector_58
                0x000053da                __vector_70
                0x000053da                __vector_29
                0x000053da                __vector_60
                0x000053da                __vector_121
                0x000053da                __vector_94
                0x000053da                __vector_26
                0x000053da                __vector_124
                0x000053da                __vector_57
                0x000053da                __vector_59
                0x000053da                __vector_97
                0x000053da                __vector_87
                0x000053da                __vector_65
                0x000053da                __vector_120
                0x000053de                . = ALIGN (0x2)
 *(.text.*)
 .text.osc_get_rate
                0x000053de       0x6a ADC_Wrapper.o
 .text.pll_get_default_rate_priv
                0x00005448       0xa4 ADC_Wrapper.o
 .text.sysclk_get_main_hz
                0x000054ec       0x22 ADC_Wrapper.o
 .text.sysclk_get_per4_hz
                0x0000550e       0x32 ADC_Wrapper.o
 .text.sysclk_get_per2_hz
                0x00005540       0x18 ADC_Wrapper.o
 .text.sysclk_get_per_hz
                0x00005558       0x18 ADC_Wrapper.o
 .text.adc_set_clock_rate
                0x00005570       0xca ADC_Wrapper.o
 .text.adc_set_conversion_parameters
                0x0000563a       0x7e ADC_Wrapper.o
 .text.adc_set_conversion_trigger
                0x000056b8      0x194 ADC_Wrapper.o
 .text.adcch_get_gain_setting
                0x0000584c       0x8a ADC_Wrapper.o
 .text.adcch_set_input
                0x000058d6      0x158 ADC_Wrapper.o
 .text.init_ADC
                0x00005a2e       0x92 ADC_Wrapper.o
                0x00005a2e                init_ADC
 .text.init_NVM
                0x00005ac0       0x16 NVM_wrapper.o
                0x00005ac0                init_NVM
 .text.write_PID_to_NVM
                0x00005ad6       0x64 NVM_wrapper.o
                0x00005ad6                write_PID_to_NVM
 .text.read_PID_from_NVM
                0x00005b3a       0x64 NVM_wrapper.o
                0x00005b3a                read_PID_from_NVM
 .text.write_to_NVM
                0x00005b9e       0x64 NVM_wrapper.o
                0x00005b9e                write_to_NVM
 .text.read_from_NVM
                0x00005c02       0x64 NVM_wrapper.o
                0x00005c02                read_from_NVM
 .text.cpu_irq_save
                0x00005c66       0x20 RealMain.o
 .text.cpu_irq_restore
                0x00005c86       0x20 RealMain.o
 .text.pmic_init
                0x00005ca6       0x1a RealMain.o
 .text.dma_channel_enable
                0x00005cc0       0x50 RealMain.o
 .text.dma_channel_set_burst_length
                0x00005d10       0x48 RealMain.o
 .text.dma_channel_set_src_reload_mode
                0x00005d58       0x48 RealMain.o
 .text.dma_channel_set_dest_reload_mode
                0x00005da0       0x48 RealMain.o
 .text.dma_channel_set_src_dir_mode
                0x00005de8       0x48 RealMain.o
 .text.dma_channel_set_dest_dir_mode
                0x00005e30       0x48 RealMain.o
 .text.dma_channel_set_trigger_source
                0x00005e78       0x28 RealMain.o
 .text.dma_channel_set_transfer_count
                0x00005ea0       0x30 RealMain.o
 .text.dma_channel_set_repeats
                0x00005ed0       0x3c RealMain.o
 .text.dma_channel_set_destination_address
                0x00005f0c       0x30 RealMain.o
 .text.dma_channel_set_source_address
                0x00005f3c       0x30 RealMain.o
 .text.ioport_configure_pin
                0x00005f6c       0x7a RealMain.o
 .text.ioport_set_pin_low
                0x00005fe6       0xaa RealMain.o
 .text.ioport_set_pin_high
                0x00006090       0xac RealMain.o
 .text.ioport_init
                0x0000613c       0x10 RealMain.o
 .text.ioport_set_pin_dir
                0x0000614c       0xb4 RealMain.o
 .text.ioport_get_pin_level
                0x00006200       0x80 RealMain.o
 .text.tc_set_overflow_interrupt_level
                0x00006280       0x48 RealMain.o
 .text.tc_set_cca_interrupt_level
                0x000062c8       0x48 RealMain.o
 .text.tc_set_ccb_interrupt_level
                0x00006310       0x56 RealMain.o
 .text.tc_write_clock_source
                0x00006366       0x38 RealMain.o
 .text.tc_write_period
                0x0000639e       0x30 RealMain.o
 .text.tc_clear_overflow
                0x000063ce       0x30 RealMain.o
 .text.tc_enable_cc_channels
                0x000063fe       0x68 RealMain.o
 .text.tc_read_cc
                0x00006466       0xbc RealMain.o
 .text.tc_write_cc
                0x00006522       0xd4 RealMain.o
 .text.tc_set_wgm
                0x000065f6       0x38 RealMain.o
 .text.__vector_34
                0x0000662e       0xbe RealMain.o
                0x0000662e                __vector_34
 .text.__vector_2
                0x000066ec       0x50 RealMain.o
                0x000066ec                __vector_2
 .text.sys_clk_overflow_callback
                0x0000673c      0x194 RealMain.o
 .text.heater_cc_overflow_callback
                0x000068d0       0x1c RealMain.o
 .text.fan_cc_overflow_callback
                0x000068ec       0x1c RealMain.o
 .text.heater_timer_overflow_callback
                0x00006908       0x28 RealMain.o
 .text.rod_position_timer_overflow_callback
                0x00006930       0xa6 RealMain.o
 .text.mixer_timer_overflow_callback
                0x000069d6       0xa6 RealMain.o
 .text.lower_mixer_timer_overflow_callback
                0x00006a7c       0xa6 RealMain.o
 .text.pump_timer_overflow_callback
                0x00006b22       0xa6 RealMain.o
 .text.real_main
                0x00006bc8      0x47a RealMain.o
                0x00006bc8                real_main
 .text.init_IO  0x00007042      0x134 RealMain.o
                0x00007042                init_IO
 .text.init_motor_structs
                0x00007176      0x1e6 RealMain.o
                0x00007176                init_motor_structs
 .text.init_steppers_SPI_control
                0x0000735c      0x4d0 RealMain.o
                0x0000735c                init_steppers_SPI_control
 .text.init_sys_timer
                0x0000782c       0x4e RealMain.o
                0x0000782c                init_sys_timer
 .text.init_heater_timer
                0x0000787a       0x7c RealMain.o
                0x0000787a                init_heater_timer
 .text.init_fan_timer
                0x000078f6       0x3e RealMain.o
                0x000078f6                init_fan_timer
 .text.parse_received_USB_msg
                0x00007934      0x508 RealMain.o
                0x00007934                parse_received_USB_msg
 .text.check_cmd_type
                0x00007e3c       0xdc RealMain.o
                0x00007e3c                check_cmd_type
 .text.convert_cmd_str_to_char
                0x00007f18      0x158 RealMain.o
                0x00007f18                convert_cmd_str_to_char
 .text.convert_msg_data_to_num
                0x00008070       0x2a RealMain.o
                0x00008070                convert_msg_data_to_num
 .text.convert_int_to_string
                0x0000809a       0x38 RealMain.o
                0x0000809a                convert_int_to_string
 .text.convert_float_to_string
                0x000080d2       0x9c RealMain.o
                0x000080d2                convert_float_to_string
 .text.convert_received_motor_to_index
                0x0000816e       0x4e RealMain.o
                0x0000816e                convert_received_motor_to_index
 .text.check_motor_index
                0x000081bc       0x20 RealMain.o
                0x000081bc                check_motor_index
 .text.handle_received_USB_cmd
                0x000081dc     0x2798 RealMain.o
                0x000081dc                handle_received_USB_cmd
 .text.check_received_data_limits
                0x0000a974       0x78 RealMain.o
                0x0000a974                check_received_data_limits
 .text.calc_temp_from_ADC_reading
                0x0000a9ec       0xd6 RealMain.o
                0x0000a9ec                calc_temp_from_ADC_reading
 .text.calc_temp_from_RTD_reading
                0x0000aac2       0xb2 RealMain.o
                0x0000aac2                calc_temp_from_RTD_reading
 .text.clear_receivedUSBMsg
                0x0000ab74       0xb2 RealMain.o
                0x0000ab74                clear_receivedUSBMsg
 .text.flush_USB_rx_buffer
                0x0000ac26       0x32 RealMain.o
                0x0000ac26                flush_USB_rx_buffer
 .text.flush_USB_tx_buffer
                0x0000ac58       0x32 RealMain.o
                0x0000ac58                flush_USB_tx_buffer
 .text.handle_LEDs
                0x0000ac8a      0x2c0 RealMain.o
                0x0000ac8a                handle_LEDs
 .text.handle_temp_PID
                0x0000af4a      0x1cc RealMain.o
                0x0000af4a                handle_temp_PID
 .text.handle_pump
                0x0000b116       0x60 RealMain.o
                0x0000b116                handle_pump
 .text.handle_fan
                0x0000b176       0x3c RealMain.o
                0x0000b176                handle_fan
 .text.calc_heater_adj
                0x0000b1b2       0xcc RealMain.o
                0x0000b1b2                calc_heater_adj
 .text.handle_TEC
                0x0000b27e      0x180 RealMain.o
                0x0000b27e                handle_TEC
 .text.reset_blink_time_LED
                0x0000b3fe       0x20 RealMain.o
                0x0000b3fe                reset_blink_time_LED
 .text.calc_buff_average
                0x0000b41e       0xc8 RealMain.o
                0x0000b41e                calc_buff_average
 .text.init_DMA
                0x0000b4e6      0x1d2 RealMain.o
                0x0000b4e6                init_DMA
 .text.init_RTD_sensor
                0x0000b6b8       0x2a RTD_Wrapper.o
                0x0000b6b8                init_RTD_sensor
 .text.get_RTD_sensor_reading
                0x0000b6e2       0xa6 RTD_Wrapper.o
                0x0000b6e2                get_RTD_sensor_reading
 .text.ioport_configure_pin
                0x0000b788       0x7a SPI_Wrapper.o
 .text.spi_enable
                0x0000b802       0x30 SPI_Wrapper.o
 .text.spi_get  0x0000b832       0x22 SPI_Wrapper.o
 .text.spi_read_single
                0x0000b854       0x32 SPI_Wrapper.o
 .text.init_SPI_IO
                0x0000b886       0x70 SPI_Wrapper.o
                0x0000b886                init_SPI_IO
 .text.init_SPI
                0x0000b8f6       0x8a SPI_Wrapper.o
                0x0000b8f6                init_SPI
 .text.select_SPI_device
                0x0000b980       0x52 SPI_Wrapper.o
                0x0000b980                select_SPI_device
 .text.deselect_SPI_device
                0x0000b9d2       0x4a SPI_Wrapper.o
                0x0000b9d2                deselect_SPI_device
 .text.send_msg
                0x0000ba1c       0x48 SPI_Wrapper.o
                0x0000ba1c                send_msg
 .text.read_msg
                0x0000ba64       0x66 SPI_Wrapper.o
                0x0000ba64                read_msg
 .text.enable_WDT
                0x0000baca       0x14 WDT_wrapper.o
                0x0000baca                enable_WDT
 .text.disable_WDT
                0x0000bade       0x14 WDT_wrapper.o
                0x0000bade                disable_WDT
 .text.set_WDT_timeout
                0x0000baf2       0x1c WDT_wrapper.o
                0x0000baf2                set_WDT_timeout
 .text.reset_WDT
                0x0000bb0e       0x12 WDT_wrapper.o
                0x0000bb0e                reset_WDT
 .text.nvm_init
                0x0000bb20       0x26 src/ASF/common/drivers/nvm/xmega/xmega_nvm.o
                0x0000bb20                nvm_init
 .text.nvm_read
                0x0000bb46       0xa4 src/ASF/common/drivers/nvm/xmega/xmega_nvm.o
                0x0000bb46                nvm_read
 .text.nvm_write
                0x0000bbea       0xa8 src/ASF/common/drivers/nvm/xmega/xmega_nvm.o
                0x0000bbea                nvm_write
 .text.cpu_irq_save
                0x0000bc92       0x20 src/ASF/common/services/usb/class/cdc/device/udi_cdc.o
 .text.cpu_irq_restore
                0x0000bcb2       0x20 src/ASF/common/services/usb/class/cdc/device/udi_cdc.o
 .text.udi_cdc_comm_enable
                0x0000bcd2      0x1c8 src/ASF/common/services/usb/class/cdc/device/udi_cdc.o
                0x0000bcd2                udi_cdc_comm_enable
 .text.udi_cdc_data_enable
                0x0000be9a      0x116 src/ASF/common/services/usb/class/cdc/device/udi_cdc.o
                0x0000be9a                udi_cdc_data_enable
 .text.udi_cdc_comm_disable
                0x0000bfb0       0x1a src/ASF/common/services/usb/class/cdc/device/udi_cdc.o
                0x0000bfb0                udi_cdc_comm_disable
 .text.udi_cdc_data_disable
                0x0000bfca       0x2c src/ASF/common/services/usb/class/cdc/device/udi_cdc.o
                0x0000bfca                udi_cdc_data_disable
 .text.udi_cdc_comm_setup
                0x0000bff6      0x100 src/ASF/common/services/usb/class/cdc/device/udi_cdc.o
                0x0000bff6                udi_cdc_comm_setup
 .text.udi_cdc_data_setup
                0x0000c0f6       0x10 src/ASF/common/services/usb/class/cdc/device/udi_cdc.o
                0x0000c0f6                udi_cdc_data_setup
 .text.udi_cdc_getsetting
                0x0000c106       0x10 src/ASF/common/services/usb/class/cdc/device/udi_cdc.o
                0x0000c106                udi_cdc_getsetting
 .text.udi_cdc_data_sof_notify
                0x0000c116       0x16 src/ASF/common/services/usb/class/cdc/device/udi_cdc.o
                0x0000c116                udi_cdc_data_sof_notify
 .text.udi_cdc_setup_to_port
                0x0000c12c       0x2a src/ASF/common/services/usb/class/cdc/device/udi_cdc.o
 .text.udi_cdc_line_coding_received
                0x0000c156       0x18 src/ASF/common/services/usb/class/cdc/device/udi_cdc.o
 .text.udi_cdc_rx_start
                0x0000c16e      0x12c src/ASF/common/services/usb/class/cdc/device/udi_cdc.o
 .text.udi_cdc_data_received
                0x0000c29a       0xdc src/ASF/common/services/usb/class/cdc/device/udi_cdc.o
 .text.udi_cdc_data_sent
                0x0000c376       0x96 src/ASF/common/services/usb/class/cdc/device/udi_cdc.o
 .text.udi_cdc_tx_send
                0x0000c40c      0x264 src/ASF/common/services/usb/class/cdc/device/udi_cdc.o
 .text.udi_cdc_multi_get_nb_received_data
                0x0000c670       0x7e src/ASF/common/services/usb/class/cdc/device/udi_cdc.o
                0x0000c670                udi_cdc_multi_get_nb_received_data
 .text.udi_cdc_get_nb_received_data
                0x0000c6ee       0x12 src/ASF/common/services/usb/class/cdc/device/udi_cdc.o
                0x0000c6ee                udi_cdc_get_nb_received_data
 .text.udi_cdc_multi_is_rx_ready
                0x0000c700       0x22 src/ASF/common/services/usb/class/cdc/device/udi_cdc.o
                0x0000c700                udi_cdc_multi_is_rx_ready
 .text.udi_cdc_is_rx_ready
                0x0000c722       0x12 src/ASF/common/services/usb/class/cdc/device/udi_cdc.o
                0x0000c722                udi_cdc_is_rx_ready
 .text.udi_cdc_multi_getc
                0x0000c734      0x148 src/ASF/common/services/usb/class/cdc/device/udi_cdc.o
                0x0000c734                udi_cdc_multi_getc
 .text.udi_cdc_getc
                0x0000c87c       0x12 src/ASF/common/services/usb/class/cdc/device/udi_cdc.o
                0x0000c87c                udi_cdc_getc
 .text.udi_cdc_multi_get_free_tx_buffer
                0x0000c88e       0xd6 src/ASF/common/services/usb/class/cdc/device/udi_cdc.o
                0x0000c88e                udi_cdc_multi_get_free_tx_buffer
 .text.udi_cdc_multi_is_tx_ready
                0x0000c964       0x22 src/ASF/common/services/usb/class/cdc/device/udi_cdc.o
                0x0000c964                udi_cdc_multi_is_tx_ready
 .text.udi_cdc_multi_putc
                0x0000c986      0x11a src/ASF/common/services/usb/class/cdc/device/udi_cdc.o
                0x0000c986                udi_cdc_multi_putc
 .text.udi_cdc_putc
                0x0000caa0       0x24 src/ASF/common/services/usb/class/cdc/device/udi_cdc.o
                0x0000caa0                udi_cdc_putc
 .text.udc_get_string_serial_name
                0x0000cac4       0x12 src/ASF/common/services/usb/udc/udc.o
 .text.udc_get_eof_conf
                0x0000cad6       0x34 src/ASF/common/services/usb/udc/udc.o
 .text.udc_next_desc_in_iface
                0x0000cb0a       0x8e src/ASF/common/services/usb/udc/udc.o
 .text.udc_update_iface_desc
                0x0000cb98       0xd2 src/ASF/common/services/usb/udc/udc.o
 .text.udc_iface_disable
                0x0000cc6a       0xb8 src/ASF/common/services/usb/udc/udc.o
 .text.udc_iface_enable
                0x0000cd22       0xac src/ASF/common/services/usb/udc/udc.o
 .text.udc_start
                0x0000cdce       0x14 src/ASF/common/services/usb/udc/udc.o
                0x0000cdce                udc_start
 .text.udc_reset
                0x0000cde2       0x4e src/ASF/common/services/usb/udc/udc.o
                0x0000cde2                udc_reset
 .text.udc_sof_notify
                0x0000ce30       0x96 src/ASF/common/services/usb/udc/udc.o
                0x0000ce30                udc_sof_notify
 .text.udc_req_std_dev_get_status
                0x0000cec6       0x2c src/ASF/common/services/usb/udc/udc.o
 .text.udc_req_std_ep_get_status
                0x0000cef2       0x44 src/ASF/common/services/usb/udc/udc.o
 .text.udc_req_std_dev_clear_feature
                0x0000cf36       0x42 src/ASF/common/services/usb/udc/udc.o
 .text.udc_req_std_ep_clear_feature
                0x0000cf78       0x3a src/ASF/common/services/usb/udc/udc.o
 .text.udc_req_std_dev_set_feature
                0x0000cfb2       0x32 src/ASF/common/services/usb/udc/udc.o
 .text.udc_req_std_ep_set_feature
                0x0000cfe4       0x46 src/ASF/common/services/usb/udc/udc.o
 .text.udc_valid_address
                0x0000d02a       0x1e src/ASF/common/services/usb/udc/udc.o
 .text.udc_req_std_dev_set_address
                0x0000d048       0x2c src/ASF/common/services/usb/udc/udc.o
 .text.udc_req_std_dev_get_str_desc
                0x0000d074       0xb2 src/ASF/common/services/usb/udc/udc.o
 .text.udc_req_std_dev_get_descriptor
                0x0000d126      0x148 src/ASF/common/services/usb/udc/udc.o
 .text.udc_req_std_dev_get_configuration
                0x0000d26e       0x2c src/ASF/common/services/usb/udc/udc.o
 .text.udc_req_std_dev_set_configuration
                0x0000d29a       0xce src/ASF/common/services/usb/udc/udc.o
 .text.udc_req_std_iface_get_setting
                0x0000d368       0xb0 src/ASF/common/services/usb/udc/udc.o
 .text.udc_req_std_iface_set_setting
                0x0000d418       0x5e src/ASF/common/services/usb/udc/udc.o
 .text.udc_reqstd
                0x0000d476      0x142 src/ASF/common/services/usb/udc/udc.o
 .text.udc_req_iface
                0x0000d5b8       0xb2 src/ASF/common/services/usb/udc/udc.o
 .text.udc_req_ep
                0x0000d66a       0xae src/ASF/common/services/usb/udc/udc.o
 .text.udc_process_setup
                0x0000d718       0x8e src/ASF/common/services/usb/udc/udc.o
                0x0000d718                udc_process_setup
 .text.cpu_irq_save
                0x0000d7a6       0x20 src/ASF/xmega/drivers/dma/dma.o
 .text.cpu_irq_restore
                0x0000d7c6       0x20 src/ASF/xmega/drivers/dma/dma.o
 .text.sleepmgr_lock_mode
                0x0000d7e6       0x50 src/ASF/xmega/drivers/dma/dma.o
 .text.dma_get_channel_status
                0x0000d836      0x132 src/ASF/xmega/drivers/dma/dma.o
 .text.dma_enable
                0x0000d968       0x30 src/ASF/xmega/drivers/dma/dma.o
                0x0000d968                dma_enable
 .text.dma_interrupt
                0x0000d998       0x80 src/ASF/xmega/drivers/dma/dma.o
 .text.__vector_6
                0x0000da18       0x9a src/ASF/xmega/drivers/dma/dma.o
                0x0000da18                __vector_6
 .text.__vector_7
                0x0000dab2       0x9a src/ASF/xmega/drivers/dma/dma.o
                0x0000dab2                __vector_7
 .text.__vector_8
                0x0000db4c       0x9a src/ASF/xmega/drivers/dma/dma.o
                0x0000db4c                __vector_8
 .text.__vector_9
                0x0000dbe6       0x9a src/ASF/xmega/drivers/dma/dma.o
                0x0000dbe6                __vector_9
 .text.dma_channel_write_config
                0x0000dc80      0x110 src/ASF/xmega/drivers/dma/dma.o
                0x0000dc80                dma_channel_write_config
 .text.__vector_10
                0x0000dd90       0x60 src/ASF/xmega/drivers/rtc/rtc.o
                0x0000dd90                __vector_10
 .text.__vector_11
                0x0000ddf0      0x180 src/ASF/xmega/drivers/rtc/rtc.o
                0x0000ddf0                __vector_11
 .text.cpu_irq_save
                0x0000df70       0x20 src/ASF/xmega/drivers/usb/usb_device.o
 .text.cpu_irq_restore
                0x0000df90       0x20 src/ASF/xmega/drivers/usb/usb_device.o
 .text.nvm_read_production_signature_row
                0x0000dfb0       0x22 src/ASF/xmega/drivers/usb/usb_device.o
 .text.usb_pad_init
                0x0000dfd2       0x58 src/ASF/xmega/drivers/usb/usb_device.o
 .text.sleepmgr_lock_mode
                0x0000e02a       0x50 src/ASF/xmega/drivers/usb/usb_device.o
 .text.sleepmgr_unlock_mode
                0x0000e07a       0x50 src/ASF/xmega/drivers/usb/usb_device.o
 .text.udd_sleep_mode
                0x0000e0ca       0x48 src/ASF/xmega/drivers/usb/usb_device.o
 .text.udd_enable
                0x0000e112      0x128 src/ASF/xmega/drivers/usb/usb_device.o
                0x0000e112                udd_enable
 .text.udd_attach
                0x0000e23a       0x8e src/ASF/xmega/drivers/usb/usb_device.o
                0x0000e23a                udd_attach
 .text.udd_is_high_speed
                0x0000e2c8       0x10 src/ASF/xmega/drivers/usb/usb_device.o
                0x0000e2c8                udd_is_high_speed
 .text.udd_set_address
                0x0000e2d8       0x20 src/ASF/xmega/drivers/usb/usb_device.o
                0x0000e2d8                udd_set_address
 .text.udd_getaddress
                0x0000e2f8       0x16 src/ASF/xmega/drivers/usb/usb_device.o
                0x0000e2f8                udd_getaddress
 .text.udd_get_frame_number
                0x0000e30e       0x16 src/ASF/xmega/drivers/usb/usb_device.o
                0x0000e30e                udd_get_frame_number
 .text.udd_get_micro_frame_number
                0x0000e324       0x12 src/ASF/xmega/drivers/usb/usb_device.o
                0x0000e324                udd_get_micro_frame_number
 .text.udd_set_setup_payload
                0x0000e336       0x3a src/ASF/xmega/drivers/usb/usb_device.o
                0x0000e336                udd_set_setup_payload
 .text.udd_ep_alloc
                0x0000e370       0x90 src/ASF/xmega/drivers/usb/usb_device.o
                0x0000e370                udd_ep_alloc
 .text.udd_ep_free
                0x0000e400       0x2e src/ASF/xmega/drivers/usb/usb_device.o
                0x0000e400                udd_ep_free
 .text.udd_ep_is_halted
                0x0000e42e       0x3a src/ASF/xmega/drivers/usb/usb_device.o
                0x0000e42e                udd_ep_is_halted
 .text.udd_ep_set_halt
                0x0000e468       0x48 src/ASF/xmega/drivers/usb/usb_device.o
                0x0000e468                udd_ep_set_halt
 .text.udd_ep_clear_halt
                0x0000e4b0       0x84 src/ASF/xmega/drivers/usb/usb_device.o
                0x0000e4b0                udd_ep_clear_halt
 .text.udd_ep_run
                0x0000e534      0x190 src/ASF/xmega/drivers/usb/usb_device.o
                0x0000e534                udd_ep_run
 .text.udd_ep_abort
                0x0000e6c4       0x98 src/ASF/xmega/drivers/usb/usb_device.o
                0x0000e6c4                udd_ep_abort
 .text.__vector_125
                0x0000e75c      0x174 src/ASF/xmega/drivers/usb/usb_device.o
                0x0000e75c                __vector_125
 .text.__vector_126
                0x0000e8d0      0x186 src/ASF/xmega/drivers/usb/usb_device.o
                0x0000e8d0                __vector_126
 .text.udd_ep_init
                0x0000ea56       0xec src/ASF/xmega/drivers/usb/usb_device.o
 .text.udd_ep_get_ctrl
                0x0000eb42       0x46 src/ASF/xmega/drivers/usb/usb_device.o
 .text.udd_ctrl_init
                0x0000eb88       0x8e src/ASF/xmega/drivers/usb/usb_device.o
 .text.udd_ctrl_setup_received
                0x0000ec16       0xda src/ASF/xmega/drivers/usb/usb_device.o
 .text.udd_ctrl_in_sent
                0x0000ecf0      0x12a src/ASF/xmega/drivers/usb/usb_device.o
 .text.udd_ctrl_out_received
                0x0000ee1a      0x17c src/ASF/xmega/drivers/usb/usb_device.o
 .text.udd_ctrl_underflow
                0x0000ef96       0x58 src/ASF/xmega/drivers/usb/usb_device.o
 .text.udd_ctrl_overflow
                0x0000efee       0x58 src/ASF/xmega/drivers/usb/usb_device.o
 .text.udd_ctrl_stall_data
                0x0000f046       0x2e src/ASF/xmega/drivers/usb/usb_device.o
 .text.udd_ctrl_send_zlp_in
                0x0000f074       0x2c src/ASF/xmega/drivers/usb/usb_device.o
 .text.udd_ctrl_send_zlp_out
                0x0000f0a0       0x24 src/ASF/xmega/drivers/usb/usb_device.o
 .text.udd_ctrl_endofrequest
                0x0000f0c4       0x28 src/ASF/xmega/drivers/usb/usb_device.o
 .text.udd_ctrl_interrupt_error
                0x0000f0ec       0x78 src/ASF/xmega/drivers/usb/usb_device.o
 .text.udd_ctrl_interrupt_tc_setup
                0x0000f164       0x60 src/ASF/xmega/drivers/usb/usb_device.o
 .text.udd_ep_get_size
                0x0000f1c4       0x80 src/ASF/xmega/drivers/usb/usb_device.o
 .text.udd_ep_get_job
                0x0000f244       0x50 src/ASF/xmega/drivers/usb/usb_device.o
 .text.udd_ep_trans_complet
                0x0000f294      0x3ce src/ASF/xmega/drivers/usb/usb_device.o
 .text.osc_get_rate
                0x0000f662       0x6a TEC_Controller.o
 .text.pll_get_default_rate_priv
                0x0000f6cc       0xa4 TEC_Controller.o
 .text.sysclk_get_main_hz
                0x0000f770       0x22 TEC_Controller.o
 .text.sysclk_get_per4_hz
                0x0000f792       0x32 TEC_Controller.o
 .text.sysclk_get_per2_hz
                0x0000f7c4       0x18 TEC_Controller.o
 .text.sysclk_get_per_hz
                0x0000f7dc       0x18 TEC_Controller.o
 .text.sysclk_get_cpu_hz
                0x0000f7f4       0x18 TEC_Controller.o
 .text.__portable_avr_delay_cycles
                0x0000f80c       0x16 TEC_Controller.o
 .text.ioport_configure_pin
                0x0000f822       0x7a TEC_Controller.o
 .text.ioport_set_pin_low
                0x0000f89c       0xaa TEC_Controller.o
 .text.ioport_set_pin_high
                0x0000f946       0xac TEC_Controller.o
 .text.init_TEC_controller
                0x0000f9f2       0x70 TEC_Controller.o
                0x0000f9f2                init_TEC_controller
 .text.set_TEC_pwm_A_duty
                0x0000fa62       0x20 TEC_Controller.o
                0x0000fa62                set_TEC_pwm_A_duty
 .text.set_TEC_pwm_A_freq
                0x0000fa82       0x34 TEC_Controller.o
                0x0000fa82                set_TEC_pwm_A_freq
 .text.set_TEC_pwm_B_duty
                0x0000fab6       0x20 TEC_Controller.o
                0x0000fab6                set_TEC_pwm_B_duty
 .text.set_TEC_pwm_B_freq
                0x0000fad6       0x34 TEC_Controller.o
                0x0000fad6                set_TEC_pwm_B_freq
 .text.reset_TEC_A
                0x0000fb0a      0x236 TEC_Controller.o
                0x0000fb0a                reset_TEC_A
 .text.reset_TEC_B
                0x0000fd40      0x236 TEC_Controller.o
                0x0000fd40                reset_TEC_B
 .text.recover_from_OTSD
                0x0000ff76       0x14 TEC_Controller.o
                0x0000ff76                recover_from_OTSD
 .text.pwm_set_TEC_frequency_32bit
                0x0000ff8a      0x18a TEC_Controller.o
                0x0000ff8a                pwm_set_TEC_frequency_32bit
 .text.compute_temp_PID_duty
                0x00010114      0x2ec TempPIDControl.o
                0x00010114                compute_temp_PID_duty
 .text.my_callback_cdc_enable
                0x00010400       0x16 USB_Wrapper.o
                0x00010400                my_callback_cdc_enable
 .text.my_callback_cdc_disable
                0x00010416       0x14 USB_Wrapper.o
                0x00010416                my_callback_cdc_disable
 .text.my_callback_rx_notify
                0x0001042a       0xb4 USB_Wrapper.o
                0x0001042a                my_callback_rx_notify
 .text.get_last_msg_length
                0x000104de       0x16 USB_Wrapper.o
                0x000104de                get_last_msg_length
 .text.send_cmd_response
                0x000104f4       0x4c USB_Wrapper.o
                0x000104f4                send_cmd_response
 .text.init_USB
                0x00010540       0x3e USB_Wrapper.o
                0x00010540                init_USB
 .text.check_USB_ready
                0x0001057e       0x12 USB_Wrapper.o
                0x0001057e                check_USB_ready
 .text.ioport_set_pin_low
                0x00010590       0xaa src/ASF/common/services/spi/xmega_spi/spi_master.o
 .text.ioport_set_pin_high
                0x0001063a       0xac src/ASF/common/services/spi/xmega_spi/spi_master.o
 .text.spi_put  0x000106e6       0x28 src/ASF/common/services/spi/xmega_spi/spi_master.o
 .text.spi_is_tx_ok
                0x0001070e       0x28 src/ASF/common/services/spi/xmega_spi/spi_master.o
 .text.spi_enable_master_mode
                0x00010736       0x30 src/ASF/common/services/spi/xmega_spi/spi_master.o
 .text.spi_is_rx_full
                0x00010766       0x20 src/ASF/common/services/spi/xmega_spi/spi_master.o
 .text.osc_get_rate
                0x00010786       0x6a src/ASF/common/services/spi/xmega_spi/spi_master.o
 .text.pll_get_default_rate_priv
                0x000107f0       0xa4 src/ASF/common/services/spi/xmega_spi/spi_master.o
 .text.sysclk_get_main_hz
                0x00010894       0x22 src/ASF/common/services/spi/xmega_spi/spi_master.o
 .text.sysclk_get_per4_hz
                0x000108b6       0x32 src/ASF/common/services/spi/xmega_spi/spi_master.o
 .text.sysclk_get_per2_hz
                0x000108e8       0x18 src/ASF/common/services/spi/xmega_spi/spi_master.o
 .text.sysclk_get_per_hz
                0x00010900       0x18 src/ASF/common/services/spi/xmega_spi/spi_master.o
 .text.sysclk_get_cpu_hz
                0x00010918       0x18 src/ASF/common/services/spi/xmega_spi/spi_master.o
 .text.spi_master_init
                0x00010930       0x6a src/ASF/common/services/spi/xmega_spi/spi_master.o
                0x00010930                spi_master_init
 .text.spi_master_setup_device
                0x0001099a       0x9a src/ASF/common/services/spi/xmega_spi/spi_master.o
                0x0001099a                spi_master_setup_device
 .text.spi_write_packet
                0x00010a34       0x72 src/ASF/common/services/spi/xmega_spi/spi_master.o
                0x00010a34                spi_write_packet
 .text.spi_select_device
                0x00010aa6       0x2c src/ASF/common/services/spi/xmega_spi/spi_master.o
                0x00010aa6                spi_select_device
 .text.spi_deselect_device
                0x00010ad2       0x2c src/ASF/common/services/spi/xmega_spi/spi_master.o
                0x00010ad2                spi_deselect_device
 .text.spi_xmega_set_baud_div
                0x00010afe       0xf0 src/ASF/xmega/drivers/spi/spi.o
                0x00010afe                spi_xmega_set_baud_div
 .text.cpu_irq_save
                0x00010bee       0x20 src/ASF/xmega/drivers/adc/adc.o
 .text.cpu_irq_restore
                0x00010c0e       0x20 src/ASF/xmega/drivers/adc/adc.o
 .text.sleepmgr_lock_mode
                0x00010c2e       0x50 src/ASF/xmega/drivers/adc/adc.o
 .text.adc_enable_clock
                0x00010c7e       0x62 src/ASF/xmega/drivers/adc/adc.o
                0x00010c7e                adc_enable_clock
 .text.adc_disable_clock
                0x00010ce0       0x66 src/ASF/xmega/drivers/adc/adc.o
                0x00010ce0                adc_disable_clock
 .text.adc_enable
                0x00010d46       0x42 src/ASF/xmega/drivers/adc/adc.o
                0x00010d46                adc_enable
 .text.ioport_configure_pin
                0x00010d88       0x7a StepperMotor.o
 .text.ioport_set_pin_low
                0x00010e02       0xaa StepperMotor.o
 .text.ioport_set_pin_high
                0x00010eac       0xac StepperMotor.o
 .text.ioport_get_pin_level
                0x00010f58       0x80 StepperMotor.o
 .text.osc_get_rate
                0x00010fd8       0x6a StepperMotor.o
 .text.pll_get_default_rate_priv
                0x00011042       0xa4 StepperMotor.o
 .text.sysclk_get_main_hz
                0x000110e6       0x22 StepperMotor.o
 .text.sysclk_get_per4_hz
                0x00011108       0x32 StepperMotor.o
 .text.sysclk_get_per2_hz
                0x0001113a       0x18 StepperMotor.o
 .text.sysclk_get_per_hz
                0x00011152       0x18 StepperMotor.o
 .text.sysclk_get_cpu_hz
                0x0001116a       0x18 StepperMotor.o
 .text.tc_write_cc_buffer
                0x00011182       0xd4 StepperMotor.o
 .text.pwm_set_duty_cycle_percent
                0x00011256       0x70 StepperMotor.o
 .text.set_motor_step_resolution
                0x000112c6       0xbc StepperMotor.o
                0x000112c6                set_motor_step_resolution
 .text.set_motor_speed
                0x00011382      0x132 StepperMotor.o
                0x00011382                set_motor_speed
 .text.set_motor_steps
                0x000114b4       0x34 StepperMotor.o
                0x000114b4                set_motor_steps
 .text.set_motor_direction
                0x000114e8       0x4a StepperMotor.o
                0x000114e8                set_motor_direction
 .text.set_motor_accel_time
                0x00011532       0x76 StepperMotor.o
                0x00011532                set_motor_accel_time
 .text.set_motor_decel_time
                0x000115a8       0x52 StepperMotor.o
                0x000115a8                set_motor_decel_time
 .text.handle_accel
                0x000115fa      0x1f6 StepperMotor.o
                0x000115fa                handle_accel
 .text.handle_decel
                0x000117f0      0x18a StepperMotor.o
                0x000117f0                handle_decel
 .text.init_motor_timers
                0x0001197a       0x3c StepperMotor.o
                0x0001197a                init_motor_timers
 .text.init_stepper_motor_pins
                0x000119b6       0xe8 StepperMotor.o
                0x000119b6                init_stepper_motor_pins
 .text.get_motor_hold_current_percent
                0x00011a9e       0x86 StepperMotor.o
                0x00011a9e                get_motor_hold_current_percent
 .text.set_motor_hold_current
                0x00011b24      0x172 StepperMotor.o
                0x00011b24                set_motor_hold_current
 .text.start_motor
                0x00011c96       0xd4 StepperMotor.o
                0x00011c96                start_motor
 .text.stop_motor
                0x00011d6a       0xb2 StepperMotor.o
                0x00011d6a                stop_motor
 .text.enable_motor
                0x00011e1c       0x34 StepperMotor.o
                0x00011e1c                enable_motor
 .text.disable_motor
                0x00011e50       0x34 StepperMotor.o
                0x00011e50                disable_motor
 .text.reset_motor_config
                0x00011e84       0xa2 StepperMotor.o
                0x00011e84                reset_motor_config
 .text.pwm_set_frequency_32bit
                0x00011f26      0x18a StepperMotor.o
                0x00011f26                pwm_set_frequency_32bit
 .text.cpu_irq_save
                0x000120b0       0x20 src/ASF/xmega/drivers/adc/xmega_aau/adc_aau.o
 .text.cpu_irq_restore
                0x000120d0       0x20 src/ASF/xmega/drivers/adc/xmega_aau/adc_aau.o
 .text.nvm_read_production_signature_row
                0x000120f0       0x22 src/ASF/xmega/drivers/adc/xmega_aau/adc_aau.o
 .text.adc_get_calibration_data
                0x00012112       0xc2 src/ASF/xmega/drivers/adc/xmega_aau/adc_aau.o
 .text.__vector_71
                0x000121d4      0x118 src/ASF/xmega/drivers/adc/xmega_aau/adc_aau.o
                0x000121d4                __vector_71
 .text.__vector_72
                0x000122ec      0x118 src/ASF/xmega/drivers/adc/xmega_aau/adc_aau.o
                0x000122ec                __vector_72
 .text.__vector_73
                0x00012404      0x118 src/ASF/xmega/drivers/adc/xmega_aau/adc_aau.o
                0x00012404                __vector_73
 .text.__vector_74
                0x0001251c      0x118 src/ASF/xmega/drivers/adc/xmega_aau/adc_aau.o
                0x0001251c                __vector_74
 .text.__vector_39
                0x00012634      0x118 src/ASF/xmega/drivers/adc/xmega_aau/adc_aau.o
                0x00012634                __vector_39
 .text.__vector_40
                0x0001274c      0x118 src/ASF/xmega/drivers/adc/xmega_aau/adc_aau.o
                0x0001274c                __vector_40
 .text.__vector_41
                0x00012864      0x118 src/ASF/xmega/drivers/adc/xmega_aau/adc_aau.o
                0x00012864                __vector_41
 .text.__vector_42
                0x0001297c      0x118 src/ASF/xmega/drivers/adc/xmega_aau/adc_aau.o
                0x0001297c                __vector_42
 .text.adc_write_configuration
                0x00012a94       0xf4 src/ASF/xmega/drivers/adc/xmega_aau/adc_aau.o
                0x00012a94                adc_write_configuration
 .text.adc_read_configuration
                0x00012b88       0xa4 src/ASF/xmega/drivers/adc/xmega_aau/adc_aau.o
                0x00012b88                adc_read_configuration
 .text.adcch_write_configuration
                0x00012c2c       0xee src/ASF/xmega/drivers/adc/xmega_aau/adc_aau.o
                0x00012c2c                adcch_write_configuration
 .text.adcch_read_configuration
                0x00012d1a       0xee src/ASF/xmega/drivers/adc/xmega_aau/adc_aau.o
                0x00012d1a                adcch_read_configuration
 .text.ioport_configure_port_pin
                0x00012e08       0xba src/ASF/common/services/ioport/xmega/ioport_compat.o
                0x00012e08                ioport_configure_port_pin
 .text.cpu_irq_save
                0x00012ec2       0x20 src/ASF/common/services/clock/xmega/sysclk.o
 .text.cpu_irq_restore
                0x00012ee2       0x20 src/ASF/common/services/clock/xmega/sysclk.o
 .text.osc_enable_internal
                0x00012f02       0x36 src/ASF/common/services/clock/xmega/sysclk.o
 .text.osc_enable_external
                0x00012f38       0x40 src/ASF/common/services/clock/xmega/sysclk.o
 .text.osc_disable
                0x00012f78       0x3a src/ASF/common/services/clock/xmega/sysclk.o
 .text.osc_enable
                0x00012fb2       0x26 src/ASF/common/services/clock/xmega/sysclk.o
 .text.osc_is_ready
                0x00012fd8       0x28 src/ASF/common/services/clock/xmega/sysclk.o
 .text.osc_enable_autocalibration
                0x00013000      0x102 src/ASF/common/services/clock/xmega/sysclk.o
 .text.osc_user_calibration
                0x00013102       0x6c src/ASF/common/services/clock/xmega/sysclk.o
 .text.osc_wait_ready
                0x0001316e       0x26 src/ASF/common/services/clock/xmega/sysclk.o
 .text.pll_config_init
                0x00013194       0x3a src/ASF/common/services/clock/xmega/sysclk.o
 .text.pll_config_write
                0x000131ce       0x32 src/ASF/common/services/clock/xmega/sysclk.o
 .text.pll_enable
                0x00013200       0x4a src/ASF/common/services/clock/xmega/sysclk.o
 .text.pll_is_locked
                0x0001324a       0x34 src/ASF/common/services/clock/xmega/sysclk.o
 .text.pll_enable_source
                0x0001327e       0x6e src/ASF/common/services/clock/xmega/sysclk.o
 .text.pll_enable_config_defaults
                0x000132ec       0x66 src/ASF/common/services/clock/xmega/sysclk.o
 .text.nvm_read_production_signature_row
                0x00013352       0x22 src/ASF/common/services/clock/xmega/sysclk.o
 .text.sysclk_init
                0x00013374       0xa4 src/ASF/common/services/clock/xmega/sysclk.o
                0x00013374                sysclk_init
 .text.sysclk_enable_module
                0x00013418       0x48 src/ASF/common/services/clock/xmega/sysclk.o
                0x00013418                sysclk_enable_module
 .text.sysclk_disable_module
                0x00013460       0x44 src/ASF/common/services/clock/xmega/sysclk.o
                0x00013460                sysclk_disable_module
 .text.sysclk_enable_usb
                0x000134a4       0x5a src/ASF/common/services/clock/xmega/sysclk.o
                0x000134a4                sysclk_enable_usb
 .text.nvm_wait_until_ready
                0x000134fe       0x1c src/ASF/xmega/drivers/nvm/nvm.o
 .text.nvm_exec
                0x0001351a       0x1a src/ASF/xmega/drivers/nvm/nvm.o
 .text.nvm_issue_command
                0x00013534       0x42 src/ASF/xmega/drivers/nvm/nvm.o
 .text.nvm_read_user_signature_row
                0x00013576       0x26 src/ASF/xmega/drivers/nvm/nvm.o
 .text.eeprom_enable_mapping
                0x0001359c       0x22 src/ASF/xmega/drivers/nvm/nvm.o
 .text.eeprom_disable_mapping
                0x000135be       0x22 src/ASF/xmega/drivers/nvm/nvm.o
 .text.nvm_flash_read_byte
                0x000135e0       0x48 src/ASF/xmega/drivers/nvm/nvm.o
 .text.nvm_flash_read_word
                0x00013628       0x4e src/ASF/xmega/drivers/nvm/nvm.o
 .text.nvm_flash_split_write_app_page
                0x00013676       0x36 src/ASF/xmega/drivers/nvm/nvm.o
 .text.nvm_flash_atomic_write_app_page
                0x000136ac       0x36 src/ASF/xmega/drivers/nvm/nvm.o
 .text.nvm_flash_erase_user_section
                0x000136e2       0x1e src/ASF/xmega/drivers/nvm/nvm.o
 .text.nvm_flash_write_user_page
                0x00013700       0x1e src/ASF/xmega/drivers/nvm/nvm.o
 .text.nvm_eeprom_read_buffer
                0x0001371e       0x42 src/ASF/xmega/drivers/nvm/nvm.o
                0x0001371e                nvm_eeprom_read_buffer
 .text.nvm_eeprom_write_byte
                0x00013760       0x6c src/ASF/xmega/drivers/nvm/nvm.o
                0x00013760                nvm_eeprom_write_byte
 .text.nvm_eeprom_erase_and_write_buffer
                0x000137cc       0xb0 src/ASF/xmega/drivers/nvm/nvm.o
                0x000137cc                nvm_eeprom_erase_and_write_buffer
 .text.nvm_eeprom_flush_buffer
                0x0001387c       0x32 src/ASF/xmega/drivers/nvm/nvm.o
                0x0001387c                nvm_eeprom_flush_buffer
 .text.nvm_eeprom_load_byte_to_buffer
                0x000138ae       0x30 src/ASF/xmega/drivers/nvm/nvm.o
                0x000138ae                nvm_eeprom_load_byte_to_buffer
 .text.nvm_eeprom_load_page_to_buffer
                0x000138de       0x46 src/ASF/xmega/drivers/nvm/nvm.o
                0x000138de                nvm_eeprom_load_page_to_buffer
 .text.nvm_eeprom_atomic_write_page
                0x00013924       0x5c src/ASF/xmega/drivers/nvm/nvm.o
                0x00013924                nvm_eeprom_atomic_write_page
 .text.nvm_flash_read_buffer
                0x00013980       0x8a src/ASF/xmega/drivers/nvm/nvm.o
                0x00013980                nvm_flash_read_buffer
 .text.nvm_user_sig_read_buffer
                0x00013a0a       0x6e src/ASF/xmega/drivers/nvm/nvm.o
                0x00013a0a                nvm_user_sig_read_buffer
 .text.nvm_user_sig_write_buffer
                0x00013a78      0x15c src/ASF/xmega/drivers/nvm/nvm.o
                0x00013a78                nvm_user_sig_write_buffer
 .text.nvm_flash_erase_and_write_buffer
                0x00013bd4      0x1d2 src/ASF/xmega/drivers/nvm/nvm.o
                0x00013bd4                nvm_flash_erase_and_write_buffer
 .text.cpu_irq_save
                0x00013da6       0x20 src/ASF/xmega/drivers/tc/tc.o
 .text.cpu_irq_restore
                0x00013dc6       0x20 src/ASF/xmega/drivers/tc/tc.o
 .text.sleepmgr_lock_mode
                0x00013de6       0x50 src/ASF/xmega/drivers/tc/tc.o
 .text.__vector_14
                0x00013e36       0xae src/ASF/xmega/drivers/tc/tc.o
                0x00013e36                __vector_14
 .text.__vector_15
                0x00013ee4       0xae src/ASF/xmega/drivers/tc/tc.o
                0x00013ee4                __vector_15
 .text.__vector_16
                0x00013f92       0xae src/ASF/xmega/drivers/tc/tc.o
                0x00013f92                __vector_16
 .text.__vector_17
                0x00014040       0xae src/ASF/xmega/drivers/tc/tc.o
                0x00014040                __vector_17
 .text.__vector_18
                0x000140ee       0xae src/ASF/xmega/drivers/tc/tc.o
                0x000140ee                __vector_18
 .text.__vector_19
                0x0001419c       0xae src/ASF/xmega/drivers/tc/tc.o
                0x0001419c                __vector_19
 .text.__vector_20
                0x0001424a       0xae src/ASF/xmega/drivers/tc/tc.o
                0x0001424a                __vector_20
 .text.__vector_21
                0x000142f8       0xae src/ASF/xmega/drivers/tc/tc.o
                0x000142f8                __vector_21
 .text.__vector_22
                0x000143a6       0xae src/ASF/xmega/drivers/tc/tc.o
                0x000143a6                __vector_22
 .text.__vector_23
                0x00014454       0xae src/ASF/xmega/drivers/tc/tc.o
                0x00014454                __vector_23
 .text.__vector_77
                0x00014502       0xae src/ASF/xmega/drivers/tc/tc.o
                0x00014502                __vector_77
 .text.__vector_78
                0x000145b0       0xae src/ASF/xmega/drivers/tc/tc.o
                0x000145b0                __vector_78
 .text.__vector_79
                0x0001465e       0xae src/ASF/xmega/drivers/tc/tc.o
                0x0001465e                __vector_79
 .text.__vector_80
                0x0001470c       0xae src/ASF/xmega/drivers/tc/tc.o
                0x0001470c                __vector_80
 .text.__vector_81
                0x000147ba       0xae src/ASF/xmega/drivers/tc/tc.o
                0x000147ba                __vector_81
 .text.__vector_82
                0x00014868       0xae src/ASF/xmega/drivers/tc/tc.o
                0x00014868                __vector_82
 .text.__vector_83
                0x00014916       0xae src/ASF/xmega/drivers/tc/tc.o
                0x00014916                __vector_83
 .text.__vector_84
                0x000149c4       0xae src/ASF/xmega/drivers/tc/tc.o
                0x000149c4                __vector_84
 .text.__vector_85
                0x00014a72       0xae src/ASF/xmega/drivers/tc/tc.o
                0x00014a72                __vector_85
 .text.__vector_86
                0x00014b20       0xae src/ASF/xmega/drivers/tc/tc.o
                0x00014b20                __vector_86
 .text.__vector_47
                0x00014bce       0xae src/ASF/xmega/drivers/tc/tc.o
                0x00014bce                __vector_47
 .text.__vector_48
                0x00014c7c       0xae src/ASF/xmega/drivers/tc/tc.o
                0x00014c7c                __vector_48
 .text.__vector_49
                0x00014d2a       0xae src/ASF/xmega/drivers/tc/tc.o
                0x00014d2a                __vector_49
 .text.__vector_50
                0x00014dd8       0xae src/ASF/xmega/drivers/tc/tc.o
                0x00014dd8                __vector_50
 .text.__vector_51
                0x00014e86       0xae src/ASF/xmega/drivers/tc/tc.o
                0x00014e86                __vector_51
 .text.__vector_52
                0x00014f34       0xae src/ASF/xmega/drivers/tc/tc.o
                0x00014f34                __vector_52
 .text.__vector_53
                0x00014fe2       0xae src/ASF/xmega/drivers/tc/tc.o
                0x00014fe2                __vector_53
 .text.__vector_54
                0x00015090       0xae src/ASF/xmega/drivers/tc/tc.o
                0x00015090                __vector_54
 .text.__vector_55
                0x0001513e       0xae src/ASF/xmega/drivers/tc/tc.o
                0x0001513e                __vector_55
 .text.__vector_56
                0x000151ec       0xae src/ASF/xmega/drivers/tc/tc.o
                0x000151ec                __vector_56
 .text.__vector_108
                0x0001529a       0xae src/ASF/xmega/drivers/tc/tc.o
                0x0001529a                __vector_108
 .text.__vector_109
                0x00015348       0xae src/ASF/xmega/drivers/tc/tc.o
                0x00015348                __vector_109
 .text.__vector_110
                0x000153f6       0xae src/ASF/xmega/drivers/tc/tc.o
                0x000153f6                __vector_110
 .text.__vector_111
                0x000154a4       0xae src/ASF/xmega/drivers/tc/tc.o
                0x000154a4                __vector_111
 .text.__vector_112
                0x00015552       0xae src/ASF/xmega/drivers/tc/tc.o
                0x00015552                __vector_112
 .text.__vector_113
                0x00015600       0xae src/ASF/xmega/drivers/tc/tc.o
                0x00015600                __vector_113
 .text.__vector_114
                0x000156ae       0xae src/ASF/xmega/drivers/tc/tc.o
                0x000156ae                __vector_114
 .text.__vector_115
                0x0001575c       0xae src/ASF/xmega/drivers/tc/tc.o
                0x0001575c                __vector_115
 .text.__vector_116
                0x0001580a       0xae src/ASF/xmega/drivers/tc/tc.o
                0x0001580a                __vector_116
 .text.__vector_117
                0x000158b8       0xae src/ASF/xmega/drivers/tc/tc.o
                0x000158b8                __vector_117
 .text.tc_enable
                0x00015966      0x114 src/ASF/xmega/drivers/tc/tc.o
                0x00015966                tc_enable
 .text.tc_set_overflow_interrupt_callback
                0x00015a7a       0xe0 src/ASF/xmega/drivers/tc/tc.o
                0x00015a7a                tc_set_overflow_interrupt_callback
 .text.tc_set_cca_interrupt_callback
                0x00015b5a       0xe0 src/ASF/xmega/drivers/tc/tc.o
                0x00015b5a                tc_set_cca_interrupt_callback
 .text.tc_set_ccb_interrupt_callback
                0x00015c3a       0xe0 src/ASF/xmega/drivers/tc/tc.o
                0x00015c3a                tc_set_ccb_interrupt_callback
 .text.wdt_wait_while_busy
                0x00015d1a       0x26 src/ASF/xmega/drivers/wdt/wdt.o
 .text.wdt_set_timeout_period
                0x00015d40       0x46 src/ASF/xmega/drivers/wdt/wdt.o
                0x00015d40                wdt_set_timeout_period
 .text.wdt_disable
                0x00015d86       0x2a src/ASF/xmega/drivers/wdt/wdt.o
                0x00015d86                wdt_disable
 .text.wdt_enable
                0x00015db0       0x2c src/ASF/xmega/drivers/wdt/wdt.o
                0x00015db0                wdt_enable
 .text.osc_get_rate
                0x00015ddc       0x6a src/ASF/xmega/services/pwm/pwm.o
 .text.pll_get_default_rate_priv
                0x00015e46       0xa2 src/ASF/xmega/services/pwm/pwm.o
 .text.sysclk_get_main_hz
                0x00015ee8       0x22 src/ASF/xmega/services/pwm/pwm.o
 .text.sysclk_get_per4_hz
                0x00015f0a       0x32 src/ASF/xmega/services/pwm/pwm.o
 .text.sysclk_get_per2_hz
                0x00015f3c       0x18 src/ASF/xmega/services/pwm/pwm.o
 .text.sysclk_get_per_hz
                0x00015f54       0x18 src/ASF/xmega/services/pwm/pwm.o
 .text.sysclk_get_cpu_hz
                0x00015f6c       0x18 src/ASF/xmega/services/pwm/pwm.o
 .text.tc_write_clock_source
                0x00015f84       0x38 src/ASF/xmega/services/pwm/pwm.o
 .text.tc_write_period
                0x00015fbc       0x30 src/ASF/xmega/services/pwm/pwm.o
 .text.tc_enable_cc_channels
                0x00015fec       0x68 src/ASF/xmega/services/pwm/pwm.o
 .text.tc_write_cc_buffer
                0x00016054       0xd4 src/ASF/xmega/services/pwm/pwm.o
 .text.tc_set_wgm
                0x00016128       0x38 src/ASF/xmega/services/pwm/pwm.o
 .text.pwm_set_duty_cycle_percent
                0x00016160       0x6c src/ASF/xmega/services/pwm/pwm.o
 .text.pwm_set_frequency
                0x000161cc      0x196 src/ASF/xmega/services/pwm/pwm.o
                0x000161cc                pwm_set_frequency
 .text.pwm_init
                0x00016362      0x30e src/ASF/xmega/services/pwm/pwm.o
                0x00016362                pwm_init
 .text.pwm_start
                0x00016670       0x6a src/ASF/xmega/services/pwm/pwm.o
                0x00016670                pwm_start
 .text.nvm_read_byte
                0x000166da       0x14 src/ASF/xmega/drivers/nvm/nvm_asm.o
                0x000166da                nvm_read_byte
 .text.ccp_write_io
                0x000166ee        0xc src/ASF/xmega/drivers/cpu/ccp.o
                0x000166ee                ccp_write_io
 .text.board_init
                0x000166fa       0x10 src/ASF/common/boards/user_board/init.o
                0x000166fa                board_init
 .text.main     0x0001670a       0x18 src/main.o
                0x0001670a                main
 .text.avr-libc.fplib
                0x00016722        0xa c:/program files (x86)/atmel/studio/7.0/toolchain/avr8/avr8-gnu-toolchain/bin/../lib/gcc/avr/5.4.0/../../../../avr/lib/avrxmega7\libm.a(addsf3.o)
                0x00016722                __subsf3
                0x00016724                __addsf3
 .text.avr-libc.fplib
                0x0001672c       0xc0 c:/program files (x86)/atmel/studio/7.0/toolchain/avr8/avr8-gnu-toolchain/bin/../lib/gcc/avr/5.4.0/../../../../avr/lib/avrxmega7\libm.a(addsf3x.o)
                0x00016746                __addsf3x
 .text.avr-libc.fplib
                0x000167ec        0x8 c:/program files (x86)/atmel/studio/7.0/toolchain/avr8/avr8-gnu-toolchain/bin/../lib/gcc/avr/5.4.0/../../../../avr/lib/avrxmega7\libm.a(cmpsf2.o)
                0x000167ec                __nesf2
                0x000167ec                __eqsf2
                0x000167ec                __cmpsf2
                0x000167ec                __ltsf2
                0x000167ec                __lesf2
 .text.avr-libc.fplib
                0x000167f4        0x4 c:/program files (x86)/atmel/studio/7.0/toolchain/avr8/avr8-gnu-toolchain/bin/../lib/gcc/avr/5.4.0/../../../../avr/lib/avrxmega7\libm.a(divsf3.o)
                0x000167f4                __divsf3
 .text.avr-libc.fplib
                0x000167f8       0xcc c:/program files (x86)/atmel/studio/7.0/toolchain/avr8/avr8-gnu-toolchain/bin/../lib/gcc/avr/5.4.0/../../../../avr/lib/avrxmega7\libm.a(divsf3x.o)
                0x0001680e                __divsf3x
                0x00016812                __divsf3_pse
 .text.avr-libc.fplib
                0x000168c4       0x74 c:/program files (x86)/atmel/studio/7.0/toolchain/avr8/avr8-gnu-toolchain/bin/../lib/gcc/avr/5.4.0/../../../../avr/lib/avrxmega7\libm.a(fixsfdi.o)
                0x000168c4                __fixsfdi
                0x000168ce                __fixunssfdi
 .text.avr-libc.fplib
                0x00016938        0xa c:/program files (x86)/atmel/studio/7.0/toolchain/avr8/avr8-gnu-toolchain/bin/../lib/gcc/avr/5.4.0/../../../../avr/lib/avrxmega7\libm.a(fixsfsi.o)
                0x00016938                __fixsfsi
 .text.avr-libc.fplib
                0x00016942       0x58 c:/program files (x86)/atmel/studio/7.0/toolchain/avr8/avr8-gnu-toolchain/bin/../lib/gcc/avr/5.4.0/../../../../avr/lib/avrxmega7\libm.a(fixunssfsi.o)
                0x00016942                __fixunssfsi
 .text.avr-libc.fplib
                0x0001699a       0x7a c:/program files (x86)/atmel/studio/7.0/toolchain/avr8/avr8-gnu-toolchain/bin/../lib/gcc/avr/5.4.0/../../../../avr/lib/avrxmega7\libm.a(floatsisf.o)
                0x0001699a                __floatunsisf
                0x0001699e                __floatsisf
 .text.avr-libc.fplib
                0x00016a14       0x7c c:/program files (x86)/atmel/studio/7.0/toolchain/avr8/avr8-gnu-toolchain/bin/../lib/gcc/avr/5.4.0/../../../../avr/lib/avrxmega7\libm.a(floatundisf.o)
                0x00016a14                __floatundisf
                0x00016a16                __fp_di2sf
 .text.avr-libc.fplib
                0x00016a90       0x48 c:/program files (x86)/atmel/studio/7.0/toolchain/avr8/avr8-gnu-toolchain/bin/../lib/gcc/avr/5.4.0/../../../../avr/lib/avrxmega7\libm.a(fp_cmp.o)
                0x00016a90                __fp_cmp
 .text.avr-libc.fplib
                0x00016ad8        0xc c:/program files (x86)/atmel/studio/7.0/toolchain/avr8/avr8-gnu-toolchain/bin/../lib/gcc/avr/5.4.0/../../../../avr/lib/avrxmega7\libm.a(fp_inf.o)
                0x00016ad8                __fp_inf
 .text.avr-libc.fplib
                0x00016ae4        0x6 c:/program files (x86)/atmel/studio/7.0/toolchain/avr8/avr8-gnu-toolchain/bin/../lib/gcc/avr/5.4.0/../../../../avr/lib/avrxmega7\libm.a(fp_nan.o)
                0x00016ae4                __fp_nan
 .text.avr-libc.fplib
                0x00016aea       0x20 c:/program files (x86)/atmel/studio/7.0/toolchain/avr8/avr8-gnu-toolchain/bin/../lib/gcc/avr/5.4.0/../../../../avr/lib/avrxmega7\libm.a(fp_negdi.o)
                0x00016aea                __fp_negdi
 .text.avr-libc.fplib
                0x00016b0a        0xe c:/program files (x86)/atmel/studio/7.0/toolchain/avr8/avr8-gnu-toolchain/bin/../lib/gcc/avr/5.4.0/../../../../avr/lib/avrxmega7\libm.a(fp_pscA.o)
                0x00016b0a                __fp_pscA
 .text.avr-libc.fplib
                0x00016b18        0xe c:/program files (x86)/atmel/studio/7.0/toolchain/avr8/avr8-gnu-toolchain/bin/../lib/gcc/avr/5.4.0/../../../../avr/lib/avrxmega7\libm.a(fp_pscB.o)
                0x00016b18                __fp_pscB
 .text.avr-libc.fplib
                0x00016b26       0x22 c:/program files (x86)/atmel/studio/7.0/toolchain/avr8/avr8-gnu-toolchain/bin/../lib/gcc/avr/5.4.0/../../../../avr/lib/avrxmega7\libm.a(fp_round.o)
                0x00016b26                __fp_round
 .text.avr-libc.fplib
                0x00016b48       0x44 c:/program files (x86)/atmel/studio/7.0/toolchain/avr8/avr8-gnu-toolchain/bin/../lib/gcc/avr/5.4.0/../../../../avr/lib/avrxmega7\libm.a(fp_split3.o)
                0x00016b48                __fp_split3
                0x00016b58                __fp_splitA
 .text.avr-libc.fplib
                0x00016b8c        0xe c:/program files (x86)/atmel/studio/7.0/toolchain/avr8/avr8-gnu-toolchain/bin/../lib/gcc/avr/5.4.0/../../../../avr/lib/avrxmega7\libm.a(fp_zero.o)
                0x00016b8c                __fp_zero
                0x00016b8e                __fp_szero
 .text.avr-libc.fplib
                0x00016b9a        0x8 c:/program files (x86)/atmel/studio/7.0/toolchain/avr8/avr8-gnu-toolchain/bin/../lib/gcc/avr/5.4.0/../../../../avr/lib/avrxmega7\libm.a(gesf2.o)
                0x00016b9a                __gesf2
                0x00016b9a                __gtsf2
 .text.avr-libc.fplib
                0x00016ba2        0x4 c:/program files (x86)/atmel/studio/7.0/toolchain/avr8/avr8-gnu-toolchain/bin/../lib/gcc/avr/5.4.0/../../../../avr/lib/avrxmega7\libm.a(mulsf3.o)
                0x00016ba2                __mulsf3
 .text.avr-libc.fplib
                0x00016ba6       0xc2 c:/program files (x86)/atmel/studio/7.0/toolchain/avr8/avr8-gnu-toolchain/bin/../lib/gcc/avr/5.4.0/../../../../avr/lib/avrxmega7\libm.a(mulsf3x.o)
                0x00016bba                __mulsf3x
                0x00016bbe                __mulsf3_pse
 .text.libgcc.mul
                0x00016c68       0x1e c:/program files (x86)/atmel/studio/7.0/toolchain/avr8/avr8-gnu-toolchain/bin/../lib/gcc/avr/5.4.0/avrxmega7\libgcc.a(_mulsi3.o)
                0x00016c68                __mulsi3
 .text.libgcc.div
                0x00016c86       0x28 c:/program files (x86)/atmel/studio/7.0/toolchain/avr8/avr8-gnu-toolchain/bin/../lib/gcc/avr/5.4.0/avrxmega7\libgcc.a(_udivmodhi4.o)
                0x00016c86                __udivmodhi4
 .text.libgcc.div
                0x00016cae       0x44 c:/program files (x86)/atmel/studio/7.0/toolchain/avr8/avr8-gnu-toolchain/bin/../lib/gcc/avr/5.4.0/avrxmega7\libgcc.a(_udivmodsi4.o)
                0x00016cae                __udivmodsi4
 .text.libgcc   0x00016cf2       0x12 c:/program files (x86)/atmel/studio/7.0/toolchain/avr8/avr8-gnu-toolchain/bin/../lib/gcc/avr/5.4.0/avrxmega7\libgcc.a(_tablejump2.o)
                0x00016cf2                __tablejump2__
 .text.libgcc.mul
                0x00016d04       0x1e c:/program files (x86)/atmel/studio/7.0/toolchain/avr8/avr8-gnu-toolchain/bin/../lib/gcc/avr/5.4.0/avrxmega7\libgcc.a(_umulhisi3.o)
                0x00016d04                __umulhisi3
 .text.libgcc.mul
                0x00016d22       0x14 c:/program files (x86)/atmel/studio/7.0/toolchain/avr8/avr8-gnu-toolchain/bin/../lib/gcc/avr/5.4.0/avrxmega7\libgcc.a(_muluhisi3.o)
                0x00016d22                __muluhisi3
 .text.libgcc.div
                0x00016d36       0x1a c:/program files (x86)/atmel/studio/7.0/toolchain/avr8/avr8-gnu-toolchain/bin/../lib/gcc/avr/5.4.0/avrxmega7\libgcc.a(_udivdi3.o)
                0x00016d36                __umoddi3
                0x00016d3a                __udivdi3
                0x00016d3c                __udivdi3_umoddi3
 .text.libgcc.div
                0x00016d50       0xa2 c:/program files (x86)/atmel/studio/7.0/toolchain/avr8/avr8-gnu-toolchain/bin/../lib/gcc/avr/5.4.0/avrxmega7\libgcc.a(_udivmod64.o)
                0x00016d50                __udivmod64
 .text.libgcc.builtins
                0x00016df2       0x32 c:/program files (x86)/atmel/studio/7.0/toolchain/avr8/avr8-gnu-toolchain/bin/../lib/gcc/avr/5.4.0/avrxmega7\libgcc.a(_ashldi3.o)
                0x00016df2                __ashldi3
 .text.libgcc   0x00016e24       0x12 c:/program files (x86)/atmel/studio/7.0/toolchain/avr8/avr8-gnu-toolchain/bin/../lib/gcc/avr/5.4.0/avrxmega7\libgcc.a(_adddi3.o)
                0x00016e24                __adddi3
 .text.avr-libc
                0x00016e36       0x3e c:/program files (x86)/atmel/studio/7.0/toolchain/avr8/avr8-gnu-toolchain/bin/../lib/gcc/avr/5.4.0/../../../../avr/lib/avrxmega7\libc.a(dtostrf.o)
                0x00016e36                dtostrf
 .text.avr-libc
                0x00016e74        0x6 c:/program files (x86)/atmel/studio/7.0/toolchain/avr8/avr8-gnu-toolchain/bin/../lib/gcc/avr/5.4.0/../../../../avr/lib/avrxmega7\libc.a(atof.o)
                0x00016e74                atof
 .text.avr-libc
                0x00016e7a       0x12 c:/program files (x86)/atmel/studio/7.0/toolchain/avr8/avr8-gnu-toolchain/bin/../lib/gcc/avr/5.4.0/../../../../avr/lib/avrxmega7\libc.a(memcpy.o)
                0x00016e7a                memcpy
 .text.avr-libc
                0x00016e8c        0xe c:/program files (x86)/atmel/studio/7.0/toolchain/avr8/avr8-gnu-toolchain/bin/../lib/gcc/avr/5.4.0/../../../../avr/lib/avrxmega7\libc.a(memset.o)
                0x00016e8c                memset
 .text.avr-libc
                0x00016e9a       0x12 c:/program files (x86)/atmel/studio/7.0/toolchain/avr8/avr8-gnu-toolchain/bin/../lib/gcc/avr/5.4.0/../../../../avr/lib/avrxmega7\libc.a(strlen.o)
                0x00016e9a                strlen
 .text.avr-libc
                0x00016eac       0x14 c:/program files (x86)/atmel/studio/7.0/toolchain/avr8/avr8-gnu-toolchain/bin/../lib/gcc/avr/5.4.0/../../../../avr/lib/avrxmega7\libc.a(itoa.o)
                0x00016eac                __itoa
                0x00016eac                itoa
 .text.avr-libc
                0x00016ec0       0x14 c:/program files (x86)/atmel/studio/7.0/toolchain/avr8/avr8-gnu-toolchain/bin/../lib/gcc/avr/5.4.0/../../../../avr/lib/avrxmega7\libc.a(itoa_ncheck.o)
                0x00016ec0                __itoa_ncheck
 .text.avr-libc
                0x00016ed4       0x32 c:/program files (x86)/atmel/studio/7.0/toolchain/avr8/avr8-gnu-toolchain/bin/../lib/gcc/avr/5.4.0/../../../../avr/lib/avrxmega7\libc.a(utoa_ncheck.o)
                0x00016ed4                __utoa_ncheck
                0x00016ed6                __utoa_common
 .text.avr-libc
                0x00016f06      0x2e0 c:/program files (x86)/atmel/studio/7.0/toolchain/avr8/avr8-gnu-toolchain/bin/../lib/gcc/avr/5.4.0/../../../../avr/lib/avrxmega7\libc.a(dtoa_prf.o)
                0x00016f06                dtoa_prf
 .text.avr-libc
                0x000171e6      0x2a6 c:/program files (x86)/atmel/studio/7.0/toolchain/avr8/avr8-gnu-toolchain/bin/../lib/gcc/avr/5.4.0/../../../../avr/lib/avrxmega7\libc.a(strtod.o)
                0x000171e6                strtod
 .text.avr-libc
                0x0001748c      0x1b0 c:/program files (x86)/atmel/studio/7.0/toolchain/avr8/avr8-gnu-toolchain/bin/../lib/gcc/avr/5.4.0/../../../../avr/lib/avrxmega7\libc.a(ftoa_engine.o)
                0x0001748c                __ftoa_engine
 .text.avr-libc
                0x0001763c       0x10 c:/program files (x86)/atmel/studio/7.0/toolchain/avr8/avr8-gnu-toolchain/bin/../lib/gcc/avr/5.4.0/../../../../avr/lib/avrxmega7\libc.a(isspace.o)
                0x0001763c                isspace
 .text.avr-libc
                0x0001764c       0x30 c:/program files (x86)/atmel/studio/7.0/toolchain/avr8/avr8-gnu-toolchain/bin/../lib/gcc/avr/5.4.0/../../../../avr/lib/avrxmega7\libc.a(strncasecmp_P.o)
                0x0001764c                strncasecmp_P
 .text.avr-libc
                0x0001767c       0x20 c:/program files (x86)/atmel/studio/7.0/toolchain/avr8/avr8-gnu-toolchain/bin/../lib/gcc/avr/5.4.0/../../../../avr/lib/avrxmega7\libc.a(strrev.o)
                0x0001767c                strrev
 .text.avr-libc
                0x0001769c        0x6 c:/program files (x86)/atmel/studio/7.0/toolchain/avr8/avr8-gnu-toolchain/bin/../lib/gcc/avr/5.4.0/../../../../avr/lib/avrxmega7\libc.a(cty_isfalse.o)
                0x0001769c                __ctype_isfalse
                0x000176a0                __ctype_istrue
                0x000176a2                . = ALIGN (0x2)
 *(.fini9)
 .fini9         0x000176a2        0x0 c:/program files (x86)/atmel/studio/7.0/toolchain/avr8/avr8-gnu-toolchain/bin/../lib/gcc/avr/5.4.0/avrxmega7\libgcc.a(_exit.o)
                0x000176a2                _exit
                0x000176a2                exit
 *(.fini9)
 *(.fini8)
 *(.fini8)
 *(.fini7)
 *(.fini7)
 *(.fini6)
 *(.fini6)
 *(.fini5)
 *(.fini5)
 *(.fini4)
 *(.fini4)
 *(.fini3)
 *(.fini3)
 *(.fini2)
 *(.fini2)
 *(.fini1)
 *(.fini1)
 *(.fini0)
 .fini0         0x000176a2        0x4 c:/program files (x86)/atmel/studio/7.0/toolchain/avr8/avr8-gnu-toolchain/bin/../lib/gcc/avr/5.4.0/avrxmega7\libgcc.a(_exit.o)
 *(.fini0)
                0x000176a6                _etext = .

.BOOT           0x000176a6       0x44
 .BOOT          0x000176a6       0x44 src/ASF/xmega/drivers/nvm/nvm_asm.o
                0x000176a6                nvm_common_spm
                0x000176c4                nvm_flash_load_word_to_buffer

.data           0x00802000      0x18c load address 0x000176ea
                0x00802000                PROVIDE (__data_start, .)
 *(.data)
 *(.data*)
 .data.CMD_LIST
                0x00802000       0x2c RealMain.o
 .data.TECState
                0x0080202c        0x1 RealMain.o
                0x0080202c                TECState
 .data.udi_api_cdc_comm
                0x0080202d        0xa src/ASF/common/services/usb/class/cdc/device/udi_cdc.o
                0x0080202d                udi_api_cdc_comm
 .data.udi_api_cdc_data
                0x00802037        0xa src/ASF/common/services/usb/class/cdc/device/udi_cdc.o
                0x00802037                udi_api_cdc_data
 *fill*         0x00802041        0x1 
 .data.udc_device_desc
                0x00802042       0x12 src/ASF/common/services/usb/class/cdc/device/udi_cdc_desc.o
                0x00802042                udc_device_desc
 .data.udc_desc_fs
                0x00802054       0x44 src/ASF/common/services/usb/class/cdc/device/udi_cdc_desc.o
                0x00802054                udc_desc_fs
 .data.udi_apis
                0x00802098        0x4 src/ASF/common/services/usb/class/cdc/device/udi_cdc_desc.o
                0x00802098                udi_apis
 .data.udc_config_fs
                0x0080209c        0x4 src/ASF/common/services/usb/class/cdc/device/udi_cdc_desc.o
                0x0080209c                udc_config_fs
 .data.udc_config
                0x008020a0        0x6 src/ASF/common/services/usb/class/cdc/device/udi_cdc_desc.o
                0x008020a0                udc_config
 .data.udc_string_desc_languageid
                0x008020a6        0x4 src/ASF/common/services/usb/udc/udc.o
 .data.udc_string_desc
                0x008020aa       0x10 src/ASF/common/services/usb/udc/udc.o
 *(.gnu.linkonce.d*)
 *(.rodata)
 .rodata        0x008020ba        0x7 RealMain.o
 .rodata        0x008020c1        0x8 src/ASF/common/services/usb/udc/udc.o
 *(.rodata*)
 .rodata.GET_CMD_CHAR
                0x008020c9        0x4 RealMain.o
 .rodata.SET_CMD_CHAR
                0x008020cd        0x4 RealMain.o
 .rodata.OK_CMD_RESP
                0x008020d1        0x3 RealMain.o
 .rodata.UNKNOWN_CMD_CHAR
                0x008020d4        0xc RealMain.o
 .rodata.ROD_CMD_CHAR
                0x008020e0        0x4 RealMain.o
 .rodata.TEC_CMD_CHAR
                0x008020e4        0x4 RealMain.o
 .rodata.TEMP_SP_CMD_CHAR
                0x008020e8        0x8 RealMain.o
 .rodata.TEMP_SP_OFF_CMD_CHAR
                0x008020f0        0xc RealMain.o
 .rodata.TEMP_CMD_CHAR
                0x008020fc        0x5 RealMain.o
 .rodata.TEMP_PID_CMD_CHAR
                0x00802101        0x9 RealMain.o
 .rodata.MTR_CUR_CMD_CHAR
                0x0080210a        0x8 RealMain.o
 .rodata.MTR_AD_CMD_CHAR
                0x00802112        0x9 RealMain.o
 .rodata.MTR_RATE_CMD_CHAR
                0x0080211b        0x8 RealMain.o
 .rodata.MTR_RATE_DUR_CMD_CHAR
                0x00802123        0x9 RealMain.o
 .rodata.MTR_LIVE_RATE_CMD_CHAR
                0x0080212c        0x6 RealMain.o
 .rodata.MTR_STOP_CMD_CHAR
                0x00802132        0x8 RealMain.o
 .rodata.MTR_STEP_RES_CMD_CHAR
                0x0080213a        0x9 RealMain.o
 .rodata.TEMP_IN_CHAR
                0x00802143        0x8 RealMain.o
 .rodata.PUMP_ON_CHAR
                0x0080214b        0x8 RealMain.o
 .rodata.PUMP_OFF_CHAR
                0x00802153        0x9 RealMain.o
 .rodata.PUMP_STATUS_CHAR
                0x0080215c        0xc RealMain.o
 .rodata.FAN_DUTY_CHAR
                0x00802168        0x9 RealMain.o
 .rodata.WDT_CHAR
                0x00802171        0x4 RealMain.o
 .rodata.WDT_RESET_CHAR
                0x00802175        0xa RealMain.o
 .rodata.EEPROM_CHAR
                0x0080217f        0x7 RealMain.o
 .rodata.CONST_HEAT_CHAR
                0x00802186        0x5 RealMain.o
 *(.gnu.linkonce.r*)
                0x0080218c                . = ALIGN (0x2)
 *fill*         0x0080218b        0x1 
                0x0080218c                _edata = .
                0x0080218c                PROVIDE (__data_end, .)

.bss            0x0080218c      0x833
                0x0080218c                PROVIDE (__bss_start, .)
 *(.bss)
 *(.bss*)
 .bss.sysTime_ms
                0x0080218c        0x4 RealMain.o
                0x0080218c                sysTime_ms
 .bss.blinkTimeLED_ms
                0x00802190        0x4 RealMain.o
                0x00802190                blinkTimeLED_ms
 .bss.pumpTime_ms
                0x00802194        0x4 RealMain.o
                0x00802194                pumpTime_ms
 .bss.tempPIDUpdate_ms
                0x00802198        0x4 RealMain.o
                0x00802198                tempPIDUpdate_ms
 .bss.tempUpdate_ms
                0x0080219c        0x4 RealMain.o
                0x0080219c                tempUpdate_ms
 .bss.pumpDuration_ms
                0x008021a0        0x4 RealMain.o
                0x008021a0                pumpDuration_ms
 .bss.TECTime_ms
                0x008021a4        0x4 RealMain.o
                0x008021a4                TECTime_ms
 .bss.watchdogTime_ms
                0x008021a8        0x4 RealMain.o
                0x008021a8                watchdogTime_ms
 .bss.LEDState  0x008021ac        0x1 RealMain.o
                0x008021ac                LEDState
 .bss.LEDOnTime
                0x008021ad        0x2 RealMain.o
                0x008021ad                LEDOnTime
 .bss.LEDOffTime
                0x008021af        0x2 RealMain.o
                0x008021af                LEDOffTime
 .bss.LEDBlinkCount
                0x008021b1        0x2 RealMain.o
                0x008021b1                LEDBlinkCount
 .bss.curLEDBlinkCount
                0x008021b3        0x2 RealMain.o
                0x008021b3                curLEDBlinkCount
 .bss.fanEnabled
                0x008021b5        0x1 RealMain.o
                0x008021b5                fanEnabled
 .bss.pumpEnabled
                0x008021b6        0x1 RealMain.o
                0x008021b6                pumpEnabled
 .bss.heaterEnabled
                0x008021b7        0x1 RealMain.o
                0x008021b7                heaterEnabled
 .bss.RTDMsgAvailable
                0x008021b8        0x1 RealMain.o
                0x008021b8                RTDMsgAvailable
 .bss.tempSetPoint
                0x008021b9        0x4 RealMain.o
                0x008021b9                tempSetPoint
 .bss.curTemp   0x008021bd        0x4 RealMain.o
                0x008021bd                curTemp
 .bss.tempProbeType
                0x008021c1        0x1 RealMain.o
                0x008021c1                tempProbeType
 .bss.heaterDCOffset
                0x008021c2        0x4 RealMain.o
                0x008021c2                heaterDCOffset
 .bss.USBDataReceived
                0x008021c6        0x1 RealMain.o
                0x008021c6                USBDataReceived
 .bss.USBReady  0x008021c7        0x1 RealMain.o
                0x008021c7                USBReady
 .bss.TECPWMDutyA
                0x008021c8        0x1 RealMain.o
                0x008021c8                TECPWMDutyA
 .bss.TECPWMDutyB
                0x008021c9        0x1 RealMain.o
                0x008021c9                TECPWMDutyB
 .bss.curTECPWMDutyA
                0x008021ca        0x1 RealMain.o
                0x008021ca                curTECPWMDutyA
 .bss.curTECPWMDutyB
                0x008021cb        0x1 RealMain.o
                0x008021cb                curTECPWMDutyB
 .bss.fanDuty   0x008021cc        0x1 RealMain.o
                0x008021cc                fanDuty
 .bss.WDTResetCount
                0x008021cd        0x4 RealMain.o
                0x008021cd                WDTResetCount
 .bss.WDTResetCountSet
                0x008021d1        0x4 RealMain.o
                0x008021d1                WDTResetCountSet
 .bss.adjSteps  0x008021d5       0x10 RealMain.o
                0x008021d5                adjSteps
 .bss.fanSenseDMABuffer
                0x008021e5       0x40 RealMain.o
 .bss.thermDMABuffer
                0x00802225       0x40 RealMain.o
 .bss.pumpSenseDMABuffer
                0x00802265       0x40 RealMain.o
 *fill*         0x008022a5        0x1 
 .bss.udi_cdc_line_coding
                0x008022a6        0x8 src/ASF/common/services/usb/class/cdc/device/udi_cdc.o
 .bss.udi_cdc_state
                0x008022ae        0x2 src/ASF/common/services/usb/class/cdc/device/udi_cdc.o
 .bss.uid_cdc_state_msg
                0x008022b0        0xa src/ASF/common/services/usb/class/cdc/device/udi_cdc.o
 .bss.udi_cdc_nb_comm_enabled
                0x008022ba        0x1 src/ASF/common/services/usb/class/cdc/device/udi_cdc.o
 .bss.udi_cdc_nb_data_enabled
                0x008022bb        0x1 src/ASF/common/services/usb/class/cdc/device/udi_cdc.o
 .bss.udi_cdc_data_running
                0x008022bc        0x1 src/ASF/common/services/usb/class/cdc/device/udi_cdc.o
 *fill*         0x008022bd        0x1 
 .bss.udi_cdc_rx_buf
                0x008022be       0x80 src/ASF/common/services/usb/class/cdc/device/udi_cdc.o
 .bss.udi_cdc_rx_buf_nb
                0x0080233e        0x4 src/ASF/common/services/usb/class/cdc/device/udi_cdc.o
 .bss.udi_cdc_rx_buf_sel
                0x00802342        0x1 src/ASF/common/services/usb/class/cdc/device/udi_cdc.o
 .bss.udi_cdc_rx_pos
                0x00802343        0x2 src/ASF/common/services/usb/class/cdc/device/udi_cdc.o
 .bss.udi_cdc_rx_trans_ongoing
                0x00802345        0x1 src/ASF/common/services/usb/class/cdc/device/udi_cdc.o
 .bss.udi_cdc_tx_buf
                0x00802346       0x80 src/ASF/common/services/usb/class/cdc/device/udi_cdc.o
 .bss.udi_cdc_tx_buf_nb
                0x008023c6        0x4 src/ASF/common/services/usb/class/cdc/device/udi_cdc.o
 .bss.udi_cdc_tx_buf_sel
                0x008023ca        0x1 src/ASF/common/services/usb/class/cdc/device/udi_cdc.o
 .bss.udi_cdc_tx_sof_num
                0x008023cb        0x2 src/ASF/common/services/usb/class/cdc/device/udi_cdc.o
 .bss.udi_cdc_tx_trans_ongoing
                0x008023cd        0x1 src/ASF/common/services/usb/class/cdc/device/udi_cdc.o
 .bss.udi_cdc_tx_both_buf_to_send
                0x008023ce        0x1 src/ASF/common/services/usb/class/cdc/device/udi_cdc.o
 .bss.port_notify.5162
                0x008023cf        0x1 src/ASF/common/services/usb/class/cdc/device/udi_cdc.o
 .bss.sof_zlp_counter.5232
                0x008023d0        0x2 src/ASF/common/services/usb/class/cdc/device/udi_cdc.o
 .bss.udc_device_status
                0x008023d2        0x2 src/ASF/common/services/usb/udc/udc.o
 .bss.udc_iface_setting
                0x008023d4        0x2 src/ASF/common/services/usb/udc/udc.o
 .bss.udc_num_configuration
                0x008023d6        0x2 src/ASF/common/services/usb/udc/udc.o
 .bss.udc_ptr_conf
                0x008023d8        0x2 src/ASF/common/services/usb/udc/udc.o
 .bss.udc_ptr_iface
                0x008023da        0x2 src/ASF/common/services/usb/udc/udc.o
 .bss.udc_ep_status.4931
                0x008023dc        0x2 src/ASF/common/services/usb/udc/udc.o
 .bss.udd_b_idle
                0x008023de        0x1 src/ASF/xmega/drivers/usb/usb_device.o
 *fill*         0x008023df        0x1 
 .bss.udd_sram  0x008023e0       0x50 src/ASF/xmega/drivers/usb/usb_device.o
 .bss.udd_ep_control_state
                0x00802430        0x1 src/ASF/xmega/drivers/usb/usb_device.o
 .bss.udd_ctrl_prev_payload_nb_trans
                0x00802431        0x2 src/ASF/xmega/drivers/usb/usb_device.o
 .bss.udd_ctrl_payload_nb_trans
                0x00802433        0x2 src/ASF/xmega/drivers/usb/usb_device.o
 .bss.udd_ctrl_buffer
                0x00802435       0x40 src/ASF/xmega/drivers/usb/usb_device.o
 .bss.udd_ep_job
                0x00802475       0x24 src/ASF/xmega/drivers/usb/usb_device.o
 .bss.udd_ep_out_cache_buffer
                0x00802499       0x80 src/ASF/xmega/drivers/usb/usb_device.o
 .bss.b_shortpacket.5649
                0x00802519        0x1 src/ASF/xmega/drivers/usb/usb_device.o
 .bss.dataTransferAuth
                0x0080251a        0x1 USB_Wrapper.o
 .bss.dataCount
                0x0080251b        0x2 USB_Wrapper.o
                0x0080251b                dataCount
 .bss.adca_enable_count
                0x0080251d        0x1 src/ASF/xmega/drivers/adc/adc.o
 .bss.adcb_enable_count
                0x0080251e        0x1 src/ASF/xmega/drivers/adc/adc.o
 .bss.tc_tcc0_ovf_callback
                0x0080251f        0x2 src/ASF/xmega/drivers/tc/tc.o
 .bss.tc_tcc0_err_callback
                0x00802521        0x2 src/ASF/xmega/drivers/tc/tc.o
 .bss.tc_tcc0_cca_callback
                0x00802523        0x2 src/ASF/xmega/drivers/tc/tc.o
 .bss.tc_tcc0_ccb_callback
                0x00802525        0x2 src/ASF/xmega/drivers/tc/tc.o
 .bss.tc_tcc0_ccc_callback
                0x00802527        0x2 src/ASF/xmega/drivers/tc/tc.o
 .bss.tc_tcc0_ccd_callback
                0x00802529        0x2 src/ASF/xmega/drivers/tc/tc.o
 .bss.tc_tcc1_ovf_callback
                0x0080252b        0x2 src/ASF/xmega/drivers/tc/tc.o
 .bss.tc_tcc1_err_callback
                0x0080252d        0x2 src/ASF/xmega/drivers/tc/tc.o
 .bss.tc_tcc1_cca_callback
                0x0080252f        0x2 src/ASF/xmega/drivers/tc/tc.o
 .bss.tc_tcc1_ccb_callback
                0x00802531        0x2 src/ASF/xmega/drivers/tc/tc.o
 .bss.tc_tcd0_ovf_callback
                0x00802533        0x2 src/ASF/xmega/drivers/tc/tc.o
 .bss.tc_tcd0_err_callback
                0x00802535        0x2 src/ASF/xmega/drivers/tc/tc.o
 .bss.tc_tcd0_cca_callback
                0x00802537        0x2 src/ASF/xmega/drivers/tc/tc.o
 .bss.tc_tcd0_ccb_callback
                0x00802539        0x2 src/ASF/xmega/drivers/tc/tc.o
 .bss.tc_tcd0_ccc_callback
                0x0080253b        0x2 src/ASF/xmega/drivers/tc/tc.o
 .bss.tc_tcd0_ccd_callback
                0x0080253d        0x2 src/ASF/xmega/drivers/tc/tc.o
 .bss.tc_tcd1_ovf_callback
                0x0080253f        0x2 src/ASF/xmega/drivers/tc/tc.o
 .bss.tc_tcd1_err_callback
                0x00802541        0x2 src/ASF/xmega/drivers/tc/tc.o
 .bss.tc_tcd1_cca_callback
                0x00802543        0x2 src/ASF/xmega/drivers/tc/tc.o
 .bss.tc_tcd1_ccb_callback
                0x00802545        0x2 src/ASF/xmega/drivers/tc/tc.o
 .bss.tc_tce0_ovf_callback
                0x00802547        0x2 src/ASF/xmega/drivers/tc/tc.o
 .bss.tc_tce0_err_callback
                0x00802549        0x2 src/ASF/xmega/drivers/tc/tc.o
 .bss.tc_tce0_cca_callback
                0x0080254b        0x2 src/ASF/xmega/drivers/tc/tc.o
 .bss.tc_tce0_ccb_callback
                0x0080254d        0x2 src/ASF/xmega/drivers/tc/tc.o
 .bss.tc_tce0_ccc_callback
                0x0080254f        0x2 src/ASF/xmega/drivers/tc/tc.o
 .bss.tc_tce0_ccd_callback
                0x00802551        0x2 src/ASF/xmega/drivers/tc/tc.o
 .bss.tc_tce1_ovf_callback
                0x00802553        0x2 src/ASF/xmega/drivers/tc/tc.o
 .bss.tc_tce1_err_callback
                0x00802555        0x2 src/ASF/xmega/drivers/tc/tc.o
 .bss.tc_tce1_cca_callback
                0x00802557        0x2 src/ASF/xmega/drivers/tc/tc.o
 .bss.tc_tce1_ccb_callback
                0x00802559        0x2 src/ASF/xmega/drivers/tc/tc.o
 .bss.tc_tcf0_ovf_callback
                0x0080255b        0x2 src/ASF/xmega/drivers/tc/tc.o
 .bss.tc_tcf0_err_callback
                0x0080255d        0x2 src/ASF/xmega/drivers/tc/tc.o
 .bss.tc_tcf0_cca_callback
                0x0080255f        0x2 src/ASF/xmega/drivers/tc/tc.o
 .bss.tc_tcf0_ccb_callback
                0x00802561        0x2 src/ASF/xmega/drivers/tc/tc.o
 .bss.tc_tcf0_ccc_callback
                0x00802563        0x2 src/ASF/xmega/drivers/tc/tc.o
 .bss.tc_tcf0_ccd_callback